Component: ARM Compiler 5.06 update 6 (build 750) Tool: armlink [4d35ed]

==============================================================================

Section Cross References

    system_cs32l010.o(i.SystemCoreClockUpdate) refers to aeabi_sdiv.o(.text) for __aeabi_uidivmod
    system_cs32l010.o(i.SystemCoreClockUpdate) refers to system_cs32l010.o(.data) for SystemCoreClock
    startup_cs32l010.o(STACK) refers (Special) to heapauxi.o(.text) for __use_two_region_memory
    startup_cs32l010.o(HEAP) refers (Special) to heapauxi.o(.text) for __use_two_region_memory
    startup_cs32l010.o(RESET) refers (Special) to heapauxi.o(.text) for __use_two_region_memory
    startup_cs32l010.o(RESET) refers to startup_cs32l010.o(STACK) for __initial_sp
    startup_cs32l010.o(RESET) refers to startup_cs32l010.o(.text) for Reset_Handler
    startup_cs32l010.o(RESET) refers to cs32l010_it.o(i.NMI_Handler) for NMI_Handler
    startup_cs32l010.o(RESET) refers to cs32l010_it.o(i.HardFault_Handler) for HardFault_Handler
    startup_cs32l010.o(RESET) refers to cs32l010_it.o(i.SVC_Handler) for SVC_Handler
    startup_cs32l010.o(RESET) refers to cs32l010_it.o(i.PendSV_Handler) for PendSV_Handler
    startup_cs32l010.o(RESET) refers to cs32l010_it.o(i.SysTick_Handler) for SysTick_Handler
    startup_cs32l010.o(RESET) refers to cs32l010_it.o(i.GPIOA_IRQHandler) for GPIOA_IRQHandler
    startup_cs32l010.o(RESET) refers to cs32l010_it.o(i.GPIOB_IRQHandler) for GPIOB_IRQHandler
    startup_cs32l010.o(RESET) refers to cs32l010_it.o(i.GPIOC_IRQHandler) for GPIOC_IRQHandler
    startup_cs32l010.o(RESET) refers to cs32l010_it.o(i.GPIOD_IRQHandler) for GPIOD_IRQHandler
    startup_cs32l010.o(RESET) refers to cs32l010_it.o(i.FLASH_IRQHandler) for FLASH_IRQHandler
    startup_cs32l010.o(RESET) refers to cs32l010_it.o(i.UART0_IRQHandler) for UART0_IRQHandler
    startup_cs32l010.o(RESET) refers to cs32l010_it.o(i.UART1_IRQHandler) for UART1_IRQHandler
    startup_cs32l010.o(RESET) refers to cs32l010_it.o(i.LPUART_IRQHandler) for LPUART_IRQHandler
    startup_cs32l010.o(RESET) refers to cs32l010_it.o(i.SPI_IRQHandler) for SPI_IRQHandler
    startup_cs32l010.o(RESET) refers to cs32l010_it.o(i.I2C_IRQHandler) for I2C_IRQHandler
    startup_cs32l010.o(RESET) refers to cs32l010_it.o(i.TIM10_IRQHandler) for TIM10_IRQHandler
    startup_cs32l010.o(RESET) refers to cs32l010_it.o(i.TIM11_IRQHandler) for TIM11_IRQHandler
    startup_cs32l010.o(RESET) refers to cs32l010_it.o(i.LPTIM_IRQHandler) for LPTIM_IRQHandler
    startup_cs32l010.o(RESET) refers to cs32l010_it.o(i.TIM1_IRQHandler) for TIM1_IRQHandler
    startup_cs32l010.o(RESET) refers to cs32l010_it.o(i.TIM2_IRQHandler) for TIM2_IRQHandler
    startup_cs32l010.o(RESET) refers to cs32l010_it.o(i.PCA_IRQHandler) for PCA_IRQHandler
    startup_cs32l010.o(RESET) refers to cs32l010_it.o(i.WWDG_IRQHandler) for WWDG_IRQHandler
    startup_cs32l010.o(RESET) refers to cs32l010_it.o(i.IWDG_IRQHandler) for IWDG_IRQHandler
    startup_cs32l010.o(RESET) refers to cs32l010_it.o(i.ADC_IRQHandler) for ADC_IRQHandler
    startup_cs32l010.o(RESET) refers to cs32l010_it.o(i.LVD_IRQHandler) for LVD_IRQHandler
    startup_cs32l010.o(RESET) refers to cs32l010_it.o(i.VC_IRQHandler) for VC_IRQHandler
    startup_cs32l010.o(RESET) refers to cs32l010_it.o(i.AWK_IRQHandler) for AWK_IRQHandler
    startup_cs32l010.o(RESET) refers to cs32l010_it.o(i.OWIRE_IRQHandler) for OWIRE_IRQHandler
    startup_cs32l010.o(RESET) refers to cs32l010_it.o(i.RTC_IRQHandler) for RTC_IRQHandler
    startup_cs32l010.o(RESET) refers to cs32l010_it.o(i.CLKTRIM_IRQHandler) for CLKTRIM_IRQHandler
    startup_cs32l010.o(.text) refers (Special) to heapauxi.o(.text) for __use_two_region_memory
    startup_cs32l010.o(.text) refers to system_cs32l010.o(i.SystemInit) for SystemInit
    startup_cs32l010.o(.text) refers to __main.o(!!!main) for __main
    startup_cs32l010.o(.text) refers to startup_cs32l010.o(HEAP) for Heap_Mem
    startup_cs32l010.o(.text) refers to startup_cs32l010.o(STACK) for Stack_Mem
    cs32l010_hal.o(i.HAL_DeInit) refers to cs32l010_hal.o(i.HAL_MspDeInit) for HAL_MspDeInit
    cs32l010_hal.o(i.HAL_Delay) refers to cs32l010_hal.o(i.HAL_GetTick) for HAL_GetTick
    cs32l010_hal.o(i.HAL_Delay) refers to cs32l010_hal.o(.data) for uwTickFreq
    cs32l010_hal.o(i.HAL_GetTick) refers to cs32l010_hal.o(.data) for uwTick
    cs32l010_hal.o(i.HAL_GetTickFreq) refers to cs32l010_hal.o(.data) for uwTickFreq
    cs32l010_hal.o(i.HAL_GetTickPrio) refers to cs32l010_hal.o(.data) for uwTickPrio
    cs32l010_hal.o(i.HAL_IncTick) refers to cs32l010_hal.o(.data) for uwTick
    cs32l010_hal.o(i.HAL_Init) refers to cs32l010_hal.o(i.HAL_InitTick) for HAL_InitTick
    cs32l010_hal.o(i.HAL_Init) refers to cs32l010_hal_msp.o(i.HAL_MspInit) for HAL_MspInit
    cs32l010_hal.o(i.HAL_InitTick) refers to aeabi_sdiv.o(.text) for __aeabi_uidivmod
    cs32l010_hal.o(i.HAL_InitTick) refers to cs32l010_hal_cortex.o(i.HAL_SYSTICK_Config) for HAL_SYSTICK_Config
[...]
    Removing cs32l010_hal_clktrim.o(.rev16_text), (4 bytes).
    Removing cs32l010_hal_clktrim.o(.revsh_text), (4 bytes).
    Removing cs32l010_hal_clktrim.o(i.CLKTRIM_SetConfig), (68 bytes).
    Removing cs32l010_hal_clktrim.o(i.HAL_CLKTRIM_DeInit), (52 bytes).
    Removing cs32l010_hal_clktrim.o(i.HAL_CLKTRIM_Disable), (38 bytes).
    Removing cs32l010_hal_clktrim.o(i.HAL_CLKTRIM_Enable), (26 bytes).
    Removing cs32l010_hal_clktrim.o(i.HAL_CLKTRIM_Enable_IT), (38 bytes).
    Removing cs32l010_hal_clktrim.o(i.HAL_CLKTRIM_Init), (44 bytes).
    Removing cs32l010_hal_clktrim.o(i.HAL_CLKTRIM_MspDeInit), (2 bytes).
    Removing cs32l010_hal_clktrim.o(i.HAL_CLKTRIM_MspInit), (2 bytes).
    Removing cs32l010_hal_cortex.o(.rev16_text), (4 bytes).
    Removing cs32l010_hal_cortex.o(.revsh_text), (4 bytes).
    Removing cs32l010_hal_cortex.o(i.HAL_NVIC_ClearPendingIRQ), (24 bytes).
    Removing cs32l010_hal_cortex.o(i.HAL_NVIC_DisableIRQ), (24 bytes).
    Removing cs32l010_hal_cortex.o(i.HAL_NVIC_EnableIRQ), (24 bytes).
    Removing cs32l010_hal_cortex.o(i.HAL_NVIC_GetPendingIRQ), (40 bytes).
    Removing cs32l010_hal_cortex.o(i.HAL_NVIC_GetPriority), (48 bytes).
    Removing cs32l010_hal_cortex.o(i.HAL_NVIC_SetPendingIRQ), (24 bytes).
    Removing cs32l010_hal_cortex.o(i.HAL_NVIC_SystemReset), (56 bytes).
    Removing cs32l010_hal_cortex.o(i.HAL_SYSTICK_CLKSourceConfig), (36 bytes).
    Removing cs32l010_hal_cortex.o(i.HAL_SYSTICK_Callback), (2 bytes).
    Removing cs32l010_hal_cortex.o(i.HAL_SYSTICK_IRQHandler), (8 bytes).
    Removing cs32l010_hal_crc.o(.rev16_text), (4 bytes).
    Removing cs32l010_hal_crc.o(.revsh_text), (4 bytes).
    Removing cs32l010_hal_crc.o(i.HAL_CRC_Accumulate), (66 bytes).
    Removing cs32l010_hal_crc.o(i.HAL_CRC_Calculate), (108 bytes).
    Removing cs32l010_hal_crc.o(i.HAL_CRC_DeInit), (68 bytes).
    Removing cs32l010_hal_crc.o(i.HAL_CRC_GetState), (6 bytes).
    Removing cs32l010_hal_crc.o(i.HAL_CRC_Init), (44 bytes).
    Removing cs32l010_hal_crc.o(i.HAL_CRC_MspDeInit), (2 bytes).
    Removing cs32l010_hal_crc.o(i.HAL_CRC_MspInit), (2 bytes).
    Removing cs32l010_hal_crc.o(i.HAL_Get_CRC_RESULT_FLAG), (24 bytes).
    Removing cs32l010_hal_gpio.o(.rev16_text), (4 bytes).
    Removing cs32l010_hal_gpio.o(.revsh_text), (4 bytes).
    Removing cs32l010_hal_gpio.o(i.HAL_GPIO_DeInit), (130 bytes).
    Removing cs32l010_hal_gpio.o(i.HAL_GPIO_EXTI_Callback), (2 bytes).
    Removing cs32l010_hal_gpio.o(i.HAL_GPIO_EXTI_IRQHandler), (26 bytes).
    Removing cs32l010_hal_i2c.o(.rev16_text), (4 bytes).
    Removing cs32l010_hal_i2c.o(.revsh_text), (4 bytes).
    Removing cs32l010_hal_i2c.o(i.HAL_I2C_ACK_Config), (32 bytes).
    Removing cs32l010_hal_i2c.o(i.HAL_I2C_Check_Flag), (30 bytes).
    Removing cs32l010_hal_i2c.o(i.HAL_I2C_Clear_Interrupt_Flag), (14 bytes).
    Removing cs32l010_hal_i2c.o(i.HAL_I2C_DeInit), (58 bytes).
    Removing cs32l010_hal_i2c.o(i.HAL_I2C_Get_Interrupt_Flag), (14 bytes).
    Removing cs32l010_hal_i2c.o(i.HAL_I2C_IRQHandler), (26 bytes).
    Removing cs32l010_hal_i2c.o(i.HAL_I2C_Init), (242 bytes).
    Removing cs32l010_hal_i2c.o(i.HAL_I2C_MasterCallback), (2 bytes).
    Removing cs32l010_hal_i2c.o(i.HAL_I2C_Master_Receive), (274 bytes).
    Removing cs32l010_hal_i2c.o(i.HAL_I2C_Master_Transmit), (178 bytes).
    Removing cs32l010_hal_i2c.o(i.HAL_I2C_Master_Transmit_NOStop), (176 bytes).
    Removing cs32l010_hal_i2c.o(i.HAL_I2C_MspDeInit), (2 bytes).
    Removing cs32l010_hal_i2c.o(i.HAL_I2C_MspInit), (2 bytes).
    Removing cs32l010_hal_i2c.o(i.HAL_I2C_Receive_Byte), (8 bytes).
    Removing cs32l010_hal_i2c.o(i.HAL_I2C_Send_Address), (42 bytes).
    Removing cs32l010_hal_i2c.o(i.HAL_I2C_Send_Byte), (18 bytes).
    Removing cs32l010_hal_i2c.o(i.HAL_I2C_SlaveCallback), (2 bytes).
    Removing cs32l010_hal_i2c.o(i.HAL_I2C_Slave_Receive), (158 bytes).
    Removing cs32l010_hal_i2c.o(i.HAL_I2C_Slave_Transmit), (144 bytes).
    Removing cs32l010_hal_i2c.o(i.HAL_I2C_Start_Config), (32 bytes).
    Removing cs32l010_hal_i2c.o(i.HAL_I2C_Stop_Config), (44 bytes).
    Removing cs32l010_hal_i2c.o(i.HAL_I2C_Wait_Flag), (58 bytes).
    Removing cs32l010_hal_owire.o(.rev16_text), (4 bytes).
    Removing cs32l010_hal_owire.o(.revsh_text), (4 bytes).
    Removing cs32l010_hal_owire.o(i.HAL_OWIRE_Command_Init), (52 bytes).
    Removing cs32l010_hal_owire.o(i.HAL_OWIRE_Command_Init_IT_Start), (12 bytes).
    Removing cs32l010_hal_owire.o(i.HAL_OWIRE_Command_Rx), (78 bytes).
    Removing cs32l010_hal_owire.o(i.HAL_OWIRE_Command_Rx_IT_Start), (32 bytes).
    Removing cs32l010_hal_owire.o(i.HAL_OWIRE_Command_Tx), (78 bytes).
    Removing cs32l010_hal_owire.o(i.HAL_OWIRE_Command_Tx_IT_Start), (64 bytes).
    Removing cs32l010_hal_owire.o(i.HAL_OWIRE_DeInit), (46 bytes).
    Removing cs32l010_hal_owire.o(i.HAL_OWIRE_ErrorCallback), (2 bytes).
    Removing cs32l010_hal_owire.o(i.HAL_OWIRE_IRQHandler), (84 bytes).
    Removing cs32l010_hal_owire.o(i.HAL_OWIRE_Init), (164 bytes).
    Removing cs32l010_hal_owire.o(i.HAL_OWIRE_InitDoneCallback), (2 bytes).
    Removing cs32l010_hal_owire.o(i.HAL_OWIRE_MspDeInit), (2 bytes).
    Removing cs32l010_hal_owire.o(i.HAL_OWIRE_MspInit), (2 bytes).
    Removing cs32l010_hal_owire.o(i.HAL_OWIRE_Receive), (232 bytes).
    Removing cs32l010_hal_owire.o(i.HAL_OWIRE_Receive_IT), (96 bytes).
    Removing cs32l010_hal_owire.o(i.HAL_OWIRE_RxCpltCallback), (2 bytes).
    Removing cs32l010_hal_owire.o(i.HAL_OWIRE_Transmit), (216 bytes).
    Removing cs32l010_hal_owire.o(i.HAL_OWIRE_TransmitReceive), (314 bytes).
    Removing cs32l010_hal_owire.o(i.HAL_OWIRE_TransmitReceive_IT), (112 bytes).
    Removing cs32l010_hal_owire.o(i.HAL_OWIRE_Transmit_IT), (92 bytes).
    Removing cs32l010_hal_owire.o(i.HAL_OWIRE_TxCpltCallback), (2 bytes).
    Removing cs32l010_hal_owire.o(i.HAL_OWIRE_TxRxCpltCallback), (2 bytes).
    Removing cs32l010_hal_owire.o(i.OWIRE_InitDoneISR), (58 bytes).
    Removing cs32l010_hal_owire.o(i.OWIRE_RxDoneISR), (114 bytes).
    Removing cs32l010_hal_owire.o(i.OWIRE_TxDoneISR), (100 bytes).
    Removing cs32l010_hal_owire.o(i.OWIRE_WaitOnFlagUntilTimeout), (82 bytes).
    Removing cs32l010_hal_pwr.o(.rev16_text), (4 bytes).
    Removing cs32l010_hal_pwr.o(.revsh_text), (4 bytes).
    Removing cs32l010_hal_pwr.o(i.HAL_PWR_DisableSEVOnPend), (20 bytes).
    Removing cs32l010_hal_pwr.o(i.HAL_PWR_DisableSleepOnExit), (20 bytes).
    Removing cs32l010_hal_pwr.o(i.HAL_PWR_EnableSEVOnPend), (20 bytes).
    Removing cs32l010_hal_pwr.o(i.HAL_PWR_EnableSleepOnExit), (20 bytes).
    Removing cs32l010_hal_pwr.o(i.HAL_PWR_EnterDEEPSLEEPMode), (24 bytes).
    Removing cs32l010_hal_pwr.o(i.HAL_PWR_EnterSLEEPMode), (32 bytes).
    Removing cs32l010_hal_rcc.o(.rev16_text), (4 bytes).
    Removing cs32l010_hal_rcc.o(.revsh_text), (4 bytes).
    Removing cs32l010_hal_rcc.o(i.HAL_RCC_DeInit), (368 bytes).
    Removing cs32l010_hal_rcc.o(i.HAL_RCC_GetClockConfig), (36 bytes).
    Removing cs32l010_hal_rcc.o(i.HAL_RCC_GetHCLKFreq), (12 bytes).
    Removing cs32l010_hal_rcc.o(i.HAL_RCC_GetOscConfig), (140 bytes).
    Removing cs32l010_hal_rcc.o(i.HAL_RCC_GetPCLKFreq), (40 bytes).
    Removing cs32l010_hal_rcc.o(i.HAL_RCC_MCOConfig), (120 bytes).
    Removing cs32l010_hal_tim.o(.rev16_text), (4 bytes).
    Removing cs32l010_hal_tim.o(.revsh_text), (4 bytes).
    Removing cs32l010_hal_tim.o(i.HAL_TIM_Base_DeInit), (72 bytes).
    Removing cs32l010_hal_tim.o(i.HAL_TIM_Base_GetState), (6 bytes).
    Removing cs32l010_hal_tim.o(i.HAL_TIM_Base_Init), (46 bytes).
    Removing cs32l010_hal_tim.o(i.HAL_TIM_Base_MspDeInit), (2 bytes).
    Removing cs32l010_hal_tim.o(i.HAL_TIM_Base_MspInit), (2 bytes).
    Removing cs32l010_hal_tim.o(i.HAL_TIM_Base_Start), (26 bytes).
    Removing cs32l010_hal_tim.o(i.HAL_TIM_Base_Start_IT), (30 bytes).
    Removing cs32l010_hal_tim.o(i.HAL_TIM_Base_Stop), (60 bytes).
    Removing cs32l010_hal_tim.o(i.HAL_TIM_Base_Stop_IT), (64 bytes).
    Removing cs32l010_hal_tim.o(i.HAL_TIM_BreakCallback), (2 bytes).
    Removing cs32l010_hal_tim.o(i.HAL_TIM_CommutationCallback), (2 bytes).
    Removing cs32l010_hal_tim.o(i.HAL_TIM_ConfigBreakDeadTime), (148 bytes).
    Removing cs32l010_hal_tim.o(i.HAL_TIM_ConfigClockSource), (308 bytes).
    Removing cs32l010_hal_tim.o(i.HAL_TIM_ConfigOCrefClear), (262 bytes).
    Removing cs32l010_hal_tim.o(i.HAL_TIM_ConfigTI1Input), (34 bytes).
    Removing cs32l010_hal_tim.o(i.HAL_TIM_Encoder_DeInit), (72 bytes).
    Removing cs32l010_hal_tim.o(i.HAL_TIM_Encoder_GetState), (6 bytes).
    Removing cs32l010_hal_tim.o(i.HAL_TIM_Encoder_Init), (188 bytes).
    Removing cs32l010_hal_tim.o(i.HAL_TIM_Encoder_MspDeInit), (2 bytes).
    Removing cs32l010_hal_tim.o(i.HAL_TIM_Encoder_MspInit), (2 bytes).
    Removing cs32l010_hal_tim.o(i.HAL_TIM_Encoder_Start), (80 bytes).
    Removing cs32l010_hal_tim.o(i.HAL_TIM_Encoder_Start_IT), (128 bytes).
    Removing cs32l010_hal_tim.o(i.HAL_TIM_Encoder_Stop), (112 bytes).
    Removing cs32l010_hal_tim.o(i.HAL_TIM_Encoder_Stop_IT), (160 bytes).
    Removing cs32l010_hal_tim.o(i.HAL_TIM_ErrorCallback), (2 bytes).
    Removing cs32l010_hal_tim.o(i.HAL_TIM_GenerateEvent), (44 bytes).
    Removing cs32l010_hal_tim.o(i.HAL_TIM_IC_CaptureCallback), (2 bytes).
    Removing cs32l010_hal_tim.o(i.HAL_TIM_IC_ConfigChannel), (216 bytes).
    Removing cs32l010_hal_tim.o(i.HAL_TIM_IC_DeInit), (72 bytes).
    Removing cs32l010_hal_tim.o(i.HAL_TIM_IC_GetState), (6 bytes).
    Removing cs32l010_hal_tim.o(i.HAL_TIM_IC_Init), (46 bytes).
    Removing cs32l010_hal_tim.o(i.HAL_TIM_IC_MspDeInit), (2 bytes).
    Removing cs32l010_hal_tim.o(i.HAL_TIM_IC_MspInit), (2 bytes).
    Removing cs32l010_hal_tim.o(i.HAL_TIM_IC_Start), (32 bytes).
    Removing cs32l010_hal_tim.o(i.HAL_TIM_IC_Start_IT), (110 bytes).
    Removing cs32l010_hal_tim.o(i.HAL_TIM_IC_Stop), (64 bytes).
    Removing cs32l010_hal_tim.o(i.HAL_TIM_IC_Stop_IT), (144 bytes).
    Removing cs32l010_hal_tim.o(i.HAL_TIM_IRQHandler), (456 bytes).
    Removing cs32l010_hal_tim.o(i.HAL_TIM_OC_ConfigChannel), (108 bytes).
    Removing cs32l010_hal_tim.o(i.HAL_TIM_OC_DeInit), (72 bytes).
    Removing cs32l010_hal_tim.o(i.HAL_TIM_OC_DelayElapsedCallback), (2 bytes).
    Removing cs32l010_hal_tim.o(i.HAL_TIM_OC_GetState), (6 bytes).
    Removing cs32l010_hal_tim.o(i.HAL_TIM_OC_Init), (46 bytes).
    Removing cs32l010_hal_tim.o(i.HAL_TIM_OC_MspDeInit), (2 bytes).
    Removing cs32l010_hal_tim.o(i.HAL_TIM_OC_MspInit), (2 bytes).
    Removing cs32l010_hal_tim.o(i.HAL_TIM_OC_Start), (68 bytes).
    Removing cs32l010_hal_tim.o(i.HAL_TIM_OC_Start_IT), (148 bytes).
    Removing cs32l010_hal_tim.o(i.HAL_TIM_OC_Stop), (128 bytes).
    Removing cs32l010_hal_tim.o(i.HAL_TIM_OC_Stop_IT), (208 bytes).
    Removing cs32l010_hal_tim.o(i.HAL_TIM_OnePulse_ConfigChannel), (286 bytes).
    Removing cs32l010_hal_tim.o(i.HAL_TIM_OnePulse_DeInit), (72 bytes).
    Removing cs32l010_hal_tim.o(i.HAL_TIM_OnePulse_GetState), (6 bytes).
    Removing cs32l010_hal_tim.o(i.HAL_TIM_OnePulse_Init), (70 bytes).
    Removing cs32l010_hal_tim.o(i.HAL_TIM_OnePulse_MspDeInit), (2 bytes).
    Removing cs32l010_hal_tim.o(i.HAL_TIM_OnePulse_MspInit), (2 bytes).
    Removing cs32l010_hal_tim.o(i.HAL_TIM_OnePulse_Start), (68 bytes).
    Removing cs32l010_hal_tim.o(i.HAL_TIM_OnePulse_Start_IT), (92 bytes).
    Removing cs32l010_hal_tim.o(i.HAL_TIM_OnePulse_Stop), (140 bytes).
    Removing cs32l010_hal_tim.o(i.HAL_TIM_OnePulse_Stop_IT), (164 bytes).
    Removing cs32l010_hal_tim.o(i.HAL_TIM_PWMN_Start), (46 bytes).
    Removing cs32l010_hal_tim.o(i.HAL_TIM_PWMN_Start_IT), (118 bytes).
    Removing cs32l010_hal_tim.o(i.HAL_TIM_PWMN_Stop), (108 bytes).
    Removing cs32l010_hal_tim.o(i.HAL_TIM_PWMN_Stop_IT), (196 bytes).
    Removing cs32l010_hal_tim.o(i.HAL_TIM_PWM_ConfigChannel), (264 bytes).
    Removing cs32l010_hal_tim.o(i.HAL_TIM_PWM_DeInit), (72 bytes).
    Removing cs32l010_hal_tim.o(i.HAL_TIM_PWM_GetState), (6 bytes).
    Removing cs32l010_hal_tim.o(i.HAL_TIM_PWM_Init), (46 bytes).
    Removing cs32l010_hal_tim.o(i.HAL_TIM_PWM_MspDeInit), (2 bytes).
    Removing cs32l010_hal_tim.o(i.HAL_TIM_PWM_MspInit), (2 bytes).
    Removing cs32l010_hal_tim.o(i.HAL_TIM_PWM_PulseFinishedCallback), (2 bytes).
    Removing cs32l010_hal_tim.o(i.HAL_TIM_PWM_Start), (68 bytes).
    Removing cs32l010_hal_tim.o(i.HAL_TIM_PWM_Start_IT), (148 bytes).
    Removing cs32l010_hal_tim.o(i.HAL_TIM_PWM_Stop), (132 bytes).
    Removing cs32l010_hal_tim.o(i.HAL_TIM_PWM_Stop_IT), (208 bytes).
    Removing cs32l010_hal_tim.o(i.HAL_TIM_PeriodElapsedCallback), (2 bytes).
    Removing cs32l010_hal_tim.o(i.HAL_TIM_ReadCapturedValue), (80 bytes).
    Removing cs32l010_hal_tim.o(i.HAL_TIM_SlaveConfigSynchronization), (64 bytes).
    Removing cs32l010_hal_tim.o(i.HAL_TIM_SlaveConfigSynchronization_IT), (64 bytes).
    Removing cs32l010_hal_tim.o(i.HAL_TIM_TriggerCallback), (2 bytes).
    Removing cs32l010_hal_tim.o(i.TIM_Base_SetConfig), (104 bytes).
    Removing cs32l010_hal_tim.o(i.TIM_CCxChannelCmd), (28 bytes).
    Removing cs32l010_hal_tim.o(i.TIM_CCxNChannelCmd), (28 bytes).
    Removing cs32l010_hal_tim.o(i.TIM_ETR_SetConfig), (30 bytes).
    Removing cs32l010_hal_tim.o(i.TIM_ITRx_SetConfig), (26 bytes).
    Removing cs32l010_hal_tim.o(i.TIM_OC1_SetConfig), (124 bytes).
    Removing cs32l010_hal_tim.o(i.TIM_OC2_SetConfig), (144 bytes).
    Removing cs32l010_hal_tim.o(i.TIM_OC3_SetConfig), (136 bytes).
    Removing cs32l010_hal_tim.o(i.TIM_OC4_SetConfig), (104 bytes).
    Removing cs32l010_hal_tim.o(i.TIM_SlaveTimer_SetConfig), (172 bytes).
    Removing cs32l010_hal_tim.o(i.TIM_TI1_ConfigInputStage), (54 bytes).
    Removing cs32l010_hal_tim.o(i.TIM_TI1_SetConfig), (100 bytes).
    Removing cs32l010_hal_tim.o(i.TIM_TI2_ConfigInputStage), (54 bytes).
    Removing cs32l010_hal_tim.o(i.TIM_TI2_SetConfig), (76 bytes).
    Removing cs32l010_hal_tim.o(i.TIM_TI3_SetConfig), (74 bytes).
    Removing cs32l010_hal_tim.o(i.TIM_TI4_SetConfig), (82 bytes).
    Removing cs32l010_hal_tim.o(.data), (1 bytes).
    Removing cs32l010_hal_uart.o(.rev16_text), (4 bytes).
    Removing cs32l010_hal_uart.o(.revsh_text), (4 bytes).
    Removing cs32l010_hal_uart.o(i.HAL_HalfDuplex_Init), (80 bytes).
    Removing cs32l010_hal_uart.o(i.HAL_UART_Abort), (44 bytes).
    Removing cs32l010_hal_uart.o(i.HAL_UART_AbortCpltCallback), (2 bytes).
    Removing cs32l010_hal_uart.o(i.HAL_UART_AbortReceive), (36 bytes).
    Removing cs32l010_hal_uart.o(i.HAL_UART_AbortReceiveCpltCallback), (2 bytes).
    Removing cs32l010_hal_uart.o(i.HAL_UART_AbortTransmit), (36 bytes).
    Removing cs32l010_hal_uart.o(i.HAL_UART_AbortTransmitCpltCallback), (2 bytes).
    Removing cs32l010_hal_uart.o(i.HAL_UART_DeInit), (50 bytes).
    Removing cs32l010_hal_uart.o(i.HAL_UART_ErrorCallback), (2 bytes).
    Removing cs32l010_hal_uart.o(i.HAL_UART_GetError), (6 bytes).
    Removing cs32l010_hal_uart.o(i.HAL_UART_GetState), (20 bytes).
    Removing cs32l010_hal_uart.o(i.HAL_UART_IRQHandler), (160 bytes).
    Removing cs32l010_hal_uart.o(i.HAL_UART_Init), (62 bytes).
    Removing cs32l010_hal_uart.o(i.HAL_UART_MspDeInit), (2 bytes).
    Removing cs32l010_hal_uart.o(i.HAL_UART_MspInit), (2 bytes).
    Removing cs32l010_hal_uart.o(i.HAL_UART_Receive), (404 bytes).
    Removing cs32l010_hal_uart.o(i.HAL_UART_Receive_IT), (92 bytes).
    Removing cs32l010_hal_uart.o(i.HAL_UART_RxCpltCallback), (2 bytes).
    Removing cs32l010_hal_uart.o(i.HAL_UART_Transmit), (292 bytes).
    Removing cs32l010_hal_uart.o(i.HAL_UART_Transmit_IT), (200 bytes).
    Removing cs32l010_hal_uart.o(i.HAL_UART_TxCpltCallback), (2 bytes).
    Removing cs32l010_hal_uart.o(i.UART_Receive_IT), (252 bytes).
    Removing cs32l010_hal_uart.o(i.UART_SetConfig), (70 bytes).
    Removing cs32l010_hal_uart.o(i.UART_Single_Receive_IT), (120 bytes).
    Removing cs32l010_hal_uart.o(i.UART_Transmit_IT), (176 bytes).
    Removing cs32l010_hal_uart.o(i.UART_WaitOnFlagUntilTimeout), (98 bytes).
    Removing cs32l010_hal_uart.o(.constdata), (256 bytes).
    Removing ccc_i2c.o(.rev16_text), (4 bytes).
    Removing ccc_i2c.o(.revsh_text), (4 bytes).
    Removing ccc_i2c_copy_22.o(.rev16_text), (4 bytes).
    Removing ccc_i2c_copy_22.o(.revsh_text), (4 bytes).
    Removing sw3516h.o(.rev16_text), (4 bytes).
    Removing sw3516h.o(.revsh_text), (4 bytes).
    Removing sw3516h.o(i.SW3516_Read_Vin_Vol), (94 bytes).
    Removing sw3516h.o(i.sw3516_Change_PD_1), (52 bytes).
    Removing sw3516h.o(i.sw3516_Check_Port), (18 bytes).
    Removing sw3516h_user.o(.rev16_text), (4 bytes).
    Removing sw3516h_user.o(.revsh_text), (4 bytes).
    Removing main.o(.rev16_text), (4 bytes).
    Removing main.o(.revsh_text), (4 bytes).
    Removing cs32l010_it.o(.rev16_text), (4 bytes).
    Removing cs32l010_it.o(.revsh_text), (4 bytes).
    Removing cs32l010_hal_msp.o(.rev16_text), (4 bytes).
    Removing cs32l010_hal_msp.o(.revsh_text), (4 bytes).

326 unused section(s) (total 20619 bytes) removed from the image.

==============================================================================

Image Symbol Table

    Local Symbols

    Symbol Name                              Value     Ov Type        Size  Object(Section)

    RESET                                    0x00000000   Section      192  startup_cs32l010.o(RESET)
    ../clib/angel/boardlib.s                 0x00000000   Number         0  boardinit3.o ABSOLUTE
    ../clib/angel/boardlib.s                 0x00000000   Number         0  boardshut.o ABSOLUTE
    ../clib/angel/boardlib.s                 0x00000000   Number         0  boardinit2.o ABSOLUTE
    ../clib/angel/boardlib.s                 0x00000000   Number         0  boardinit1.o ABSOLUTE
    ../clib/angel/handlers.s                 0x00000000   Number         0  __scatter_copy.o ABSOLUTE
    ../clib/angel/handlers.s                 0x00000000   Number         0  __scatter_zi.o ABSOLUTE
    ../clib/angel/kernel.s                   0x00000000   Number         0  rtexit.o ABSOLUTE
    ../clib/angel/kernel.s                   0x00000000   Number         0  __rtentry2.o ABSOLUTE
    ../clib/angel/kernel.s                   0x00000000   Number         0  rtexit2.o ABSOLUTE
    ../clib/angel/kernel.s                   0x00000000   Number         0  __rtentry.o ABSOLUTE
    ../clib/angel/kernel.s                   0x00000000   Number         0  __rtentry4.o ABSOLUTE
    ../clib/angel/rt.s                       0x00000000   Number         0  rt_div0.o ABSOLUTE
    ../clib/angel/rt.s                       0x00000000   Number         0  rt_raise.o ABSOLUTE
    ../clib/angel/rt.s                       0x00000000   Number         0  aeabi_idiv0.o ABSOLUTE
    ../clib/angel/rt.s                       0x00000000   Number         0  aeabi_idiv0_sigfpe.o ABSOLUTE
    ../clib/angel/scatterp.s                 0x00000000   Number         0  __scatter.o ABSOLUTE
    ../clib/angel/startup.s                  0x00000000   Number         0  __main.o ABSOLUTE
    ../clib/angel/sys.s                      0x00000000   Number         0  libspace.o ABSOLUTE
    ../clib/angel/sys.s                      0x00000000   Number         0  tempstk.o ABSOLUTE
    ../clib/angel/sys.s                      0x00000000   Number         0  sys_stackheap_outer.o ABSOLUTE
    ../clib/angel/sys.s                      0x00000000   Number         0  use_no_semi.o ABSOLUTE
    ../clib/angel/sys.s                      0x00000000   Number         0  indicate_semi.o ABSOLUTE
    ../clib/angel/sysapp.c                   0x00000000   Number         0  sys_exit.o ABSOLUTE
    ../clib/angel/sysapp.c                   0x00000000   Number         0  sys_wrch.o ABSOLUTE
    ../clib/angel/sysapp.c                   0x00000000   Number         0  sys_command.o ABSOLUTE
    ../clib/armsys.c                         0x00000000   Number         0  _get_argv_nomalloc.o ABSOLUTE
    ../clib/armsys.c                         0x00000000   Number         0  no_argv.o ABSOLUTE
    ../clib/armsys.c                         0x00000000   Number         0  argv_veneer.o ABSOLUTE
    ../clib/division.s                       0x00000000   Number         0  aeabi_sdiv_div0.o ABSOLUTE
    ../clib/division.s                       0x00000000   Number         0  aeabi_sdiv.o ABSOLUTE
    ../clib/heapalloc.c                      0x00000000   Number         0  hrguard.o ABSOLUTE
    ../clib/heapaux.c                        0x00000000   Number         0  heapauxi.o ABSOLUTE
    ../clib/libinit.s                        0x00000000   Number         0  libshutdown2.o ABSOLUTE
    ../clib/libinit.s                        0x00000000   Number         0  libshutdown.o ABSOLUTE
    ../clib/libinit.s                        0x00000000   Number         0  libinit2.o ABSOLUTE
    ../clib/libinit.s                        0x00000000   Number         0  libinit.o ABSOLUTE
    ../clib/memcpset.c                       0x00000000   Number         0  rt_memclr.o ABSOLUTE
    ../clib/signal.c                         0x00000000   Number         0  defsig_other.o ABSOLUTE
    ../clib/signal.c                         0x00000000   Number         0  defsig_segv_inner.o ABSOLUTE
    ../clib/signal.c                         0x00000000   Number         0  defsig_general.o ABSOLUTE
    ../clib/signal.c                         0x00000000   Number         0  __raise.o ABSOLUTE
    ../clib/signal.c                         0x00000000   Number         0  defsig_cppl_inner.o ABSOLUTE
    ../clib/signal.c                         0x00000000   Number         0  defsig_pvfn_inner.o ABSOLUTE
    ../clib/signal.c                         0x00000000   Number         0  defsig_fpe_inner.o ABSOLUTE
    ../clib/signal.c                         0x00000000   Number         0  defsig_exit.o ABSOLUTE
    ../clib/signal.c                         0x00000000   Number         0  defsig_stak_inner.o ABSOLUTE
    ../clib/signal.c                         0x00000000   Number         0  defsig_rtmem_formal.o ABSOLUTE
    ../clib/signal.c                         0x00000000   Number         0  defsig_rtmem_outer.o ABSOLUTE
    ../clib/signal.c                         0x00000000   Number         0  defsig_rtmem_inner.o ABSOLUTE
    ../clib/signal.c                         0x00000000   Number         0  defsig_rtred_inner.o ABSOLUTE
    ../clib/signal.c                         0x00000000   Number         0  defsig_fpe_formal.o ABSOLUTE
    ../clib/signal.c                         0x00000000   Number         0  defsig_fpe_outer.o ABSOLUTE
    ../clib/signal.c                         0x00000000   Number         0  defsig_abrt_inner.o ABSOLUTE
    ../clib/signal.s                         0x00000000   Number         0  defsig.o ABSOLUTE
    ../clib/stdlib.c                         0x00000000   Number         0  exit.o ABSOLUTE
    ../fplib/cfplib/fpinit.c                 0x00000000   Number         0  fpinit.o ABSOLUTE
    ..\APP\CCC_i2c.c                         0x00000000   Number         0  ccc_i2c.o ABSOLUTE
    ..\APP\CCC_i2c_COPY_22.c                 0x00000000   Number         0  ccc_i2c_copy_22.o ABSOLUTE
    ..\APP\SW3516H.C                         0x00000000   Number         0  sw3516h.o ABSOLUTE
    ..\APP\SW3516H_User.C                    0x00000000   Number         0  sw3516h_user.o ABSOLUTE
    ..\CMSIS\Device\CS32L010\Source\ARM\startup_cs32l010.s 0x00000000   Number         0  startup_cs32l010.o ABSOLUTE
    ..\CMSIS\Device\CS32L010\Source\system_cs32l010.c 0x00000000   Number         0  system_cs32l010.o ABSOLUTE
    ..\CS32L010_HAL_Driver\Src\cs32l010_hal.c 0x00000000   Number         0  cs32l010_hal.o ABSOLUTE
    ..\CS32L010_HAL_Driver\Src\cs32l010_hal_adc.c 0x00000000   Number         0  cs32l010_hal_adc.o ABSOLUTE
    ..\CS32L010_HAL_Driver\Src\cs32l010_hal_awk.c 0x00000000   Number         0  cs32l010_hal_awk.o ABSOLUTE
    ..\CS32L010_HAL_Driver\Src\cs32l010_hal_basetim.c 0x00000000   Number         0  cs32l010_hal_basetim.o ABSOLUTE
    ..\CS32L010_HAL_Driver\Src\cs32l010_hal_clktrim.c 0x00000000   Number         0  cs32l010_hal_clktrim.o ABSOLUTE
    ..\CS32L010_HAL_Driver\Src\cs32l010_hal_cortex.c 0x00000000   Number         0  cs32l010_hal_cortex.o ABSOLUTE
    ..\CS32L010_HAL_Driver\Src\cs32l010_hal_crc.c 0x00000000   Number         0  cs32l010_hal_crc.o ABSOLUTE
    ..\CS32L010_HAL_Driver\Src\cs32l010_hal_gpio.c 0x00000000   Number         0  cs32l010_hal_gpio.o ABSOLUTE
    ..\CS32L010_HAL_Driver\Src\cs32l010_hal_i2c.c 0x00000000   Number         0  cs32l010_hal_i2c.o ABSOLUTE
    ..\CS32L010_HAL_Driver\Src\cs32l010_hal_owire.c 0x00000000   Number         0  cs32l010_hal_owire.o ABSOLUTE
    ..\CS32L010_HAL_Driver\Src\cs32l010_hal_pwr.c 0x00000000   Number         0  cs32l010_hal_pwr.o ABSOLUTE
    ..\CS32L010_HAL_Driver\Src\cs32l010_hal_rcc.c 0x00000000   Number         0  cs32l010_hal_rcc.o ABSOLUTE
    ..\CS32L010_HAL_Driver\Src\cs32l010_hal_tim.c 0x00000000   Number         0  cs32l010_hal_tim.o ABSOLUTE
    ..\CS32L010_HAL_Driver\Src\cs32l010_hal_uart.c 0x00000000   Number         0  cs32l010_hal_uart.o ABSOLUTE
    ..\\APP\\CCC_i2c.c                       0x00000000   Number         0  ccc_i2c.o ABSOLUTE
    ..\\APP\\CCC_i2c_COPY_22.c               0x00000000   Number         0  ccc_i2c_copy_22.o ABSOLUTE
    ..\\APP\\SW3516H.C                       0x00000000   Number         0  sw3516h.o ABSOLUTE
    ..\\APP\\SW3516H_User.C                  0x00000000   Number         0  sw3516h_user.o ABSOLUTE
    ..\\CMSIS\\Device\\CS32L010\\Source\\system_cs32l010.c 0x00000000   Number         0  system_cs32l010.o ABSOLUTE
    ..\\CS32L010_HAL_Driver\\Src\\cs32l010_hal.c 0x00000000   Number         0  cs32l010_hal.o ABSOLUTE
    ..\\CS32L010_HAL_Driver\\Src\\cs32l010_hal_adc.c 0x00000000   Number         0  cs32l010_hal_adc.o ABSOLUTE
    ..\\CS32L010_HAL_Driver\\Src\\cs32l010_hal_awk.c 0x00000000   Number         0  cs32l010_hal_awk.o ABSOLUTE
    ..\\CS32L010_HAL_Driver\\Src\\cs32l010_hal_basetim.c 0x00000000   Number         0  cs32l010_hal_basetim.o ABSOLUTE
    ..\\CS32L010_HAL_Driver\\Src\\cs32l010_hal_clktrim.c 0x00000000   Number         0  cs32l010_hal_clktrim.o ABSOLUTE
    ..\\CS32L010_HAL_Driver\\Src\\cs32l010_hal_cortex.c 0x00000000   Number         0  cs32l010_hal_cortex.o ABSOLUTE
    ..\\CS32L010_HAL_Driver\\Src\\cs32l010_hal_crc.c 0x00000000   Number         0  cs32l010_hal_crc.o ABSOLUTE
    ..\\CS32L010_HAL_Driver\\Src\\cs32l010_hal_gpio.c 0x00000000   Number         0  cs32l010_hal_gpio.o ABSOLUTE
    ..\\CS32L010_HAL_Driver\\Src\\cs32l010_hal_i2c.c 0x00000000   Number         0  cs32l010_hal_i2c.o ABSOLUTE
    ..\\CS32L010_HAL_Driver\\Src\\cs32l010_hal_owire.c 0x00000000   Number         0  cs32l010_hal_owire.o ABSOLUTE
    ..\\CS32L010_HAL_Driver\\Src\\cs32l010_hal_pwr.c 0x00000000   Number         0  cs32l010_hal_pwr.o ABSOLUTE
    ..\\CS32L010_HAL_Driver\\Src\\cs32l010_hal_rcc.c 0x00000000   Number         0  cs32l010_hal_rcc.o ABSOLUTE
    ..\\CS32L010_HAL_Driver\\Src\\cs32l010_hal_tim.c 0x00000000   Number         0  cs32l010_hal_tim.o ABSOLUTE
    ..\\CS32L010_HAL_Driver\\Src\\cs32l010_hal_uart.c 0x00000000   Number         0  cs32l010_hal_uart.o ABSOLUTE
    ..\\cs32l010_hal_msp.c                   0x00000000   Number         0  cs32l010_hal_msp.o ABSOLUTE
    ..\\cs32l010_it.c                        0x00000000   Number         0  cs32l010_it.o ABSOLUTE
    ..\\main.c                               0x00000000   Number         0  main.o ABSOLUTE
    ..\cs32l010_hal_msp.c                    0x00000000   Number         0  cs32l010_hal_msp.o ABSOLUTE
    ..\cs32l010_it.c                         0x00000000   Number         0  cs32l010_it.o ABSOLUTE
    ..\main.c                                0x00000000   Number         0  main.o ABSOLUTE
    dc.s                                     0x00000000   Number         0  dc.o ABSOLUTE
    !!!main                                  0x000000c0   Section        8  __main.o(!!!main)
    !!!scatter                               0x000000c8   Section       60  __scatter.o(!!!scatter)
    !!handler_copy                           0x00000104   Section       26  __scatter_copy.o(!!handler_copy)
    !!handler_zi                             0x00000120   Section       28  __scatter_zi.o(!!handler_zi)
    .ARM.Collect$$libinit$$00000000          0x0000013c   Section        2  libinit.o(.ARM.Collect$$libinit$$00000000)
    .ARM.Collect$$libinit$$00000002          0x0000013e   Section        0  libinit2.o(.ARM.Collect$$libinit$$00000002)
    .ARM.Collect$$libinit$$00000004          0x0000013e   Section        0  libinit2.o(.ARM.Collect$$libinit$$00000004)
    .ARM.Collect$$libinit$$0000000A          0x0000013e   Section        0  libinit2.o(.ARM.Collect$$libinit$$0000000A)
    .ARM.Collect$$libinit$$0000000C          0x0000013e   Section        0  libinit2.o(.ARM.Collect$$libinit$$0000000C)
    .ARM.Collect$$libinit$$0000000E          0x0000013e   Section        0  libinit2.o(.ARM.Collect$$libinit$$0000000E)
    .ARM.Collect$$libinit$$00000011          0x0000013e   Section        0  libinit2.o(.ARM.Collect$$libinit$$00000011)
    .ARM.Collect$$libinit$$00000013          0x0000013e   Section        0  libinit2.o(.ARM.Collect$$libinit$$00000013)
    .ARM.Collect$$libinit$$00000015          0x0000013e   Section        0  libinit2.o(.ARM.Collect$$libinit$$00000015)
    .ARM.Collect$$libinit$$00000017          0x0000013e   Section        0  libinit2.o(.ARM.Collect$$libinit$$00000017)
    .ARM.Collect$$libinit$$00000019          0x0000013e   Section        0  libinit2.o(.ARM.Collect$$libinit$$00000019)
    .ARM.Collect$$libinit$$0000001B          0x0000013e   Section        0  libinit2.o(.ARM.Collect$$libinit$$0000001B)
    .ARM.Collect$$libinit$$0000001D          0x0000013e   Section        0  libinit2.o(.ARM.Collect$$libinit$$0000001D)
    .ARM.Collect$$libinit$$0000001F          0x0000013e   Section        0  libinit2.o(.ARM.Collect$$libinit$$0000001F)
    .ARM.Collect$$libinit$$00000021          0x0000013e   Section        0  libinit2.o(.ARM.Collect$$libinit$$00000021)
    .ARM.Collect$$libinit$$00000023          0x0000013e   Section        0  libinit2.o(.ARM.Collect$$libinit$$00000023)
    .ARM.Collect$$libinit$$00000025          0x0000013e   Section        0  libinit2.o(.ARM.Collect$$libinit$$00000025)
    .ARM.Collect$$libinit$$0000002C          0x0000013e   Section        0  libinit2.o(.ARM.Collect$$libinit$$0000002C)
    .ARM.Collect$$libinit$$0000002E          0x0000013e   Section        0  libinit2.o(.ARM.Collect$$libinit$$0000002E)
    .ARM.Collect$$libinit$$00000030          0x0000013e   Section        0  libinit2.o(.ARM.Collect$$libinit$$00000030)
    .ARM.Collect$$libinit$$00000032          0x0000013e   Section        0  libinit2.o(.ARM.Collect$$libinit$$00000032)
    .ARM.Collect$$libinit$$00000033          0x0000013e   Section        2  libinit2.o(.ARM.Collect$$libinit$$00000033)
    .ARM.Collect$$libshutdown$$00000000      0x00000140   Section        2  libshutdown.o(.ARM.Collect$$libshutdown$$00000000)
    .ARM.Collect$$libshutdown$$00000002      0x00000142   Section        0  libshutdown2.o(.ARM.Collect$$libshutdown$$00000002)
    .ARM.Collect$$libshutdown$$00000004      0x00000142   Section        0  libshutdown2.o(.ARM.Collect$$libshutdown$$00000004)
    .ARM.Collect$$libshutdown$$00000007      0x00000142   Section        0  libshutdown2.o(.ARM.Collect$$libshutdown$$00000007)
    .ARM.Collect$$libshutdown$$0000000A      0x00000142   Section        0  libshutdown2.o(.ARM.Collect$$libshutdown$$0000000A)
    .ARM.Collect$$libshutdown$$0000000C      0x00000142   Section        0  libshutdown2.o(.ARM.Collect$$libshutdown$$0000000C)
    .ARM.Collect$$libshutdown$$0000000F      0x00000142   Section        0  libshutdown2.o(.ARM.Collect$$libshutdown$$0000000F)
    .ARM.Collect$$libshutdown$$00000010      0x00000142   Section        2  libshutdown2.o(.ARM.Collect$$libshutdown$$00000010)
    .ARM.Collect$$rtentry$$00000000          0x00000144   Section        0  __rtentry.o(.ARM.Collect$$rtentry$$00000000)
    .ARM.Collect$$rtentry$$00000002          0x00000144   Section        0  __rtentry2.o(.ARM.Collect$$rtentry$$00000002)
    .ARM.Collect$$rtentry$$00000004          0x00000144   Section        6  __rtentry4.o(.ARM.Collect$$rtentry$$00000004)
    .ARM.Collect$$rtentry$$00000009          0x0000014a   Section        0  __rtentry2.o(.ARM.Collect$$rtentry$$00000009)
    .ARM.Collect$$rtentry$$0000000A          0x0000014a   Section        4  __rtentry2.o(.ARM.Collect$$rtentry$$0000000A)
    .ARM.Collect$$rtentry$$0000000C          0x0000014e   Section        0  __rtentry2.o(.ARM.Collect$$rtentry$$0000000C)
    .ARM.Collect$$rtentry$$0000000D          0x0000014e   Section        8  __rtentry2.o(.ARM.Collect$$rtentry$$0000000D)
    .ARM.Collect$$rtexit$$00000000           0x00000156   Section        2  rtexit.o(.ARM.Collect$$rtexit$$00000000)
    .ARM.Collect$$rtexit$$00000002           0x00000158   Section        0  rtexit2.o(.ARM.Collect$$rtexit$$00000002)
    .ARM.Collect$$rtexit$$00000003           0x00000158   Section        4  rtexit2.o(.ARM.Collect$$rtexit$$00000003)
    .ARM.Collect$$rtexit$$00000004           0x0000015c   Section        6  rtexit2.o(.ARM.Collect$$rtexit$$00000004)
    .text                                    0x00000164   Section       56  startup_cs32l010.o(.text)
    .text                                    0x0000019c   Section        0  rt_memclr.o(.text)
    .text                                    0x000001dc   Section      346  aeabi_sdiv.o(.text)
    .text                                    0x00000336   Section        0  heapauxi.o(.text)
    .text                                    0x0000033c   Section       62  sys_stackheap_outer.o(.text)
    .text                                    0x0000037a   Section        0  exit.o(.text)
    .text                                    0x0000038c   Section        8  libspace.o(.text)
    .text                                    0x00000394   Section        0  sys_exit.o(.text)
    .text                                    0x000003a0   Section        2  use_no_semi.o(.text)
    .text                                    0x000003a2   Section        0  indicate_semi.o(.text)
    i.ADC_IRQHandler                         0x000003a2   Section        0  cs32l010_it.o(i.ADC_IRQHandler)
    i.AWK_IRQHandler                         0x000003a4   Section        0  cs32l010_it.o(i.AWK_IRQHandler)
    i.CCC_I2C_Init                           0x000003a8   Section        0  ccc_i2c.o(i.CCC_I2C_Init)
    i.CCC_I2C_Init_COPY_22                   0x000003ec   Section        0  ccc_i2c_copy_22.o(i.CCC_I2C_Init_COPY_22)
    i.CCC_I2C_ReadByte                       0x00000430   Section        0  ccc_i2c.o(i.CCC_I2C_ReadByte)
    CCC_I2C_ReadByte                         0x00000431   Thumb Code   110  ccc_i2c.o(i.CCC_I2C_ReadByte)
    i.CCC_I2C_ReadByte                       0x000004a4   Section        0  ccc_i2c_copy_22.o(i.CCC_I2C_ReadByte)
    CCC_I2C_ReadByte                         0x000004a5   Thumb Code   110  ccc_i2c_copy_22.o(i.CCC_I2C_ReadByte)
    i.CCC_I2C_ReadReg                        0x00000518   Section        0  ccc_i2c.o(i.CCC_I2C_ReadReg)
    i.CCC_I2C_ReadReg_COPY_11                0x00000538   Section        0  ccc_i2c.o(i.CCC_I2C_ReadReg_COPY_11)
    i.CCC_I2C_ReadReg_COPY_22                0x00000590   Section        0  ccc_i2c_copy_22.o(i.CCC_I2C_ReadReg_COPY_22)
    i.CCC_I2C_Start                          0x000005e8   Section        0  ccc_i2c.o(i.CCC_I2C_Start)
    CCC_I2C_Start                            0x000005e9   Thumb Code    60  ccc_i2c.o(i.CCC_I2C_Start)
    i.CCC_I2C_Start                          0x00000628   Section        0  ccc_i2c_copy_22.o(i.CCC_I2C_Start)
    CCC_I2C_Start                            0x00000629   Thumb Code    60  ccc_i2c_copy_22.o(i.CCC_I2C_Start)
    i.CCC_I2C_Stop                           0x00000668   Section        0  ccc_i2c.o(i.CCC_I2C_Stop)
    CCC_I2C_Stop                             0x00000669   Thumb Code    46  ccc_i2c.o(i.CCC_I2C_Stop)
    i.CCC_I2C_Stop                           0x0000069c   Section        0  ccc_i2c_copy_22.o(i.CCC_I2C_Stop)
    CCC_I2C_Stop                             0x0000069d   Thumb Code    46  ccc_i2c_copy_22.o(i.CCC_I2C_Stop)
    i.CCC_I2C_WriteByte                      0x000006d0   Section        0  ccc_i2c.o(i.CCC_I2C_WriteByte)
    CCC_I2C_WriteByte                        0x000006d1   Thumb Code   104  ccc_i2c.o(i.CCC_I2C_WriteByte)
    i.CCC_I2C_WriteByte                      0x0000073c   Section        0  ccc_i2c_copy_22.o(i.CCC_I2C_WriteByte)
    CCC_I2C_WriteByte                        0x0000073d   Thumb Code   104  ccc_i2c_copy_22.o(i.CCC_I2C_WriteByte)
    i.CCC_I2C_WriteReg                       0x000007a8   Section        0  ccc_i2c.o(i.CCC_I2C_WriteReg)
    i.CCC_I2C_WriteReg_COPY_11               0x000007d0   Section        0  ccc_i2c.o(i.CCC_I2C_WriteReg_COPY_11)
    i.CCC_I2C_WriteReg_COPY_22               0x0000081e   Section        0  ccc_i2c_copy_22.o(i.CCC_I2C_WriteReg_COPY_22)
    i.CCC_IIC_WaitAck                        0x0000086c   Section        0  ccc_i2c.o(i.CCC_IIC_WaitAck)
    CCC_IIC_WaitAck                          0x0000086d   Thumb Code    82  ccc_i2c.o(i.CCC_IIC_WaitAck)
    i.CCC_IIC_WaitAck                        0x000008c4   Section        0  ccc_i2c_copy_22.o(i.CCC_IIC_WaitAck)
    CCC_IIC_WaitAck                          0x000008c5   Thumb Code    82  ccc_i2c_copy_22.o(i.CCC_IIC_WaitAck)
    i.CLKTRIM_IRQHandler                     0x0000091c   Section        0  cs32l010_it.o(i.CLKTRIM_IRQHandler)
    i.Delay                                  0x0000091e   Section        0  ccc_i2c.o(i.Delay)
    Delay                                    0x0000091f   Thumb Code    16  ccc_i2c.o(i.Delay)
    i.Delay                                  0x0000092e   Section        0  ccc_i2c_copy_22.o(i.Delay)
    Delay                                    0x0000092f   Thumb Code    16  ccc_i2c_copy_22.o(i.Delay)
    i.Disable_I2C_Write                      0x00000940   Section        0  sw3516h.o(i.Disable_I2C_Write)
    i.Enable_I2C_Write                       0x00000974   Section        0  sw3516h.o(i.Enable_I2C_Write)
    i.Error_Handler                          0x000009d8   Section        0  main.o(i.Error_Handler)
    i.FLASH_IRQHandler                       0x000009da   Section        0  cs32l010_it.o(i.FLASH_IRQHandler)
    i.GPIOA_IRQHandler                       0x000009dc   Section        0  cs32l010_it.o(i.GPIOA_IRQHandler)
    i.GPIOB_IRQHandler                       0x000009de   Section        0  cs32l010_it.o(i.GPIOB_IRQHandler)
    i.GPIOC_IRQHandler                       0x000009e0   Section        0  cs32l010_it.o(i.GPIOC_IRQHandler)
    i.GPIOD_IRQHandler                       0x000009e2   Section        0  cs32l010_it.o(i.GPIOD_IRQHandler)
    i.HAL_Delay                              0x000009e4   Section        0  cs32l010_hal.o(i.HAL_Delay)
    i.HAL_GPIO_Init                          0x00000a10   Section        0  cs32l010_hal_gpio.o(i.HAL_GPIO_Init)
    i.HAL_GPIO_ReadPin                       0x00000c8c   Section        0  cs32l010_hal_gpio.o(i.HAL_GPIO_ReadPin)
    i.HAL_GPIO_TogglePin                     0x00000c9e   Section        0  cs32l010_hal_gpio.o(i.HAL_GPIO_TogglePin)
    i.HAL_GPIO_WritePin                      0x00000ca6   Section        0  cs32l010_hal_gpio.o(i.HAL_GPIO_WritePin)
    i.HAL_GetTick                            0x00000cb4   Section        0  cs32l010_hal.o(i.HAL_GetTick)
    i.HAL_IncTick                            0x00000cc0   Section        0  cs32l010_hal.o(i.HAL_IncTick)
    i.HAL_Init                               0x00000cd8   Section        0  cs32l010_hal.o(i.HAL_Init)
    i.HAL_InitTick                           0x00000ce8   Section        0  cs32l010_hal.o(i.HAL_InitTick)
    i.HAL_MspInit                            0x00000d3c   Section        0  cs32l010_hal_msp.o(i.HAL_MspInit)
    i.HAL_NVIC_SetPriority                   0x00000d3e   Section        0  cs32l010_hal_cortex.o(i.HAL_NVIC_SetPriority)
    i.HAL_RCC_ClockConfig                    0x00000d50   Section        0  cs32l010_hal_rcc.o(i.HAL_RCC_ClockConfig)
    i.HAL_RCC_GetSysClockFreq                0x00000f28   Section        0  cs32l010_hal_rcc.o(i.HAL_RCC_GetSysClockFreq)
    i.HAL_RCC_OscConfig                      0x00000fdc   Section        0  cs32l010_hal_rcc.o(i.HAL_RCC_OscConfig)
    i.HAL_SYSTICK_Config                     0x0000144c   Section        0  cs32l010_hal_cortex.o(i.HAL_SYSTICK_Config)
    i.HardFault_Handler                      0x00001484   Section        0  cs32l010_it.o(i.HardFault_Handler)
    i.I2C_IRQHandler                         0x00001488   Section        0  cs32l010_it.o(i.I2C_IRQHandler)
    i.IWDG_IRQHandler                        0x0000148a   Section        0  cs32l010_it.o(i.IWDG_IRQHandler)
    i.LED_IO_Init                            0x0000148c   Section        0  main.o(i.LED_IO_Init)
    i.LPTIM_IRQHandler                       0x000014c8   Section        0  cs32l010_it.o(i.LPTIM_IRQHandler)
    i.LPUART_IRQHandler                      0x000014ca   Section        0  cs32l010_it.o(i.LPUART_IRQHandler)
    i.LVD_IRQHandler                         0x000014cc   Section        0  cs32l010_it.o(i.LVD_IRQHandler)
    i.NMI_Handler                            0x000014ce   Section        0  cs32l010_it.o(i.NMI_Handler)
    i.NVIC_SetPriority                       0x000014d0   Section        0  cs32l010_hal_cortex.o(i.NVIC_SetPriority)
    NVIC_SetPriority                         0x000014d1   Thumb Code   110  cs32l010_hal_cortex.o(i.NVIC_SetPriority)
    i.OWIRE_IRQHandler                       0x00001548   Section        0  cs32l010_it.o(i.OWIRE_IRQHandler)
    i.PCA_IRQHandler                         0x0000154a   Section        0  cs32l010_it.o(i.PCA_IRQHandler)
    i.PendSV_Handler                         0x0000154c   Section        0  cs32l010_it.o(i.PendSV_Handler)
    i.RCC_Delay                              0x00001550   Section        0  cs32l010_hal_rcc.o(i.RCC_Delay)
    RCC_Delay                                0x00001551   Thumb Code    38  cs32l010_hal_rcc.o(i.RCC_Delay)
    i.RTC_IRQHandler                         0x0000157c   Section        0  cs32l010_it.o(i.RTC_IRQHandler)
    i.SPI_IRQHandler                         0x0000157e   Section        0  cs32l010_it.o(i.SPI_IRQHandler)
    i.SVC_Handler                            0x00001580   Section        0  cs32l010_it.o(i.SVC_Handler)
    i.SW3516H_Set_PPS                        0x00001584   Section        0  sw3516h.o(i.SW3516H_Set_PPS)
    i.Set_SDA_In                             0x000016dc   Section        0  ccc_i2c.o(i.Set_SDA_In)
    Set_SDA_In                               0x000016dd   Thumb Code    36  ccc_i2c.o(i.Set_SDA_In)
    i.Set_SDA_In                             0x00001704   Section        0  ccc_i2c_copy_22.o(i.Set_SDA_In)
    Set_SDA_In                               0x00001705   Thumb Code    36  ccc_i2c_copy_22.o(i.Set_SDA_In)
    i.Set_SDA_Out                            0x0000172c   Section        0  ccc_i2c.o(i.Set_SDA_Out)
    Set_SDA_Out                              0x0000172d   Thumb Code    36  ccc_i2c.o(i.Set_SDA_Out)
    i.Set_SDA_Out                            0x00001754   Section        0  ccc_i2c_copy_22.o(i.Set_SDA_Out)
    Set_SDA_Out                              0x00001755   Thumb Code    36  ccc_i2c_copy_22.o(i.Set_SDA_Out)
    i.SysTick_Handler                        0x0000177c   Section        0  cs32l010_it.o(i.SysTick_Handler)
    i.SystemClock_Config                     0x000017a4   Section        0  main.o(i.SystemClock_Config)
    i.SystemInit                             0x000017f8   Section        0  system_cs32l010.o(i.SystemInit)
    i.TIM10_IRQHandler                       0x00001838   Section        0  cs32l010_it.o(i.TIM10_IRQHandler)
    i.TIM11_IRQHandler                       0x0000183a   Section        0  cs32l010_it.o(i.TIM11_IRQHandler)
    i.TIM1_IRQHandler                        0x0000183c   Section        0  cs32l010_it.o(i.TIM1_IRQHandler)
    i.TIM2_IRQHandler                        0x0000183e   Section        0  cs32l010_it.o(i.TIM2_IRQHandler)
    i.UART0_IRQHandler                       0x00001840   Section        0  cs32l010_it.o(i.UART0_IRQHandler)
    i.UART1_IRQHandler                       0x00001842   Section        0  cs32l010_it.o(i.UART1_IRQHandler)
    i.VC_IRQHandler                          0x00001844   Section        0  cs32l010_it.o(i.VC_IRQHandler)
    i.WWDG_IRQHandler                        0x00001846   Section        0  cs32l010_it.o(i.WWDG_IRQHandler)
    i.__ARM_common_switch8                   0x00001848   Section        0  cs32l010_hal_adc.o(i.__ARM_common_switch8)
    i.change_Power                           0x00001864   Section        0  sw3516h_user.o(i.change_Power)
    i.check_Port                             0x00001bf4   Section        0  sw3516h_user.o(i.check_Port)
    i.check_Samsung                          0x00001ebc   Section        0  sw3516h.o(i.check_Samsung)
    i.cycle_check                            0x00001fe0   Section        0  sw3516h_user.o(i.cycle_check)
    i.init_setting_reg                       0x00002078   Section        0  sw3516h_user.o(i.init_setting_reg)
    i.init_sw3516                            0x00002264   Section        0  sw3516h_user.o(i.init_sw3516)
    i.main                                   0x00002300   Section        0  main.o(i.main)
    i.set_src_change                         0x00002514   Section        0  sw3516h.o(i.set_src_change)
    i.sw3516_Both_CUR_LIM                    0x0000253c   Section        0  sw3516h.o(i.sw3516_Both_CUR_LIM)
    i.sw3516_Change_PD_2                     0x000025b0   Section        0  sw3516h.o(i.sw3516_Change_PD_2)
    i.sw3516_Check_Port_A_1                  0x000026c8   Section        0  sw3516h.o(i.sw3516_Check_Port_A_1)
    i.sw3516_Check_Port_C_1                  0x000026ee   Section        0  sw3516h.o(i.sw3516_Check_Port_C_1)
    i.sw3516_Check_Port_C_2                  0x00002714   Section        0  sw3516h.o(i.sw3516_Check_Port_C_2)
    i.sw3516_Enable__SCP                     0x00002730   Section        0  sw3516h.o(i.sw3516_Enable__SCP)
    i.sw3516_Except_PD_V                     0x000027a4   Section        0  sw3516h.o(i.sw3516_Except_PD_V)
    i.sw3516_Except_PD_W                     0x00002818   Section        0  sw3516h.o(i.sw3516_Except_PD_W)
    i.sw3516_OFF_CC                          0x000028a0   Section        0  sw3516h.o(i.sw3516_OFF_CC)
    i.sw3516_OpenPDO_20V                     0x00002944   Section        0  sw3516h.o(i.sw3516_OpenPDO_20V)
    i.sw3516_Read_AD_Value                   0x0000299c   Section        0  sw3516h.o(i.sw3516_Read_AD_Value)
    i.sw3516_Read_AD_Value_H                 0x000029b6   Section        0  sw3516h.o(i.sw3516_Read_AD_Value_H)
    i.sw3516_Set_DMDP                        0x000029c0   Section        0  sw3516h.o(i.sw3516_Set_DMDP)
    i.sw3516_Set_Mode                        0x00002a2c   Section        0  sw3516h.o(i.sw3516_Set_Mode)
    i.sw3516_set_ADC_Source                  0x00002a9c   Section        0  sw3516h.o(i.sw3516_set_ADC_Source)
    .data                                    0x20000000   Section        4  system_cs32l010.o(.data)
    .data                                    0x20000004   Section        9  cs32l010_hal.o(.data)
    .data                                    0x2000000d   Section        3  sw3516h.o(.data)
    .data                                    0x20000010   Section        6  sw3516h_user.o(.data)
    C1_cnt                                   0x20000012   Data           1  sw3516h_user.o(.data)
    C2_cnt                                   0x20000013   Data           1  sw3516h_user.o(.data)
    A2_cnt                                   0x20000014   Data           1  sw3516h_user.o(.data)
    Work_mod_BK                              0x20000015   Data           1  sw3516h_user.o(.data)
    .data                                    0x20000016   Section        3  main.o(.data)
    .bss                                     0x2000001c   Section       24  sw3516h.o(.bss)
    .bss                                     0x20000034   Section       12  sw3516h_user.o(.bss)
    .bss                                     0x20000040   Section       96  libspace.o(.bss)
    HEAP                                     0x200000a0   Section      512  startup_cs32l010.o(HEAP)
    Heap_Mem                                 0x200000a0   Data         512  startup_cs32l010.o(HEAP)
    STACK                                    0x200002a0   Section      512  startup_cs32l010.o(STACK)
    Stack_Mem                                0x200002a0   Data         512  startup_cs32l010.o(STACK)
    __initial_sp                             0x200004a0   Data           0  startup_cs32l010.o(STACK)

    Global Symbols

    Symbol Name                              Value     Ov Type        Size  Object(Section)

    BuildAttributes$$THM_ISAv3M$S$PE$A:L22$X:L11$S22$IEEE1$IW$USESV6$~STKCKD$USESV7$~SHL$OSPACE$ROPI$EBA8$UX$STANDARDLIB$REQ8$PRES8$EABIv2 0x00000000   Number         0  anon$$obj.o ABSOLUTE
    __ARM_use_no_argv                        0x00000000   Number         0  main.o ABSOLUTE
    __Vectors                                0x00000000   Data           4  startup_cs32l010.o(RESET)
    __ARM_exceptions_init                     - Undefined Weak Reference
    __alloca_initialize                       - Undefined Weak Reference
    __arm_preinit_                            - Undefined Weak Reference
    __cpp_initialize__aeabi_                  - Undefined Weak Reference
    __cxa_finalize                            - Undefined Weak Reference
    __rt_locale                               - Undefined Weak Reference
    __sigvec_lookup                           - Undefined Weak Reference
    _atexit_init                              - Undefined Weak Reference
    _call_atexit_fns                          - Undefined Weak Reference
    _clock_init                               - Undefined Weak Reference
    _fp_trap_init                             - Undefined Weak Reference
    _fp_trap_shutdown                         - Undefined Weak Reference
    _get_lc_collate                           - Undefined Weak Reference
    _get_lc_ctype                             - Undefined Weak Reference
    _get_lc_monetary                          - Undefined Weak Reference
    _get_lc_numeric                           - Undefined Weak Reference
    _get_lc_time                              - Undefined Weak Reference
    _getenv_init                              - Undefined Weak Reference
    _handle_redirection                       - Undefined Weak Reference
    _init_alloc                               - Undefined Weak Reference
    _init_user_alloc                          - Undefined Weak Reference
    _initio                                   - Undefined Weak Reference
    _rand_init                                - Undefined Weak Reference
    _signal_finish                            - Undefined Weak Reference
    _signal_init                              - Undefined Weak Reference
    _terminate_alloc                          - Undefined Weak Reference
    _terminate_user_alloc                     - Undefined Weak Reference
    _terminateio                              - Undefined Weak Reference
    __Vectors_End                            0x000000c0   Data           0  startup_cs32l010.o(RESET)
    __Vectors_Size                           0x000000c0   Number         0  startup_cs32l010.o ABSOLUTE
    __main                                   0x000000c1   Thumb Code     8  __main.o(!!!main)
    __scatterload                            0x000000c9   Thumb Code     0  __scatter.o(!!!scatter)
    __scatterload_rt2                        0x000000c9   Thumb Code    52  __scatter.o(!!!scatter)
    __scatterload_rt2_thumb_only             0x000000c9   Thumb Code     0  __scatter.o(!!!scatter)
    __scatterload_null                       0x000000d9   Thumb Code     0  __scatter.o(!!!scatter)
    __scatterload_copy                       0x00000105   Thumb Code    26  __scatter_copy.o(!!handler_copy)
    __scatterload_zeroinit                   0x00000121   Thumb Code    28  __scatter_zi.o(!!handler_zi)
    __rt_lib_init                            0x0000013d   Thumb Code     0  libinit.o(.ARM.Collect$$libinit$$00000000)
    __rt_lib_init_alloca_1                   0x0000013f   Thumb Code     0  libinit2.o(.ARM.Collect$$libinit$$0000002E)
    __rt_lib_init_argv_1                     0x0000013f   Thumb Code     0  libinit2.o(.ARM.Collect$$libinit$$0000002C)
    __rt_lib_init_atexit_1                   0x0000013f   Thumb Code     0  libinit2.o(.ARM.Collect$$libinit$$0000001B)
    __rt_lib_init_clock_1                    0x0000013f   Thumb Code     0  libinit2.o(.ARM.Collect$$libinit$$00000021)
    __rt_lib_init_cpp_1                      0x0000013f   Thumb Code     0  libinit2.o(.ARM.Collect$$libinit$$00000032)
    __rt_lib_init_exceptions_1               0x0000013f   Thumb Code     0  libinit2.o(.ARM.Collect$$libinit$$00000030)
    __rt_lib_init_fp_1                       0x0000013f   Thumb Code     0  libinit2.o(.ARM.Collect$$libinit$$00000002)
    __rt_lib_init_fp_trap_1                  0x0000013f   Thumb Code     0  libinit2.o(.ARM.Collect$$libinit$$0000001F)
    __rt_lib_init_getenv_1                   0x0000013f   Thumb Code     0  libinit2.o(.ARM.Collect$$libinit$$00000023)
    __rt_lib_init_heap_1                     0x0000013f   Thumb Code     0  libinit2.o(.ARM.Collect$$libinit$$0000000A)
    __rt_lib_init_lc_collate_1               0x0000013f   Thumb Code     0  libinit2.o(.ARM.Collect$$libinit$$00000011)
    __rt_lib_init_lc_ctype_1                 0x0000013f   Thumb Code     0  libinit2.o(.ARM.Collect$$libinit$$00000013)
    __rt_lib_init_lc_monetary_1              0x0000013f   Thumb Code     0  libinit2.o(.ARM.Collect$$libinit$$00000015)
    __rt_lib_init_lc_numeric_1               0x0000013f   Thumb Code     0  libinit2.o(.ARM.Collect$$libinit$$00000017)
    __rt_lib_init_lc_time_1                  0x0000013f   Thumb Code     0  libinit2.o(.ARM.Collect$$libinit$$00000019)
    __rt_lib_init_preinit_1                  0x0000013f   Thumb Code     0  libinit2.o(.ARM.Collect$$libinit$$00000004)
    __rt_lib_init_rand_1                     0x0000013f   Thumb Code     0  libinit2.o(.ARM.Collect$$libinit$$0000000E)
    __rt_lib_init_return                     0x0000013f   Thumb Code     0  libinit2.o(.ARM.Collect$$libinit$$00000033)
    __rt_lib_init_signal_1                   0x0000013f   Thumb Code     0  libinit2.o(.ARM.Collect$$libinit$$0000001D)
    __rt_lib_init_stdio_1                    0x0000013f   Thumb Code     0  libinit2.o(.ARM.Collect$$libinit$$00000025)
    __rt_lib_init_user_alloc_1               0x0000013f   Thumb Code     0  libinit2.o(.ARM.Collect$$libinit$$0000000C)
    __rt_lib_shutdown                        0x00000141   Thumb Code     0  libshutdown.o(.ARM.Collect$$libshutdown$$00000000)
    __rt_lib_shutdown_cpp_1                  0x00000143   Thumb Code     0  libshutdown2.o(.ARM.Collect$$libshutdown$$00000002)
    __rt_lib_shutdown_fp_trap_1              0x00000143   Thumb Code     0  libshutdown2.o(.ARM.Collect$$libshutdown$$00000007)
    __rt_lib_shutdown_heap_1                 0x00000143   Thumb Code     0  libshutdown2.o(.ARM.Collect$$libshutdown$$0000000F)
    __rt_lib_shutdown_return                 0x00000143   Thumb Code     0  libshutdown2.o(.ARM.Collect$$libshutdown$$00000010)
    __rt_lib_shutdown_signal_1               0x00000143   Thumb Code     0  libshutdown2.o(.ARM.Collect$$libshutdown$$0000000A)
    __rt_lib_shutdown_stdio_1                0x00000143   Thumb Code     0  libshutdown2.o(.ARM.Collect$$libshutdown$$00000004)
    __rt_lib_shutdown_user_alloc_1           0x00000143   Thumb Code     0  libshutdown2.o(.ARM.Collect$$libshutdown$$0000000C)
    __rt_entry                               0x00000145   Thumb Code     0  __rtentry.o(.ARM.Collect$$rtentry$$00000000)
    __rt_entry_presh_1                       0x00000145   Thumb Code     0  __rtentry2.o(.ARM.Collect$$rtentry$$00000002)
    __rt_entry_sh                            0x00000145   Thumb Code     0  __rtentry4.o(.ARM.Collect$$rtentry$$00000004)
    __rt_entry_li                            0x0000014b   Thumb Code     0  __rtentry2.o(.ARM.Collect$$rtentry$$0000000A)
    __rt_entry_postsh_1                      0x0000014b   Thumb Code     0  __rtentry2.o(.ARM.Collect$$rtentry$$00000009)
    __rt_entry_main                          0x0000014f   Thumb Code     0  __rtentry2.o(.ARM.Collect$$rtentry$$0000000D)
    __rt_entry_postli_1                      0x0000014f   Thumb Code     0  __rtentry2.o(.ARM.Collect$$rtentry$$0000000C)
    __rt_exit                                0x00000157   Thumb Code     0  rtexit.o(.ARM.Collect$$rtexit$$00000000)
    __rt_exit_ls                             0x00000159   Thumb Code     0  rtexit2.o(.ARM.Collect$$rtexit$$00000003)
    __rt_exit_prels_1                        0x00000159   Thumb Code     0  rtexit2.o(.ARM.Collect$$rtexit$$00000002)
    __rt_exit_exit                           0x0000015d   Thumb Code     0  rtexit2.o(.ARM.Collect$$rtexit$$00000004)
    Reset_Handler                            0x00000165   Thumb Code     8  startup_cs32l010.o(.text)
    __user_initial_stackheap                 0x00000179   Thumb Code    10  startup_cs32l010.o(.text)
    _memset_w                                0x0000019d   Thumb Code    26  rt_memclr.o(.text)
    _memset                                  0x000001b7   Thumb Code    30  rt_memclr.o(.text)
    __aeabi_memclr                           0x000001d5   Thumb Code     4  rt_memclr.o(.text)
    __rt_memclr                              0x000001d5   Thumb Code     0  rt_memclr.o(.text)
    __aeabi_memclr4                          0x000001d9   Thumb Code     0  rt_memclr.o(.text)
    __aeabi_memclr8                          0x000001d9   Thumb Code     0  rt_memclr.o(.text)
    __rt_memclr_w                            0x000001d9   Thumb Code     4  rt_memclr.o(.text)
    __aeabi_uidiv                            0x000001dd   Thumb Code     0  aeabi_sdiv.o(.text)
    __aeabi_uidivmod                         0x000001dd   Thumb Code    20  aeabi_sdiv.o(.text)
    __aeabi_idiv                             0x000001f1   Thumb Code     0  aeabi_sdiv.o(.text)
    __aeabi_idivmod                          0x000001f1   Thumb Code   326  aeabi_sdiv.o(.text)
    __use_two_region_memory                  0x00000337   Thumb Code     2  heapauxi.o(.text)
    __rt_heap_escrow$2region                 0x00000339   Thumb Code     2  heapauxi.o(.text)
    __rt_heap_expand$2region                 0x0000033b   Thumb Code     2  heapauxi.o(.text)
    __user_setup_stackheap                   0x0000033d   Thumb Code    62  sys_stackheap_outer.o(.text)
    exit                                     0x0000037b   Thumb Code    16  exit.o(.text)
    __user_libspace                          0x0000038d   Thumb Code     8  libspace.o(.text)
    __user_perproc_libspace                  0x0000038d   Thumb Code     0  libspace.o(.text)
    __user_perthread_libspace                0x0000038d   Thumb Code     0  libspace.o(.text)
    _sys_exit                                0x00000395   Thumb Code     8  sys_exit.o(.text)
    __I$use$semihosting                      0x000003a1   Thumb Code     0  use_no_semi.o(.text)
    __use_no_semihosting_swi                 0x000003a1   Thumb Code     2  use_no_semi.o(.text)
    ADC_IRQHandler                           0x000003a3   Thumb Code     2  cs32l010_it.o(i.ADC_IRQHandler)
    __semihosting_library_function           0x000003a3   Thumb Code     0  indicate_semi.o(.text)
    AWK_IRQHandler                           0x000003a5   Thumb Code     2  cs32l010_it.o(i.AWK_IRQHandler)
    CCC_I2C_Init                             0x000003a9   Thumb Code    64  ccc_i2c.o(i.CCC_I2C_Init)
    CCC_I2C_Init_COPY_22                     0x000003ed   Thumb Code    64  ccc_i2c_copy_22.o(i.CCC_I2C_Init_COPY_22)
    CCC_I2C_ReadReg                          0x00000519   Thumb Code    28  ccc_i2c.o(i.CCC_I2C_ReadReg)
    CCC_I2C_ReadReg_COPY_11                  0x00000539   Thumb Code    88  ccc_i2c.o(i.CCC_I2C_ReadReg_COPY_11)
    CCC_I2C_ReadReg_COPY_22                  0x00000591   Thumb Code    88  ccc_i2c_copy_22.o(i.CCC_I2C_ReadReg_COPY_22)
    CCC_I2C_WriteReg                         0x000007a9   Thumb Code    34  ccc_i2c.o(i.CCC_I2C_WriteReg)
    CCC_I2C_WriteReg_COPY_11                 0x000007d1   Thumb Code    78  ccc_i2c.o(i.CCC_I2C_WriteReg_COPY_11)
    CCC_I2C_WriteReg_COPY_22                 0x0000081f   Thumb Code    78  ccc_i2c_copy_22.o(i.CCC_I2C_WriteReg_COPY_22)
    CLKTRIM_IRQHandler                       0x0000091d   Thumb Code     2  cs32l010_it.o(i.CLKTRIM_IRQHandler)
    Disable_I2C_Write                        0x00000941   Thumb Code    44  sw3516h.o(i.Disable_I2C_Write)
    Enable_I2C_Write                         0x00000975   Thumb Code    90  sw3516h.o(i.Enable_I2C_Write)
    Error_Handler                            0x000009d9   Thumb Code     2  main.o(i.Error_Handler)
    FLASH_IRQHandler                         0x000009db   Thumb Code     2  cs32l010_it.o(i.FLASH_IRQHandler)
    GPIOA_IRQHandler                         0x000009dd   Thumb Code     2  cs32l010_it.o(i.GPIOA_IRQHandler)
    GPIOB_IRQHandler                         0x000009df   Thumb Code     2  cs32l010_it.o(i.GPIOB_IRQHandler)
    GPIOC_IRQHandler                         0x000009e1   Thumb Code     2  cs32l010_it.o(i.GPIOC_IRQHandler)
    GPIOD_IRQHandler                         0x000009e3   Thumb Code     2  cs32l010_it.o(i.GPIOD_IRQHandler)
    HAL_Delay                                0x000009e5   Thumb Code    38  cs32l010_hal.o(i.HAL_Delay)
    HAL_GPIO_Init                            0x00000a11   Thumb Code   636  cs32l010_hal_gpio.o(i.HAL_GPIO_Init)
    HAL_GPIO_ReadPin                         0x00000c8d   Thumb Code    18  cs32l010_hal_gpio.o(i.HAL_GPIO_ReadPin)
    HAL_GPIO_TogglePin                       0x00000c9f   Thumb Code     8  cs32l010_hal_gpio.o(i.HAL_GPIO_TogglePin)
    HAL_GPIO_WritePin                        0x00000ca7   Thumb Code    12  cs32l010_hal_gpio.o(i.HAL_GPIO_WritePin)
    HAL_GetTick                              0x00000cb5   Thumb Code     6  cs32l010_hal.o(i.HAL_GetTick)
    HAL_IncTick                              0x00000cc1   Thumb Code    16  cs32l010_hal.o(i.HAL_IncTick)
    HAL_Init                                 0x00000cd9   Thumb Code    16  cs32l010_hal.o(i.HAL_Init)
    HAL_InitTick                             0x00000ce9   Thumb Code    70  cs32l010_hal.o(i.HAL_InitTick)
    HAL_MspInit                              0x00000d3d   Thumb Code     2  cs32l010_hal_msp.o(i.HAL_MspInit)
    HAL_NVIC_SetPriority                     0x00000d3f   Thumb Code    16  cs32l010_hal_cortex.o(i.HAL_NVIC_SetPriority)
    HAL_RCC_ClockConfig                      0x00000d51   Thumb Code   446  cs32l010_hal_rcc.o(i.HAL_RCC_ClockConfig)
    HAL_RCC_GetSysClockFreq                  0x00000f29   Thumb Code   150  cs32l010_hal_rcc.o(i.HAL_RCC_GetSysClockFreq)
    HAL_RCC_OscConfig                        0x00000fdd   Thumb Code  1126  cs32l010_hal_rcc.o(i.HAL_RCC_OscConfig)
    HAL_SYSTICK_Config                       0x0000144d   Thumb Code    46  cs32l010_hal_cortex.o(i.HAL_SYSTICK_Config)
    HardFault_Handler                        0x00001485   Thumb Code     4  cs32l010_it.o(i.HardFault_Handler)
    I2C_IRQHandler                           0x00001489   Thumb Code     2  cs32l010_it.o(i.I2C_IRQHandler)
    IWDG_IRQHandler                          0x0000148b   Thumb Code     2  cs32l010_it.o(i.IWDG_IRQHandler)
    LED_IO_Init                              0x0000148d   Thumb Code    54  main.o(i.LED_IO_Init)
    LPTIM_IRQHandler                         0x000014c9   Thumb Code     2  cs32l010_it.o(i.LPTIM_IRQHandler)
    LPUART_IRQHandler                        0x000014cb   Thumb Code     2  cs32l010_it.o(i.LPUART_IRQHandler)
    LVD_IRQHandler                           0x000014cd   Thumb Code     2  cs32l010_it.o(i.LVD_IRQHandler)
    NMI_Handler                              0x000014cf   Thumb Code     2  cs32l010_it.o(i.NMI_Handler)
    OWIRE_IRQHandler                         0x00001549   Thumb Code     2  cs32l010_it.o(i.OWIRE_IRQHandler)
    PCA_IRQHandler                           0x0000154b   Thumb Code     2  cs32l010_it.o(i.PCA_IRQHandler)
    PendSV_Handler                           0x0000154d   Thumb Code     2  cs32l010_it.o(i.PendSV_Handler)
    RTC_IRQHandler                           0x0000157d   Thumb Code     2  cs32l010_it.o(i.RTC_IRQHandler)
    SPI_IRQHandler                           0x0000157f   Thumb Code     2  cs32l010_it.o(i.SPI_IRQHandler)
    SVC_Handler                              0x00001581   Thumb Code     2  cs32l010_it.o(i.SVC_Handler)
    SW3516H_Set_PPS                          0x00001585   Thumb Code   336  sw3516h.o(i.SW3516H_Set_PPS)
    SysTick_Handler                          0x0000177d   Thumb Code    36  cs32l010_it.o(i.SysTick_Handler)
    SystemClock_Config                       0x000017a5   Thumb Code    80  main.o(i.SystemClock_Config)
    SystemInit                               0x000017f9   Thumb Code    48  system_cs32l010.o(i.SystemInit)
    TIM10_IRQHandler                         0x00001839   Thumb Code     2  cs32l010_it.o(i.TIM10_IRQHandler)
    TIM11_IRQHandler                         0x0000183b   Thumb Code     2  cs32l010_it.o(i.TIM11_IRQHandler)
    TIM1_IRQHandler                          0x0000183d   Thumb Code     2  cs32l010_it.o(i.TIM1_IRQHandler)
    TIM2_IRQHandler                          0x0000183f   Thumb Code     2  cs32l010_it.o(i.TIM2_IRQHandler)
    UART0_IRQHandler                         0x00001841   Thumb Code     2  cs32l010_it.o(i.UART0_IRQHandler)
    UART1_IRQHandler                         0x00001843   Thumb Code     2  cs32l010_it.o(i.UART1_IRQHandler)
    VC_IRQHandler                            0x00001845   Thumb Code     2  cs32l010_it.o(i.VC_IRQHandler)
    WWDG_IRQHandler                          0x00001847   Thumb Code     2  cs32l010_it.o(i.WWDG_IRQHandler)
    __ARM_common_switch8                     0x00001849   Thumb Code    28  cs32l010_hal_adc.o(i.__ARM_common_switch8)
    change_Power                             0x00001865   Thumb Code   896  sw3516h_user.o(i.change_Power)
    check_Port                               0x00001bf5   Thumb Code   678  sw3516h_user.o(i.check_Port)
    check_Samsung                            0x00001ebd   Thumb Code   278  sw3516h.o(i.check_Samsung)
    cycle_check                              0x00001fe1   Thumb Code   148  sw3516h_user.o(i.cycle_check)
    init_setting_reg                         0x00002079   Thumb Code   488  sw3516h_user.o(i.init_setting_reg)
    init_sw3516                              0x00002265   Thumb Code   150  sw3516h_user.o(i.init_sw3516)
    main                                     0x00002301   Thumb Code   512  main.o(i.main)
    set_src_change                           0x00002515   Thumb Code    40  sw3516h.o(i.set_src_change)
    sw3516_Both_CUR_LIM                      0x0000253d   Thumb Code   106  sw3516h.o(i.sw3516_Both_CUR_LIM)
    sw3516_Change_PD_2                       0x000025b1   Thumb Code   266  sw3516h.o(i.sw3516_Change_PD_2)
    sw3516_Check_Port_A_1                    0x000026c9   Thumb Code    38  sw3516h.o(i.sw3516_Check_Port_A_1)
    sw3516_Check_Port_C_1                    0x000026ef   Thumb Code    38  sw3516h.o(i.sw3516_Check_Port_C_1)
    sw3516_Check_Port_C_2                    0x00002715   Thumb Code    28  sw3516h.o(i.sw3516_Check_Port_C_2)
    sw3516_Enable__SCP                       0x00002731   Thumb Code   106  sw3516h.o(i.sw3516_Enable__SCP)
    sw3516_Except_PD_V                       0x000027a5   Thumb Code   106  sw3516h.o(i.sw3516_Except_PD_V)
    sw3516_Except_PD_W                       0x00002819   Thumb Code   126  sw3516h.o(i.sw3516_Except_PD_W)
    sw3516_OFF_CC                            0x000028a1   Thumb Code   154  sw3516h.o(i.sw3516_OFF_CC)
    sw3516_OpenPDO_20V                       0x00002945   Thumb Code    80  sw3516h.o(i.sw3516_OpenPDO_20V)
    sw3516_Read_AD_Value                     0x0000299d   Thumb Code    26  sw3516h.o(i.sw3516_Read_AD_Value)
    sw3516_Read_AD_Value_H                   0x000029b7   Thumb Code    10  sw3516h.o(i.sw3516_Read_AD_Value_H)
    sw3516_Set_DMDP                          0x000029c1   Thumb Code   100  sw3516h.o(i.sw3516_Set_DMDP)
    sw3516_Set_Mode                          0x00002a2d   Thumb Code   102  sw3516h.o(i.sw3516_Set_Mode)
    sw3516_set_ADC_Source                    0x00002a9d   Thumb Code    28  sw3516h.o(i.sw3516_set_ADC_Source)
    Region$$Table$$Base                      0x00002ab8   Number         0  anon$$obj.o(Region$$Table)
    Region$$Table$$Limit                     0x00002ad8   Number         0  anon$$obj.o(Region$$Table)
    SystemCoreClock                          0x20000000   Data           4  system_cs32l010.o(.data)
    uwTick                                   0x20000004   Data           4  cs32l010_hal.o(.data)
    uwTickPrio                               0x20000008   Data           4  cs32l010_hal.o(.data)
    uwTickFreq                               0x2000000c   Data           1  cs32l010_hal.o(.data)
    Switch_Device                            0x2000000d   Data           1  sw3516h.o(.data)
    Samsung                                  0x2000000e   Data           2  sw3516h.o(.data)
    Port_state                               0x20000010   Data           1  sw3516h_user.o(.data)
    Work_mod                                 0x20000011   Data           1  sw3516h_user.o(.data)
    SysTick_c                                0x20000016   Data           3  main.o(.data)
    SW3516_Setting                           0x2000001c   Data          24  sw3516h.o(.bss)
    Check_Curr                               0x20000034   Data          12  sw3516h_user.o(.bss)
    __libspace_start                         0x20000040   Data          96  libspace.o(.bss)
    __temporary_stack_top$libspace           0x200000a0   Data           0  libspace.o(.bss)



==============================================================================

Memory Map of the image

  Image Entry point : 0x000000c1

  Load Region LR_IROM1 (Base: 0x00000000, Size: 0x00002af4, Max: 0x00008000, ABSOLUTE)

    Execution Region ER_IROM1 (Exec base: 0x00000000, Load base: 0x00000000, Size: 0x00002ad8, Max: 0x00008000, ABSOLUTE)

    Exec Addr    Load Addr    Size         Type   Attr      Idx    E Section Name        Object

    0x00000000   0x00000000   0x000000c0   Data   RO           66    RESET               startup_cs32l010.o
    0x000000c0   0x000000c0   0x00000008   Code   RO         2858  * !!!main             c_p.l(__main.o)
    0x000000c8   0x000000c8   0x0000003c   Code   RO         3027    !!!scatter          c_p.l(__scatter.o)
    0x00000104   0x00000104   0x0000001a   Code   RO         3029    !!handler_copy      c_p.l(__scatter_copy.o)
    0x0000011e   0x0000011e   0x00000002   PAD
    0x00000120   0x00000120   0x0000001c   Code   RO         3031    !!handler_zi        c_p.l(__scatter_zi.o)
    0x0000013c   0x0000013c   0x00000002   Code   RO         2896    .ARM.Collect$$libinit$$00000000  c_p.l(libinit.o)
    0x0000013e   0x0000013e   0x00000000   Code   RO         2910    .ARM.Collect$$libinit$$00000002  c_p.l(libinit2.o)
    0x0000013e   0x0000013e   0x00000000   Code   RO         2912    .ARM.Collect$$libinit$$00000004  c_p.l(libinit2.o)
    0x0000013e   0x0000013e   0x00000000   Code   RO         2915    .ARM.Collect$$libinit$$0000000A  c_p.l(libinit2.o)
    0x0000013e   0x0000013e   0x00000000   Code   RO         2917    .ARM.Collect$$libinit$$0000000C  c_p.l(libinit2.o)
    0x0000013e   0x0000013e   0x00000000   Code   RO         2919    .ARM.Collect$$libinit$$0000000E  c_p.l(libinit2.o)
    0x0000013e   0x0000013e   0x00000000   Code   RO         2922    .ARM.Collect$$libinit$$00000011  c_p.l(libinit2.o)
    0x0000013e   0x0000013e   0x00000000   Code   RO         2924    .ARM.Collect$$libinit$$00000013  c_p.l(libinit2.o)
    0x0000013e   0x0000013e   0x00000000   Code   RO         2926    .ARM.Collect$$libinit$$00000015  c_p.l(libinit2.o)
    0x0000013e   0x0000013e   0x00000000   Code   RO         2928    .ARM.Collect$$libinit$$00000017  c_p.l(libinit2.o)
    0x0000013e   0x0000013e   0x00000000   Code   RO         2930    .ARM.Collect$$libinit$$00000019  c_p.l(libinit2.o)
    0x0000013e   0x0000013e   0x00000000   Code   RO         2932    .ARM.Collect$$libinit$$0000001B  c_p.l(libinit2.o)
    0x0000013e   0x0000013e   0x00000000   Code   RO         2934    .ARM.Collect$$libinit$$0000001D  c_p.l(libinit2.o)
    0x0000013e   0x0000013e   0x00000000   Code   RO         2936    .ARM.Collect$$libinit$$0000001F  c_p.l(libinit2.o)
    0x0000013e   0x0000013e   0x00000000   Code   RO         2938    .ARM.Collect$$libinit$$00000021  c_p.l(libinit2.o)
    0x0000013e   0x0000013e   0x00000000   Code   RO         2940    .ARM.Collect$$libinit$$00000023  c_p.l(libinit2.o)
    0x0000013e   0x0000013e   0x00000000   Code   RO         2942    .ARM.Collect$$libinit$$00000025  c_p.l(libinit2.o)
    0x0000013e   0x0000013e   0x00000000   Code   RO         2946    .ARM.Collect$$libinit$$0000002C  c_p.l(libinit2.o)
    0x0000013e   0x0000013e   0x00000000   Code   RO         2948    .ARM.Collect$$libinit$$0000002E  c_p.l(libinit2.o)
    0x0000013e   0x0000013e   0x00000000   Code   RO         2950    .ARM.Collect$$libinit$$00000030  c_p.l(libinit2.o)
    0x0000013e   0x0000013e   0x00000000   Code   RO         2952    .ARM.Collect$$libinit$$00000032  c_p.l(libinit2.o)
    0x0000013e   0x0000013e   0x00000002   Code   RO         2953    .ARM.Collect$$libinit$$00000033  c_p.l(libinit2.o)
    0x00000140   0x00000140   0x00000002   Code   RO         2984    .ARM.Collect$$libshutdown$$00000000  c_p.l(libshutdown.o)
    0x00000142   0x00000142   0x00000000   Code   RO         3010    .ARM.Collect$$libshutdown$$00000002  c_p.l(libshutdown2.o)
    0x00000142   0x00000142   0x00000000   Code   RO         3012    .ARM.Collect$$libshutdown$$00000004  c_p.l(libshutdown2.o)
    0x00000142   0x00000142   0x00000000   Code   RO         3015    .ARM.Collect$$libshutdown$$00000007  c_p.l(libshutdown2.o)
    0x00000142   0x00000142   0x00000000   Code   RO         3018    .ARM.Collect$$libshutdown$$0000000A  c_p.l(libshutdown2.o)
    0x00000142   0x00000142   0x00000000   Code   RO         3020    .ARM.Collect$$libshutdown$$0000000C  c_p.l(libshutdown2.o)
    0x00000142   0x00000142   0x00000000   Code   RO         3023    .ARM.Collect$$libshutdown$$0000000F  c_p.l(libshutdown2.o)
    0x00000142   0x00000142   0x00000002   Code   RO         3024    .ARM.Collect$$libshutdown$$00000010  c_p.l(libshutdown2.o)
    0x00000144   0x00000144   0x00000000   Code   RO         2860    .ARM.Collect$$rtentry$$00000000  c_p.l(__rtentry.o)
    0x00000144   0x00000144   0x00000000   Code   RO         2866    .ARM.Collect$$rtentry$$00000002  c_p.l(__rtentry2.o)
    0x00000144   0x00000144   0x00000006   Code   RO         2878    .ARM.Collect$$rtentry$$00000004  c_p.l(__rtentry4.o)
    0x0000014a   0x0000014a   0x00000000   Code   RO         2868    .ARM.Collect$$rtentry$$00000009  c_p.l(__rtentry2.o)
    0x0000014a   0x0000014a   0x00000004   Code   RO         2869    .ARM.Collect$$rtentry$$0000000A  c_p.l(__rtentry2.o)
    0x0000014e   0x0000014e   0x00000000   Code   RO         2871    .ARM.Collect$$rtentry$$0000000C  c_p.l(__rtentry2.o)
    0x0000014e   0x0000014e   0x00000008   Code   RO         2872    .ARM.Collect$$rtentry$$0000000D  c_p.l(__rtentry2.o)
    0x00000156   0x00000156   0x00000002   Code   RO         2901    .ARM.Collect$$rtexit$$00000000  c_p.l(rtexit.o)
    0x00000158   0x00000158   0x00000000   Code   RO         2957    .ARM.Collect$$rtexit$$00000002  c_p.l(rtexit2.o)
    0x00000158   0x00000158   0x00000004   Code   RO         2958    .ARM.Collect$$rtexit$$00000003  c_p.l(rtexit2.o)
    0x0000015c   0x0000015c   0x00000006   Code   RO         2959    .ARM.Collect$$rtexit$$00000004  c_p.l(rtexit2.o)
    0x00000162   0x00000162   0x00000002   PAD
    0x00000164   0x00000164   0x00000038   Code   RO           67    .text               startup_cs32l010.o
    0x0000019c   0x0000019c   0x00000040   Code   RO         2850    .text               c_p.l(rt_memclr.o)
    0x000001dc   0x000001dc   0x0000015a   Code   RO         2852    .text               c_p.l(aeabi_sdiv.o)
    0x00000336   0x00000336   0x00000006   Code   RO         2856    .text               c_p.l(heapauxi.o)
    0x0000033c   0x0000033c   0x0000003e   Code   RO         2882    .text               c_p.l(sys_stackheap_outer.o)
    0x0000037a   0x0000037a   0x00000010   Code   RO         2885    .text               c_p.l(exit.o)
    0x0000038a   0x0000038a   0x00000002   PAD
    0x0000038c   0x0000038c   0x00000008   Code   RO         2897    .text               c_p.l(libspace.o)
    0x00000394   0x00000394   0x0000000c   Code   RO         2954    .text               c_p.l(sys_exit.o)
    0x000003a0   0x000003a0   0x00000002   Code   RO         2973    .text               c_p.l(use_no_semi.o)
    0x000003a2   0x000003a2   0x00000000   Code   RO         2975    .text               c_p.l(indicate_semi.o)
    0x000003a2   0x000003a2   0x00000002   Code   RO         2624    i.ADC_IRQHandler    cs32l010_it.o
    0x000003a4   0x000003a4   0x00000002   Code   RO         2625    i.AWK_IRQHandler    cs32l010_it.o
    0x000003a6   0x000003a6   0x00000002   PAD
    0x000003a8   0x000003a8   0x00000044   Code   RO         2153    i.CCC_I2C_Init      ccc_i2c.o
    0x000003ec   0x000003ec   0x00000044   Code   RO         2267    i.CCC_I2C_Init_COPY_22  ccc_i2c_copy_22.o
    0x00000430   0x00000430   0x00000074   Code   RO         2154    i.CCC_I2C_ReadByte  ccc_i2c.o
    0x000004a4   0x000004a4   0x00000074   Code   RO         2268    i.CCC_I2C_ReadByte  ccc_i2c_copy_22.o
    0x00000518   0x00000518   0x00000020   Code   RO         2155    i.CCC_I2C_ReadReg   ccc_i2c.o
    0x00000538   0x00000538   0x00000058   Code   RO         2156    i.CCC_I2C_ReadReg_COPY_11  ccc_i2c.o
    0x00000590   0x00000590   0x00000058   Code   RO         2269    i.CCC_I2C_ReadReg_COPY_22  ccc_i2c_copy_22.o
    0x000005e8   0x000005e8   0x00000040   Code   RO         2157    i.CCC_I2C_Start     ccc_i2c.o
    0x00000628   0x00000628   0x00000040   Code   RO         2270    i.CCC_I2C_Start     ccc_i2c_copy_22.o
    0x00000668   0x00000668   0x00000034   Code   RO         2158    i.CCC_I2C_Stop      ccc_i2c.o
    0x0000069c   0x0000069c   0x00000034   Code   RO         2271    i.CCC_I2C_Stop      ccc_i2c_copy_22.o
    0x000006d0   0x000006d0   0x0000006c   Code   RO         2159    i.CCC_I2C_WriteByte  ccc_i2c.o
    0x0000073c   0x0000073c   0x0000006c   Code   RO         2272    i.CCC_I2C_WriteByte  ccc_i2c_copy_22.o
    0x000007a8   0x000007a8   0x00000028   Code   RO         2160    i.CCC_I2C_WriteReg  ccc_i2c.o
    0x000007d0   0x000007d0   0x0000004e   Code   RO         2161    i.CCC_I2C_WriteReg_COPY_11  ccc_i2c.o
    0x0000081e   0x0000081e   0x0000004e   Code   RO         2273    i.CCC_I2C_WriteReg_COPY_22  ccc_i2c_copy_22.o
    0x0000086c   0x0000086c   0x00000058   Code   RO         2162    i.CCC_IIC_WaitAck   ccc_i2c.o
    0x000008c4   0x000008c4   0x00000058   Code   RO         2274    i.CCC_IIC_WaitAck   ccc_i2c_copy_22.o
    0x0000091c   0x0000091c   0x00000002   Code   RO         2626    i.CLKTRIM_IRQHandler  cs32l010_it.o
    0x0000091e   0x0000091e   0x00000010   Code   RO         2163    i.Delay             ccc_i2c.o
    0x0000092e   0x0000092e   0x00000010   Code   RO         2275    i.Delay             ccc_i2c_copy_22.o
    0x0000093e   0x0000093e   0x00000002   PAD
    0x00000940   0x00000940   0x00000034   Code   RO         2343    i.Disable_I2C_Write  sw3516h.o
    0x00000974   0x00000974   0x00000064   Code   RO         2344    i.Enable_I2C_Write  sw3516h.o
    0x000009d8   0x000009d8   0x00000002   Code   RO         2563    i.Error_Handler     main.o
    0x000009da   0x000009da   0x00000002   Code   RO         2627    i.FLASH_IRQHandler  cs32l010_it.o
    0x000009dc   0x000009dc   0x00000002   Code   RO         2628    i.GPIOA_IRQHandler  cs32l010_it.o
    0x000009de   0x000009de   0x00000002   Code   RO         2629    i.GPIOB_IRQHandler  cs32l010_it.o
    0x000009e0   0x000009e0   0x00000002   Code   RO         2630    i.GPIOC_IRQHandler  cs32l010_it.o
    0x000009e2   0x000009e2   0x00000002   Code   RO         2631    i.GPIOD_IRQHandler  cs32l010_it.o
    0x000009e4   0x000009e4   0x0000002c   Code   RO           76    i.HAL_Delay         cs32l010_hal.o
    0x00000a10   0x00000a10   0x0000027c   Code   RO          892    i.HAL_GPIO_Init     cs32l010_hal_gpio.o
    0x00000c8c   0x00000c8c   0x00000012   Code   RO          893    i.HAL_GPIO_ReadPin  cs32l010_hal_gpio.o
    0x00000c9e   0x00000c9e   0x00000008   Code   RO          894    i.HAL_GPIO_TogglePin  cs32l010_hal_gpio.o
    0x00000ca6   0x00000ca6   0x0000000c   Code   RO          895    i.HAL_GPIO_WritePin  cs32l010_hal_gpio.o
    0x00000cb2   0x00000cb2   0x00000002   PAD
    0x00000cb4   0x00000cb4   0x0000000c   Code   RO           80    i.HAL_GetTick       cs32l010_hal.o
    0x00000cc0   0x00000cc0   0x00000018   Code   RO           84    i.HAL_IncTick       cs32l010_hal.o
    0x00000cd8   0x00000cd8   0x00000010   Code   RO           85    i.HAL_Init          cs32l010_hal.o
    0x00000ce8   0x00000ce8   0x00000054   Code   RO           86    i.HAL_InitTick      cs32l010_hal.o
    0x00000d3c   0x00000d3c   0x00000002   Code   RO         2826    i.HAL_MspInit       cs32l010_hal_msp.o
    0x00000d3e   0x00000d3e   0x00000010   Code   RO          731    i.HAL_NVIC_SetPriority  cs32l010_hal_cortex.o
    0x00000d4e   0x00000d4e   0x00000002   PAD
    0x00000d50   0x00000d50   0x000001d8   Code   RO         1323    i.HAL_RCC_ClockConfig  cs32l010_hal_rcc.o
    0x00000f28   0x00000f28   0x000000b4   Code   RO         1329    i.HAL_RCC_GetSysClockFreq  cs32l010_hal_rcc.o
    0x00000fdc   0x00000fdc   0x00000470   Code   RO         1331    i.HAL_RCC_OscConfig  cs32l010_hal_rcc.o
    0x0000144c   0x0000144c   0x00000038   Code   RO          735    i.HAL_SYSTICK_Config  cs32l010_hal_cortex.o
    0x00001484   0x00001484   0x00000004   Code   RO         2632    i.HardFault_Handler  cs32l010_it.o
    0x00001488   0x00001488   0x00000002   Code   RO         2633    i.I2C_IRQHandler    cs32l010_it.o
    0x0000148a   0x0000148a   0x00000002   Code   RO         2634    i.IWDG_IRQHandler   cs32l010_it.o
    0x0000148c   0x0000148c   0x0000003c   Code   RO         2564    i.LED_IO_Init       main.o
    0x000014c8   0x000014c8   0x00000002   Code   RO         2635    i.LPTIM_IRQHandler  cs32l010_it.o
    0x000014ca   0x000014ca   0x00000002   Code   RO         2636    i.LPUART_IRQHandler  cs32l010_it.o
    0x000014cc   0x000014cc   0x00000002   Code   RO         2637    i.LVD_IRQHandler    cs32l010_it.o
    0x000014ce   0x000014ce   0x00000002   Code   RO         2638    i.NMI_Handler       cs32l010_it.o
    0x000014d0   0x000014d0   0x00000078   Code   RO          737    i.NVIC_SetPriority  cs32l010_hal_cortex.o
    0x00001548   0x00001548   0x00000002   Code   RO         2639    i.OWIRE_IRQHandler  cs32l010_it.o
    0x0000154a   0x0000154a   0x00000002   Code   RO         2640    i.PCA_IRQHandler    cs32l010_it.o
    0x0000154c   0x0000154c   0x00000002   Code   RO         2641    i.PendSV_Handler    cs32l010_it.o
    0x0000154e   0x0000154e   0x00000002   PAD
    0x00001550   0x00001550   0x0000002c   Code   RO         1332    i.RCC_Delay         cs32l010_hal_rcc.o
    0x0000157c   0x0000157c   0x00000002   Code   RO         2642    i.RTC_IRQHandler    cs32l010_it.o
    0x0000157e   0x0000157e   0x00000002   Code   RO         2643    i.SPI_IRQHandler    cs32l010_it.o
    0x00001580   0x00001580   0x00000002   Code   RO         2644    i.SVC_Handler       cs32l010_it.o
    0x00001582   0x00001582   0x00000002   PAD
    0x00001584   0x00001584   0x00000158   Code   RO         2345    i.SW3516H_Set_PPS   sw3516h.o
    0x000016dc   0x000016dc   0x00000028   Code   RO         2164    i.Set_SDA_In        ccc_i2c.o
    0x00001704   0x00001704   0x00000028   Code   RO         2276    i.Set_SDA_In        ccc_i2c_copy_22.o
    0x0000172c   0x0000172c   0x00000028   Code   RO         2165    i.Set_SDA_Out       ccc_i2c.o
    0x00001754   0x00001754   0x00000028   Code   RO         2277    i.Set_SDA_Out       ccc_i2c_copy_22.o
    0x0000177c   0x0000177c   0x00000028   Code   RO         2645    i.SysTick_Handler   cs32l010_it.o
    0x000017a4   0x000017a4   0x00000054   Code   RO         2565    i.SystemClock_Config  main.o
    0x000017f8   0x000017f8   0x00000040   Code   RO            4    i.SystemInit        system_cs32l010.o
    0x00001838   0x00001838   0x00000002   Code   RO         2646    i.TIM10_IRQHandler  cs32l010_it.o
    0x0000183a   0x0000183a   0x00000002   Code   RO         2647    i.TIM11_IRQHandler  cs32l010_it.o
    0x0000183c   0x0000183c   0x00000002   Code   RO         2648    i.TIM1_IRQHandler   cs32l010_it.o
    0x0000183e   0x0000183e   0x00000002   Code   RO         2649    i.TIM2_IRQHandler   cs32l010_it.o
    0x00001840   0x00001840   0x00000002   Code   RO         2650    i.UART0_IRQHandler  cs32l010_it.o
    0x00001842   0x00001842   0x00000002   Code   RO         2651    i.UART1_IRQHandler  cs32l010_it.o
    0x00001844   0x00001844   0x00000002   Code   RO         2652    i.VC_IRQHandler     cs32l010_it.o
    0x00001846   0x00001846   0x00000002   Code   RO         2653    i.WWDG_IRQHandler   cs32l010_it.o
    0x00001848   0x00001848   0x0000001c   Code   RO          491    i.__ARM_common_switch8  cs32l010_hal_adc.o
    0x00001864   0x00001864   0x00000390   Code   RO         2507    i.change_Power      sw3516h_user.o
    0x00001bf4   0x00001bf4   0x000002c8   Code   RO         2508    i.check_Port        sw3516h_user.o
    0x00001ebc   0x00001ebc   0x00000124   Code   RO         2347    i.check_Samsung     sw3516h.o
    0x00001fe0   0x00001fe0   0x00000098   Code   RO         2509    i.cycle_check       sw3516h_user.o
    0x00002078   0x00002078   0x000001ec   Code   RO         2510    i.init_setting_reg  sw3516h_user.o
    0x00002264   0x00002264   0x0000009c   Code   RO         2511    i.init_sw3516       sw3516h_user.o
    0x00002300   0x00002300   0x00000214   Code   RO         2566    i.main              main.o
    0x00002514   0x00002514   0x00000028   Code   RO         2348    i.set_src_change    sw3516h.o
    0x0000253c   0x0000253c   0x00000074   Code   RO         2349    i.sw3516_Both_CUR_LIM  sw3516h.o
    0x000025b0   0x000025b0   0x00000118   Code   RO         2351    i.sw3516_Change_PD_2  sw3516h.o
    0x000026c8   0x000026c8   0x00000026   Code   RO         2353    i.sw3516_Check_Port_A_1  sw3516h.o
    0x000026ee   0x000026ee   0x00000026   Code   RO         2354    i.sw3516_Check_Port_C_1  sw3516h.o
    0x00002714   0x00002714   0x0000001c   Code   RO         2355    i.sw3516_Check_Port_C_2  sw3516h.o
    0x00002730   0x00002730   0x00000074   Code   RO         2356    i.sw3516_Enable__SCP  sw3516h.o
    0x000027a4   0x000027a4   0x00000074   Code   RO         2357    i.sw3516_Except_PD_V  sw3516h.o
    0x00002818   0x00002818   0x00000088   Code   RO         2358    i.sw3516_Except_PD_W  sw3516h.o
    0x000028a0   0x000028a0   0x000000a4   Code   RO         2359    i.sw3516_OFF_CC     sw3516h.o
    0x00002944   0x00002944   0x00000058   Code   RO         2360    i.sw3516_OpenPDO_20V  sw3516h.o
    0x0000299c   0x0000299c   0x0000001a   Code   RO         2361    i.sw3516_Read_AD_Value  sw3516h.o
    0x000029b6   0x000029b6   0x0000000a   Code   RO         2362    i.sw3516_Read_AD_Value_H  sw3516h.o
    0x000029c0   0x000029c0   0x0000006c   Code   RO         2363    i.sw3516_Set_DMDP   sw3516h.o
    0x00002a2c   0x00002a2c   0x00000070   Code   RO         2364    i.sw3516_Set_Mode   sw3516h.o
    0x00002a9c   0x00002a9c   0x0000001c   Code   RO         2365    i.sw3516_set_ADC_Source  sw3516h.o
    0x00002ab8   0x00002ab8   0x00000020   Data   RO         3025    Region$$Table       anon$$obj.o


    Execution Region RW_IRAM1 (Exec base: 0x20000000, Load base: 0x00002ad8, Size: 0x000004a0, Max: 0x00001000, ABSOLUTE)

    Exec Addr    Load Addr    Size         Type   Attr      Idx    E Section Name        Object

    0x20000000   0x00002ad8   0x00000004   Data   RW            5    .data               system_cs32l010.o
    0x20000004   0x00002adc   0x00000009   Data   RW           92    .data               cs32l010_hal.o
    0x2000000d   0x00002ae5   0x00000003   Data   RW         2367    .data               sw3516h.o
    0x20000010   0x00002ae8   0x00000006   Data   RW         2513    .data               sw3516h_user.o
    0x20000016   0x00002aee   0x00000003   Data   RW         2567    .data               main.o
    0x20000019   0x00002af1   0x00000003   PAD
    0x2000001c        -       0x00000018   Zero   RW         2366    .bss                sw3516h.o
    0x20000034        -       0x0000000c   Zero   RW         2512    .bss                sw3516h_user.o
    0x20000040        -       0x00000060   Zero   RW         2898    .bss                c_p.l(libspace.o)
    0x200000a0        -       0x00000200   Zero   RW           65    HEAP                startup_cs32l010.o
    0x200002a0        -       0x00000200   Zero   RW           64    STACK               startup_cs32l010.o


==============================================================================

Image component sizes


      Code (inc. data)   RO Data    RW Data    ZI Data      Debug   Object Name

       830         48          0          0          0      13169   ccc_i2c.o
       758         38          0          0          0       5760   ccc_i2c_copy_22.o
       180         34          0          9          0      13181   cs32l010_hal.o
        28          0          0          0          0         76   cs32l010_hal_adc.o
       192         20          0          0          0       8372   cs32l010_hal_cortex.o
       674          0          0          0          0       3288   cs32l010_hal_gpio.o
         2          0          0          0          0        410   cs32l010_hal_msp.o
      1832         96          0          0          0       4060   cs32l010_hal_rcc.o
       100          4          0          0          0      12380   cs32l010_it.o
       678         30          0          3          0       9766   main.o
        56         26        192          0       1024        724   startup_cs32l010.o
      2232        130          0          3         24      13437   sw3516h.o
      2424         74          0          6         12       5623   sw3516h_user.o
        64         16          0          4          0     124919   system_cs32l010.o

    ----------------------------------------------------------------------
     10062        516        224         28       1060     215165   Object Totals
         0          0         32          0          0          0   (incl. Generated)
        12          0          0          3          0          0   (incl. Padding)

    ----------------------------------------------------------------------

      Code (inc. data)   RO Data    RW Data    ZI Data      Debug   Library Member Name

         8          0          0          0          0         68   __main.o
         0          0          0          0          0          0   __rtentry.o
        12          0          0          0          0          0   __rtentry2.o
         6          0          0          0          0          0   __rtentry4.o
        60          8          0          0          0          0   __scatter.o
        26          0          0          0          0          0   __scatter_copy.o
        28          0          0          0          0          0   __scatter_zi.o
       346          0          0          0          0         92   aeabi_sdiv.o
        16          0          0          0          0         68   exit.o
         6          0          0          0          0        136   heapauxi.o
         0          0          0          0          0          0   indicate_semi.o
         2          0          0          0          0          0   libinit.o
         2          0          0          0          0          0   libinit2.o
         2          0          0          0          0          0   libshutdown.o
         2          0          0          0          0          0   libshutdown2.o
         8          4          0          0         96         68   libspace.o
        64          0          0          0          0        108   rt_memclr.o
         2          0          0          0          0          0   rtexit.o
        10          0          0          0          0          0   rtexit2.o
        12          4          0          0          0         60   sys_exit.o
        62          0          0          0          0         80   sys_stackheap_outer.o
         2          0          0          0          0         68   use_no_semi.o

    ----------------------------------------------------------------------
       682         16          0          0         96        748   Library Totals
         6          0          0          0          0          0   (incl. Padding)

    ----------------------------------------------------------------------

      Code (inc. data)   RO Data    RW Data    ZI Data      Debug   Library Name

       676         16          0          0         96        748   c_p.l

    ----------------------------------------------------------------------
       682         16          0          0         96        748   Library Totals

    ----------------------------------------------------------------------

==============================================================================


      Code (inc. data)   RO Data    RW Data    ZI Data      Debug   

     10744        532        224         28       1156     211413   Grand Totals
     10744        532        224         28       1156     211413   ELF Image Totals
     10744        532        224         28          0          0   ROM Totals

==============================================================================

    Total RO  Size (Code + RO Data)                10968 (  10.71kB)
    Total RW  Size (RW Data + ZI Data)              1184 (   1.16kB)
    Total ROM Size (Code + RO Data + RW Data)      10996 (  10.74kB)

==============================================================================

