Component: ARM Compiler 5.06 update 6 (build 750) Tool: armlink [4d35ed]

==============================================================================

Section Cross References

    system_cs32l010.o(i.SystemCoreClockUpdate) refers to aeabi_sdiv.o(.text) for __aeabi_uidivmod
    system_cs32l010.o(i.SystemCoreClockUpdate) refers to system_cs32l010.o(.data) for SystemCoreClock
    startup_cs32l010.o(STACK) refers (Special) to heapauxi.o(.text) for __use_two_region_memory
    startup_cs32l010.o(HEAP) refers (Special) to heapauxi.o(.text) for __use_two_region_memory
    startup_cs32l010.o(RESET) refers (Special) to heapauxi.o(.text) for __use_two_region_memory
    startup_cs32l010.o(RESET) refers to startup_cs32l010.o(STACK) for __initial_sp
    startup_cs32l010.o(RESET) refers to startup_cs32l010.o(.text) for Reset_Handler
    startup_cs32l010.o(RESET) refers to cs32l010_it.o(i.NMI_Handler) for NMI_Handler
    startup_cs32l010.o(RESET) refers to cs32l010_it.o(i.HardFault_Handler) for HardFault_Handler
    startup_cs32l010.o(RESET) refers to cs32l010_it.o(i.SVC_Handler) for SVC_Handler
    startup_cs32l010.o(RESET) refers to cs32l010_it.o(i.PendSV_Handler) for PendSV_Handler
    startup_cs32l010.o(RESET) refers to cs32l010_it.o(i.SysTick_Handler) for SysTick_Handler
    startup_cs32l010.o(RESET) refers to cs32l010_it.o(i.GPIOA_IRQHandler) for GPIOA_IRQHandler
    startup_cs32l010.o(RESET) refers to cs32l010_it.o(i.GPIOB_IRQHandler) for GPIOB_IRQHandler
    startup_cs32l010.o(RESET) refers to cs32l010_it.o(i.GPIOC_IRQHandler) for GPIOC_IRQHandler
    startup_cs32l010.o(RESET) refers to cs32l010_it.o(i.GPIOD_IRQHandler) for GPIOD_IRQHandler
    startup_cs32l010.o(RESET) refers to cs32l010_it.o(i.FLASH_IRQHandler) for FLASH_IRQHandler
    startup_cs32l010.o(RESET) refers to cs32l010_it.o(i.UART0_IRQHandler) for UART0_IRQHandler
    startup_cs32l010.o(RESET) refers to cs32l010_it.o(i.UART1_IRQHandler) for UART1_IRQHandler
    startup_cs32l010.o(RESET) refers to cs32l010_it.o(i.LPUART_IRQHandler) for LPUART_IRQHandler
    startup_cs32l010.o(RESET) refers to cs32l010_it.o(i.SPI_IRQHandler) for SPI_IRQHandler
    startup_cs32l010.o(RESET) refers to cs32l010_it.o(i.I2C_IRQHandler) for I2C_IRQHandler
    startup_cs32l010.o(RESET) refers to cs32l010_it.o(i.TIM10_IRQHandler) for TIM10_IRQHandler
    startup_cs32l010.o(RESET) refers to cs32l010_it.o(i.TIM11_IRQHandler) for TIM11_IRQHandler
    startup_cs32l010.o(RESET) refers to cs32l010_it.o(i.LPTIM_IRQHandler) for LPTIM_IRQHandler
    startup_cs32l010.o(RESET) refers to cs32l010_it.o(i.TIM1_IRQHandler) for TIM1_IRQHandler
    startup_cs32l010.o(RESET) refers to cs32l010_it.o(i.TIM2_IRQHandler) for TIM2_IRQHandler
    startup_cs32l010.o(RESET) refers to cs32l010_it.o(i.PCA_IRQHandler) for PCA_IRQHandler
    startup_cs32l010.o(RESET) refers to cs32l010_it.o(i.WWDG_IRQHandler) for WWDG_IRQHandler
    startup_cs32l010.o(RESET) refers to cs32l010_it.o(i.IWDG_IRQHandler) for IWDG_IRQHandler
    startup_cs32l010.o(RESET) refers to cs32l010_it.o(i.ADC_IRQHandler) for ADC_IRQHandler
    startup_cs32l010.o(RESET) refers to cs32l010_it.o(i.LVD_IRQHandler) for LVD_IRQHandler
    startup_cs32l010.o(RESET) refers to cs32l010_it.o(i.VC_IRQHandler) for VC_IRQHandler
    startup_cs32l010.o(RESET) refers to cs32l010_it.o(i.AWK_IRQHandler) for AWK_IRQHandler
    startup_cs32l010.o(RESET) refers to cs32l010_it.o(i.OWIRE_IRQHandler) for OWIRE_IRQHandler
    startup_cs32l010.o(RESET) refers to cs32l010_it.o(i.RTC_IRQHandler) for RTC_IRQHandler
    startup_cs32l010.o(RESET) refers to cs32l010_it.o(i.CLKTRIM_IRQHandler) for CLKTRIM_IRQHandler
    startup_cs32l010.o(.text) refers (Special) to heapauxi.o(.text) for __use_two_region_memory
    startup_cs32l010.o(.text) refers to system_cs32l010.o(i.SystemInit) for SystemInit
    startup_cs32l010.o(.text) refers to __main.o(!!!main) for __main
    startup_cs32l010.o(.text) refers to startup_cs32l010.o(HEAP) for Heap_Mem
    startup_cs32l010.o(.text) refers to startup_cs32l010.o(STACK) for Stack_Mem
    cs32l010_hal.o(i.HAL_DeInit) refers to cs32l010_hal.o(i.HAL_MspDeInit) for HAL_MspDeInit
    cs32l010_hal.o(i.HAL_Delay) refers to cs32l010_hal.o(i.HAL_GetTick) for HAL_GetTick
    cs32l010_hal.o(i.HAL_Delay) refers to cs32l010_hal.o(.data) for uwTickFreq
    cs32l010_hal.o(i.HAL_GetTick) refers to cs32l010_hal.o(.data) for uwTick
    cs32l010_hal.o(i.HAL_GetTickFreq) refers to cs32l010_hal.o(.data) for uwTickFreq
    cs32l010_hal.o(i.HAL_GetTickPrio) refers to cs32l010_hal.o(.data) for uwTickPrio
    cs32l010_hal.o(i.HAL_IncTick) refers to cs32l010_hal.o(.data) for uwTick
    cs32l010_hal.o(i.HAL_Init) refers to cs32l010_hal.o(i.HAL_InitTick) for HAL_InitTick
    cs32l010_hal.o(i.HAL_Init) refers to cs32l010_hal_msp.o(i.HAL_MspInit) for HAL_MspInit
    cs32l010_hal.o(i.HAL_InitTick) refers to aeabi_sdiv.o(.text) for __aeabi_uidivmod
    cs32l010_hal.o(i.HAL_InitTick) refers to cs32l010_hal_cortex.o(i.HAL_SYSTICK_Config) for HAL_SYSTICK_Config
[...]
    Removing cs32l010_hal_awk.o(i.HAL_AWK_WakeUpCallback), (2 bytes).
    Removing cs32l010_hal_basetim.o(.rev16_text), (4 bytes).
    Removing cs32l010_hal_basetim.o(.revsh_text), (4 bytes).
    Removing cs32l010_hal_basetim.o(i.BASETIM_Base_SetConfig), (62 bytes).
    Removing cs32l010_hal_basetim.o(i.HAL_BASETIM_Base_DeInit), (46 bytes).
    Removing cs32l010_hal_basetim.o(i.HAL_BASETIM_Base_Init), (56 bytes).
    Removing cs32l010_hal_basetim.o(i.HAL_BASETIM_Base_MspDeInit), (2 bytes).
    Removing cs32l010_hal_basetim.o(i.HAL_BASETIM_Base_MspInit), (2 bytes).
    Removing cs32l010_hal_basetim.o(i.HAL_BASETIM_Base_Start), (30 bytes).
    Removing cs32l010_hal_basetim.o(i.HAL_BASETIM_Base_Start_IT), (30 bytes).
    Removing cs32l010_hal_basetim.o(i.HAL_BASETIM_Base_Stop), (30 bytes).
    Removing cs32l010_hal_basetim.o(i.HAL_BASETIM_Base_Stop_IT), (30 bytes).
    Removing cs32l010_hal_basetim.o(i.HAL_BASETIM_IRQHandler), (56 bytes).
    Removing cs32l010_hal_basetim.o(i.HAL_BASETIM_PeriodElapsedCallback), (2 bytes).
    Removing cs32l010_hal_clktrim.o(.rev16_text), (4 bytes).
    Removing cs32l010_hal_clktrim.o(.revsh_text), (4 bytes).
    Removing cs32l010_hal_clktrim.o(i.CLKTRIM_SetConfig), (68 bytes).
    Removing cs32l010_hal_clktrim.o(i.HAL_CLKTRIM_DeInit), (52 bytes).
    Removing cs32l010_hal_clktrim.o(i.HAL_CLKTRIM_Disable), (38 bytes).
    Removing cs32l010_hal_clktrim.o(i.HAL_CLKTRIM_Enable), (26 bytes).
    Removing cs32l010_hal_clktrim.o(i.HAL_CLKTRIM_Enable_IT), (38 bytes).
    Removing cs32l010_hal_clktrim.o(i.HAL_CLKTRIM_Init), (44 bytes).
    Removing cs32l010_hal_clktrim.o(i.HAL_CLKTRIM_MspDeInit), (2 bytes).
    Removing cs32l010_hal_clktrim.o(i.HAL_CLKTRIM_MspInit), (2 bytes).
    Removing cs32l010_hal_cortex.o(.rev16_text), (4 bytes).
    Removing cs32l010_hal_cortex.o(.revsh_text), (4 bytes).
    Removing cs32l010_hal_cortex.o(i.HAL_NVIC_ClearPendingIRQ), (24 bytes).
    Removing cs32l010_hal_cortex.o(i.HAL_NVIC_DisableIRQ), (24 bytes).
    Removing cs32l010_hal_cortex.o(i.HAL_NVIC_EnableIRQ), (24 bytes).
    Removing cs32l010_hal_cortex.o(i.HAL_NVIC_GetPendingIRQ), (40 bytes).
    Removing cs32l010_hal_cortex.o(i.HAL_NVIC_GetPriority), (48 bytes).
    Removing cs32l010_hal_cortex.o(i.HAL_NVIC_SetPendingIRQ), (24 bytes).
    Removing cs32l010_hal_cortex.o(i.HAL_NVIC_SystemReset), (56 bytes).
    Removing cs32l010_hal_cortex.o(i.HAL_SYSTICK_CLKSourceConfig), (36 bytes).
    Removing cs32l010_hal_cortex.o(i.HAL_SYSTICK_Callback), (2 bytes).
    Removing cs32l010_hal_cortex.o(i.HAL_SYSTICK_IRQHandler), (8 bytes).
    Removing cs32l010_hal_crc.o(.rev16_text), (4 bytes).
    Removing cs32l010_hal_crc.o(.revsh_text), (4 bytes).
    Removing cs32l010_hal_crc.o(i.HAL_CRC_Accumulate), (66 bytes).
    Removing cs32l010_hal_crc.o(i.HAL_CRC_Calculate), (108 bytes).
    Removing cs32l010_hal_crc.o(i.HAL_CRC_DeInit), (68 bytes).
    Removing cs32l010_hal_crc.o(i.HAL_CRC_GetState), (6 bytes).
    Removing cs32l010_hal_crc.o(i.HAL_CRC_Init), (44 bytes).
    Removing cs32l010_hal_crc.o(i.HAL_CRC_MspDeInit), (2 bytes).
    Removing cs32l010_hal_crc.o(i.HAL_CRC_MspInit), (2 bytes).
    Removing cs32l010_hal_crc.o(i.HAL_Get_CRC_RESULT_FLAG), (24 bytes).
    Removing cs32l010_hal_gpio.o(.rev16_text), (4 bytes).
    Removing cs32l010_hal_gpio.o(.revsh_text), (4 bytes).
    Removing cs32l010_hal_gpio.o(i.HAL_GPIO_DeInit), (130 bytes).
    Removing cs32l010_hal_gpio.o(i.HAL_GPIO_EXTI_Callback), (2 bytes).
    Removing cs32l010_hal_gpio.o(i.HAL_GPIO_EXTI_IRQHandler), (26 bytes).
    Removing cs32l010_hal_gpio.o(i.HAL_GPIO_ReadPin), (18 bytes).
    Removing cs32l010_hal_gpio.o(i.HAL_GPIO_TogglePin), (8 bytes).
    Removing cs32l010_hal_gpio.o(i.HAL_GPIO_WritePin), (12 bytes).
    Removing cs32l010_hal_i2c.o(.rev16_text), (4 bytes).
    Removing cs32l010_hal_i2c.o(.revsh_text), (4 bytes).
    Removing cs32l010_hal_i2c.o(i.HAL_I2C_ACK_Config), (32 bytes).
    Removing cs32l010_hal_i2c.o(i.HAL_I2C_Check_Flag), (30 bytes).
    Removing cs32l010_hal_i2c.o(i.HAL_I2C_Clear_Interrupt_Flag), (14 bytes).
    Removing cs32l010_hal_i2c.o(i.HAL_I2C_DeInit), (58 bytes).
    Removing cs32l010_hal_i2c.o(i.HAL_I2C_Get_Interrupt_Flag), (14 bytes).
    Removing cs32l010_hal_i2c.o(i.HAL_I2C_IRQHandler), (26 bytes).
    Removing cs32l010_hal_i2c.o(i.HAL_I2C_Init), (242 bytes).
    Removing cs32l010_hal_i2c.o(i.HAL_I2C_MasterCallback), (2 bytes).
    Removing cs32l010_hal_i2c.o(i.HAL_I2C_Master_Receive), (274 bytes).
    Removing cs32l010_hal_i2c.o(i.HAL_I2C_Master_Transmit), (178 bytes).
    Removing cs32l010_hal_i2c.o(i.HAL_I2C_Master_Transmit_NOStop), (176 bytes).
    Removing cs32l010_hal_i2c.o(i.HAL_I2C_MspDeInit), (2 bytes).
    Removing cs32l010_hal_i2c.o(i.HAL_I2C_MspInit), (2 bytes).
    Removing cs32l010_hal_i2c.o(i.HAL_I2C_Receive_Byte), (8 bytes).
    Removing cs32l010_hal_i2c.o(i.HAL_I2C_Send_Address), (42 bytes).
    Removing cs32l010_hal_i2c.o(i.HAL_I2C_Send_Byte), (18 bytes).
    Removing cs32l010_hal_i2c.o(i.HAL_I2C_SlaveCallback), (2 bytes).
    Removing cs32l010_hal_i2c.o(i.HAL_I2C_Slave_Receive), (158 bytes).
    Removing cs32l010_hal_i2c.o(i.HAL_I2C_Slave_Transmit), (144 bytes).
    Removing cs32l010_hal_i2c.o(i.HAL_I2C_Start_Config), (32 bytes).
    Removing cs32l010_hal_i2c.o(i.HAL_I2C_Stop_Config), (44 bytes).
    Removing cs32l010_hal_i2c.o(i.HAL_I2C_Wait_Flag), (58 bytes).
    Removing cs32l010_hal_owire.o(.rev16_text), (4 bytes).
    Removing cs32l010_hal_owire.o(.revsh_text), (4 bytes).
    Removing cs32l010_hal_owire.o(i.HAL_OWIRE_Command_Init), (52 bytes).
    Removing cs32l010_hal_owire.o(i.HAL_OWIRE_Command_Init_IT_Start), (12 bytes).
    Removing cs32l010_hal_owire.o(i.HAL_OWIRE_Command_Rx), (78 bytes).
    Removing cs32l010_hal_owire.o(i.HAL_OWIRE_Command_Rx_IT_Start), (32 bytes).
    Removing cs32l010_hal_owire.o(i.HAL_OWIRE_Command_Tx), (78 bytes).
    Removing cs32l010_hal_owire.o(i.HAL_OWIRE_Command_Tx_IT_Start), (64 bytes).
    Removing cs32l010_hal_owire.o(i.HAL_OWIRE_DeInit), (46 bytes).
    Removing cs32l010_hal_owire.o(i.HAL_OWIRE_ErrorCallback), (2 bytes).
    Removing cs32l010_hal_owire.o(i.HAL_OWIRE_IRQHandler), (84 bytes).
    Removing cs32l010_hal_owire.o(i.HAL_OWIRE_Init), (164 bytes).
    Removing cs32l010_hal_owire.o(i.HAL_OWIRE_InitDoneCallback), (2 bytes).
    Removing cs32l010_hal_owire.o(i.HAL_OWIRE_MspDeInit), (2 bytes).
    Removing cs32l010_hal_owire.o(i.HAL_OWIRE_MspInit), (2 bytes).
    Removing cs32l010_hal_owire.o(i.HAL_OWIRE_Receive), (232 bytes).
    Removing cs32l010_hal_owire.o(i.HAL_OWIRE_Receive_IT), (96 bytes).
    Removing cs32l010_hal_owire.o(i.HAL_OWIRE_RxCpltCallback), (2 bytes).
    Removing cs32l010_hal_owire.o(i.HAL_OWIRE_Transmit), (216 bytes).
    Removing cs32l010_hal_owire.o(i.HAL_OWIRE_TransmitReceive), (314 bytes).
    Removing cs32l010_hal_owire.o(i.HAL_OWIRE_TransmitReceive_IT), (112 bytes).
    Removing cs32l010_hal_owire.o(i.HAL_OWIRE_Transmit_IT), (92 bytes).
    Removing cs32l010_hal_owire.o(i.HAL_OWIRE_TxCpltCallback), (2 bytes).
    Removing cs32l010_hal_owire.o(i.HAL_OWIRE_TxRxCpltCallback), (2 bytes).
    Removing cs32l010_hal_owire.o(i.OWIRE_InitDoneISR), (58 bytes).
    Removing cs32l010_hal_owire.o(i.OWIRE_RxDoneISR), (114 bytes).
    Removing cs32l010_hal_owire.o(i.OWIRE_TxDoneISR), (100 bytes).
    Removing cs32l010_hal_owire.o(i.OWIRE_WaitOnFlagUntilTimeout), (82 bytes).
    Removing cs32l010_hal_pwr.o(.rev16_text), (4 bytes).
    Removing cs32l010_hal_pwr.o(.revsh_text), (4 bytes).
    Removing cs32l010_hal_pwr.o(i.HAL_PWR_DisableSEVOnPend), (20 bytes).
    Removing cs32l010_hal_pwr.o(i.HAL_PWR_DisableSleepOnExit), (20 bytes).
    Removing cs32l010_hal_pwr.o(i.HAL_PWR_EnableSEVOnPend), (20 bytes).
    Removing cs32l010_hal_pwr.o(i.HAL_PWR_EnableSleepOnExit), (20 bytes).
    Removing cs32l010_hal_pwr.o(i.HAL_PWR_EnterDEEPSLEEPMode), (24 bytes).
    Removing cs32l010_hal_pwr.o(i.HAL_PWR_EnterSLEEPMode), (32 bytes).
    Removing cs32l010_hal_rcc.o(.rev16_text), (4 bytes).
    Removing cs32l010_hal_rcc.o(.revsh_text), (4 bytes).
    Removing cs32l010_hal_rcc.o(i.HAL_RCC_DeInit), (368 bytes).
    Removing cs32l010_hal_rcc.o(i.HAL_RCC_GetClockConfig), (36 bytes).
    Removing cs32l010_hal_rcc.o(i.HAL_RCC_GetHCLKFreq), (12 bytes).
    Removing cs32l010_hal_rcc.o(i.HAL_RCC_GetOscConfig), (140 bytes).
    Removing cs32l010_hal_rcc.o(i.HAL_RCC_GetPCLKFreq), (40 bytes).
    Removing cs32l010_hal_rcc.o(i.HAL_RCC_MCOConfig), (120 bytes).
    Removing cs32l010_hal_tim.o(.rev16_text), (4 bytes).
    Removing cs32l010_hal_tim.o(.revsh_text), (4 bytes).
    Removing cs32l010_hal_tim.o(i.HAL_TIM_Base_DeInit), (72 bytes).
    Removing cs32l010_hal_tim.o(i.HAL_TIM_Base_GetState), (6 bytes).
    Removing cs32l010_hal_tim.o(i.HAL_TIM_Base_Init), (46 bytes).
    Removing cs32l010_hal_tim.o(i.HAL_TIM_Base_MspDeInit), (2 bytes).
    Removing cs32l010_hal_tim.o(i.HAL_TIM_Base_MspInit), (2 bytes).
    Removing cs32l010_hal_tim.o(i.HAL_TIM_Base_Start), (26 bytes).
    Removing cs32l010_hal_tim.o(i.HAL_TIM_Base_Start_IT), (30 bytes).
    Removing cs32l010_hal_tim.o(i.HAL_TIM_Base_Stop), (60 bytes).
    Removing cs32l010_hal_tim.o(i.HAL_TIM_Base_Stop_IT), (64 bytes).
    Removing cs32l010_hal_tim.o(i.HAL_TIM_BreakCallback), (2 bytes).
    Removing cs32l010_hal_tim.o(i.HAL_TIM_CommutationCallback), (2 bytes).
    Removing cs32l010_hal_tim.o(i.HAL_TIM_ConfigBreakDeadTime), (148 bytes).
    Removing cs32l010_hal_tim.o(i.HAL_TIM_ConfigClockSource), (308 bytes).
    Removing cs32l010_hal_tim.o(i.HAL_TIM_ConfigOCrefClear), (262 bytes).
    Removing cs32l010_hal_tim.o(i.HAL_TIM_ConfigTI1Input), (34 bytes).
    Removing cs32l010_hal_tim.o(i.HAL_TIM_Encoder_DeInit), (72 bytes).
    Removing cs32l010_hal_tim.o(i.HAL_TIM_Encoder_GetState), (6 bytes).
    Removing cs32l010_hal_tim.o(i.HAL_TIM_Encoder_Init), (188 bytes).
    Removing cs32l010_hal_tim.o(i.HAL_TIM_Encoder_MspDeInit), (2 bytes).
    Removing cs32l010_hal_tim.o(i.HAL_TIM_Encoder_MspInit), (2 bytes).
    Removing cs32l010_hal_tim.o(i.HAL_TIM_Encoder_Start), (80 bytes).
    Removing cs32l010_hal_tim.o(i.HAL_TIM_Encoder_Start_IT), (128 bytes).
    Removing cs32l010_hal_tim.o(i.HAL_TIM_Encoder_Stop), (112 bytes).
    Removing cs32l010_hal_tim.o(i.HAL_TIM_Encoder_Stop_IT), (160 bytes).
    Removing cs32l010_hal_tim.o(i.HAL_TIM_ErrorCallback), (2 bytes).
    Removing cs32l010_hal_tim.o(i.HAL_TIM_GenerateEvent), (44 bytes).
    Removing cs32l010_hal_tim.o(i.HAL_TIM_IC_CaptureCallback), (2 bytes).
    Removing cs32l010_hal_tim.o(i.HAL_TIM_IC_ConfigChannel), (216 bytes).
    Removing cs32l010_hal_tim.o(i.HAL_TIM_IC_DeInit), (72 bytes).
    Removing cs32l010_hal_tim.o(i.HAL_TIM_IC_GetState), (6 bytes).
    Removing cs32l010_hal_tim.o(i.HAL_TIM_IC_Init), (46 bytes).
    Removing cs32l010_hal_tim.o(i.HAL_TIM_IC_MspDeInit), (2 bytes).
    Removing cs32l010_hal_tim.o(i.HAL_TIM_IC_MspInit), (2 bytes).
    Removing cs32l010_hal_tim.o(i.HAL_TIM_IC_Start), (32 bytes).
    Removing cs32l010_hal_tim.o(i.HAL_TIM_IC_Start_IT), (110 bytes).
    Removing cs32l010_hal_tim.o(i.HAL_TIM_IC_Stop), (64 bytes).
    Removing cs32l010_hal_tim.o(i.HAL_TIM_IC_Stop_IT), (144 bytes).
    Removing cs32l010_hal_tim.o(i.HAL_TIM_IRQHandler), (456 bytes).
    Removing cs32l010_hal_tim.o(i.HAL_TIM_OC_ConfigChannel), (108 bytes).
    Removing cs32l010_hal_tim.o(i.HAL_TIM_OC_DeInit), (72 bytes).
    Removing cs32l010_hal_tim.o(i.HAL_TIM_OC_DelayElapsedCallback), (2 bytes).
    Removing cs32l010_hal_tim.o(i.HAL_TIM_OC_GetState), (6 bytes).
    Removing cs32l010_hal_tim.o(i.HAL_TIM_OC_Init), (46 bytes).
    Removing cs32l010_hal_tim.o(i.HAL_TIM_OC_MspDeInit), (2 bytes).
    Removing cs32l010_hal_tim.o(i.HAL_TIM_OC_MspInit), (2 bytes).
    Removing cs32l010_hal_tim.o(i.HAL_TIM_OC_Start), (68 bytes).
    Removing cs32l010_hal_tim.o(i.HAL_TIM_OC_Start_IT), (148 bytes).
    Removing cs32l010_hal_tim.o(i.HAL_TIM_OC_Stop), (128 bytes).
    Removing cs32l010_hal_tim.o(i.HAL_TIM_OC_Stop_IT), (208 bytes).
    Removing cs32l010_hal_tim.o(i.HAL_TIM_OnePulse_ConfigChannel), (286 bytes).
    Removing cs32l010_hal_tim.o(i.HAL_TIM_OnePulse_DeInit), (72 bytes).
    Removing cs32l010_hal_tim.o(i.HAL_TIM_OnePulse_GetState), (6 bytes).
    Removing cs32l010_hal_tim.o(i.HAL_TIM_OnePulse_Init), (70 bytes).
    Removing cs32l010_hal_tim.o(i.HAL_TIM_OnePulse_MspDeInit), (2 bytes).
    Removing cs32l010_hal_tim.o(i.HAL_TIM_OnePulse_MspInit), (2 bytes).
    Removing cs32l010_hal_tim.o(i.HAL_TIM_OnePulse_Start), (68 bytes).
    Removing cs32l010_hal_tim.o(i.HAL_TIM_OnePulse_Start_IT), (92 bytes).
    Removing cs32l010_hal_tim.o(i.HAL_TIM_OnePulse_Stop), (140 bytes).
    Removing cs32l010_hal_tim.o(i.HAL_TIM_OnePulse_Stop_IT), (164 bytes).
    Removing cs32l010_hal_tim.o(i.HAL_TIM_PWMN_Start), (46 bytes).
    Removing cs32l010_hal_tim.o(i.HAL_TIM_PWMN_Start_IT), (118 bytes).
    Removing cs32l010_hal_tim.o(i.HAL_TIM_PWMN_Stop), (108 bytes).
    Removing cs32l010_hal_tim.o(i.HAL_TIM_PWMN_Stop_IT), (196 bytes).
    Removing cs32l010_hal_tim.o(i.HAL_TIM_PWM_ConfigChannel), (264 bytes).
    Removing cs32l010_hal_tim.o(i.HAL_TIM_PWM_DeInit), (72 bytes).
    Removing cs32l010_hal_tim.o(i.HAL_TIM_PWM_GetState), (6 bytes).
    Removing cs32l010_hal_tim.o(i.HAL_TIM_PWM_Init), (46 bytes).
    Removing cs32l010_hal_tim.o(i.HAL_TIM_PWM_MspDeInit), (2 bytes).
    Removing cs32l010_hal_tim.o(i.HAL_TIM_PWM_MspInit), (2 bytes).
    Removing cs32l010_hal_tim.o(i.HAL_TIM_PWM_PulseFinishedCallback), (2 bytes).
    Removing cs32l010_hal_tim.o(i.HAL_TIM_PWM_Start), (68 bytes).
    Removing cs32l010_hal_tim.o(i.HAL_TIM_PWM_Start_IT), (148 bytes).
    Removing cs32l010_hal_tim.o(i.HAL_TIM_PWM_Stop), (132 bytes).
    Removing cs32l010_hal_tim.o(i.HAL_TIM_PWM_Stop_IT), (208 bytes).
    Removing cs32l010_hal_tim.o(i.HAL_TIM_PeriodElapsedCallback), (2 bytes).
    Removing cs32l010_hal_tim.o(i.HAL_TIM_ReadCapturedValue), (80 bytes).
    Removing cs32l010_hal_tim.o(i.HAL_TIM_SlaveConfigSynchronization), (64 bytes).
    Removing cs32l010_hal_tim.o(i.HAL_TIM_SlaveConfigSynchronization_IT), (64 bytes).
    Removing cs32l010_hal_tim.o(i.HAL_TIM_TriggerCallback), (2 bytes).
    Removing cs32l010_hal_tim.o(i.TIM_Base_SetConfig), (104 bytes).
    Removing cs32l010_hal_tim.o(i.TIM_CCxChannelCmd), (28 bytes).
    Removing cs32l010_hal_tim.o(i.TIM_CCxNChannelCmd), (28 bytes).
    Removing cs32l010_hal_tim.o(i.TIM_ETR_SetConfig), (30 bytes).
    Removing cs32l010_hal_tim.o(i.TIM_ITRx_SetConfig), (26 bytes).
    Removing cs32l010_hal_tim.o(i.TIM_OC1_SetConfig), (124 bytes).
    Removing cs32l010_hal_tim.o(i.TIM_OC2_SetConfig), (144 bytes).
    Removing cs32l010_hal_tim.o(i.TIM_OC3_SetConfig), (136 bytes).
    Removing cs32l010_hal_tim.o(i.TIM_OC4_SetConfig), (104 bytes).
    Removing cs32l010_hal_tim.o(i.TIM_SlaveTimer_SetConfig), (172 bytes).
    Removing cs32l010_hal_tim.o(i.TIM_TI1_ConfigInputStage), (54 bytes).
    Removing cs32l010_hal_tim.o(i.TIM_TI1_SetConfig), (100 bytes).
    Removing cs32l010_hal_tim.o(i.TIM_TI2_ConfigInputStage), (54 bytes).
    Removing cs32l010_hal_tim.o(i.TIM_TI2_SetConfig), (76 bytes).
    Removing cs32l010_hal_tim.o(i.TIM_TI3_SetConfig), (74 bytes).
    Removing cs32l010_hal_tim.o(i.TIM_TI4_SetConfig), (82 bytes).
    Removing cs32l010_hal_tim.o(.data), (1 bytes).
    Removing cs32l010_hal_uart.o(.rev16_text), (4 bytes).
    Removing cs32l010_hal_uart.o(.revsh_text), (4 bytes).
    Removing cs32l010_hal_uart.o(i.HAL_HalfDuplex_Init), (80 bytes).
    Removing cs32l010_hal_uart.o(i.HAL_UART_Abort), (44 bytes).
    Removing cs32l010_hal_uart.o(i.HAL_UART_AbortCpltCallback), (2 bytes).
    Removing cs32l010_hal_uart.o(i.HAL_UART_AbortReceive), (36 bytes).
    Removing cs32l010_hal_uart.o(i.HAL_UART_AbortReceiveCpltCallback), (2 bytes).
    Removing cs32l010_hal_uart.o(i.HAL_UART_AbortTransmit), (36 bytes).
    Removing cs32l010_hal_uart.o(i.HAL_UART_AbortTransmitCpltCallback), (2 bytes).
    Removing cs32l010_hal_uart.o(i.HAL_UART_DeInit), (50 bytes).
    Removing cs32l010_hal_uart.o(i.HAL_UART_ErrorCallback), (2 bytes).
    Removing cs32l010_hal_uart.o(i.HAL_UART_GetError), (6 bytes).
    Removing cs32l010_hal_uart.o(i.HAL_UART_GetState), (20 bytes).
    Removing cs32l010_hal_uart.o(i.HAL_UART_IRQHandler), (160 bytes).
    Removing cs32l010_hal_uart.o(i.HAL_UART_Init), (62 bytes).
    Removing cs32l010_hal_uart.o(i.HAL_UART_MspDeInit), (2 bytes).
    Removing cs32l010_hal_uart.o(i.HAL_UART_MspInit), (2 bytes).
    Removing cs32l010_hal_uart.o(i.HAL_UART_Receive), (404 bytes).
    Removing cs32l010_hal_uart.o(i.HAL_UART_Receive_IT), (92 bytes).
    Removing cs32l010_hal_uart.o(i.HAL_UART_RxCpltCallback), (2 bytes).
    Removing cs32l010_hal_uart.o(i.HAL_UART_Transmit), (292 bytes).
    Removing cs32l010_hal_uart.o(i.HAL_UART_Transmit_IT), (200 bytes).
    Removing cs32l010_hal_uart.o(i.HAL_UART_TxCpltCallback), (2 bytes).
    Removing cs32l010_hal_uart.o(i.UART_Receive_IT), (252 bytes).
    Removing cs32l010_hal_uart.o(i.UART_SetConfig), (70 bytes).
    Removing cs32l010_hal_uart.o(i.UART_Single_Receive_IT), (120 bytes).
    Removing cs32l010_hal_uart.o(i.UART_Transmit_IT), (176 bytes).
    Removing cs32l010_hal_uart.o(i.UART_WaitOnFlagUntilTimeout), (98 bytes).
    Removing cs32l010_hal_uart.o(.constdata), (256 bytes).
    Removing ccc_i2c.o(.rev16_text), (4 bytes).
    Removing ccc_i2c.o(.revsh_text), (4 bytes).
    Removing ccc_i2c_copy_22.o(.rev16_text), (4 bytes).
    Removing ccc_i2c_copy_22.o(.revsh_text), (4 bytes).
    Removing sw3516h.o(.rev16_text), (4 bytes).
    Removing sw3516h.o(.revsh_text), (4 bytes).
    Removing sw3516h.o(i.SW3516H_Check_Port), (18 bytes).
    Removing sw3516h.o(i.SW3516H_Disable_I2C_Write), (52 bytes).
    Removing sw3516h.o(i.SW3516H_HardReset), (52 bytes).
    Removing sw3516h.o(i.SW3516H_Read_Vin_Vol), (72 bytes).
    Removing sw3516h_user.o(.rev16_text), (4 bytes).
    Removing sw3516h_user.o(.revsh_text), (4 bytes).
    Removing main.o(.rev16_text), (4 bytes).
    Removing main.o(.revsh_text), (4 bytes).
    Removing main.o(i.LED_IO_Init), (60 bytes).
    Removing cs32l010_it.o(.rev16_text), (4 bytes).
    Removing cs32l010_it.o(.revsh_text), (4 bytes).
    Removing cs32l010_hal_msp.o(.rev16_text), (4 bytes).
    Removing cs32l010_hal_msp.o(.revsh_text), (4 bytes).

331 unused section(s) (total 20747 bytes) removed from the image.

==============================================================================

Image Symbol Table

    Local Symbols

    Symbol Name                              Value     Ov Type        Size  Object(Section)

    RESET                                    0x00000000   Section      192  startup_cs32l010.o(RESET)
    ../clib/angel/boardlib.s                 0x00000000   Number         0  boardinit2.o ABSOLUTE
    ../clib/angel/boardlib.s                 0x00000000   Number         0  boardinit3.o ABSOLUTE
    ../clib/angel/boardlib.s                 0x00000000   Number         0  boardinit1.o ABSOLUTE
    ../clib/angel/boardlib.s                 0x00000000   Number         0  boardshut.o ABSOLUTE
    ../clib/angel/handlers.s                 0x00000000   Number         0  __scatter_copy.o ABSOLUTE
    ../clib/angel/handlers.s                 0x00000000   Number         0  __scatter_zi.o ABSOLUTE
    ../clib/angel/kernel.s                   0x00000000   Number         0  rtexit.o ABSOLUTE
    ../clib/angel/kernel.s                   0x00000000   Number         0  rtexit2.o ABSOLUTE
    ../clib/angel/kernel.s                   0x00000000   Number         0  __rtentry.o ABSOLUTE
    ../clib/angel/kernel.s                   0x00000000   Number         0  __rtentry4.o ABSOLUTE
    ../clib/angel/kernel.s                   0x00000000   Number         0  __rtentry2.o ABSOLUTE
    ../clib/angel/rt.s                       0x00000000   Number         0  aeabi_idiv0.o ABSOLUTE
    ../clib/angel/rt.s                       0x00000000   Number         0  rt_raise.o ABSOLUTE
    ../clib/angel/rt.s                       0x00000000   Number         0  rt_div0.o ABSOLUTE
    ../clib/angel/rt.s                       0x00000000   Number         0  aeabi_idiv0_sigfpe.o ABSOLUTE
    ../clib/angel/scatterp.s                 0x00000000   Number         0  __scatter.o ABSOLUTE
    ../clib/angel/startup.s                  0x00000000   Number         0  __main.o ABSOLUTE
    ../clib/angel/sys.s                      0x00000000   Number         0  sys_stackheap_outer.o ABSOLUTE
    ../clib/angel/sys.s                      0x00000000   Number         0  libspace.o ABSOLUTE
    ../clib/angel/sys.s                      0x00000000   Number         0  tempstk.o ABSOLUTE
    ../clib/angel/sys.s                      0x00000000   Number         0  indicate_semi.o ABSOLUTE
    ../clib/angel/sys.s                      0x00000000   Number         0  use_no_semi.o ABSOLUTE
    ../clib/angel/sysapp.c                   0x00000000   Number         0  sys_exit.o ABSOLUTE
    ../clib/angel/sysapp.c                   0x00000000   Number         0  sys_wrch.o ABSOLUTE
    ../clib/angel/sysapp.c                   0x00000000   Number         0  sys_command.o ABSOLUTE
    ../clib/armsys.c                         0x00000000   Number         0  argv_veneer.o ABSOLUTE
    ../clib/armsys.c                         0x00000000   Number         0  _get_argv_nomalloc.o ABSOLUTE
    ../clib/armsys.c                         0x00000000   Number         0  no_argv.o ABSOLUTE
    ../clib/division.s                       0x00000000   Number         0  aeabi_sdiv_div0.o ABSOLUTE
    ../clib/division.s                       0x00000000   Number         0  aeabi_sdiv.o ABSOLUTE
    ../clib/heapalloc.c                      0x00000000   Number         0  hrguard.o ABSOLUTE
    ../clib/heapaux.c                        0x00000000   Number         0  heapauxi.o ABSOLUTE
    ../clib/libinit.s                        0x00000000   Number         0  libinit2.o ABSOLUTE
    ../clib/libinit.s                        0x00000000   Number         0  libshutdown.o ABSOLUTE
    ../clib/libinit.s                        0x00000000   Number         0  libshutdown2.o ABSOLUTE
    ../clib/libinit.s                        0x00000000   Number         0  libinit.o ABSOLUTE
    ../clib/memcpset.c                       0x00000000   Number         0  rt_memclr.o ABSOLUTE
    ../clib/signal.c                         0x00000000   Number         0  defsig_rtmem_inner.o ABSOLUTE
    ../clib/signal.c                         0x00000000   Number         0  defsig_abrt_inner.o ABSOLUTE
    ../clib/signal.c                         0x00000000   Number         0  defsig_rtmem_outer.o ABSOLUTE
    ../clib/signal.c                         0x00000000   Number         0  defsig_rtmem_formal.o ABSOLUTE
    ../clib/signal.c                         0x00000000   Number         0  defsig_pvfn_inner.o ABSOLUTE
    ../clib/signal.c                         0x00000000   Number         0  defsig_cppl_inner.o ABSOLUTE
    ../clib/signal.c                         0x00000000   Number         0  defsig_segv_inner.o ABSOLUTE
    ../clib/signal.c                         0x00000000   Number         0  defsig_other.o ABSOLUTE
    ../clib/signal.c                         0x00000000   Number         0  defsig_exit.o ABSOLUTE
    ../clib/signal.c                         0x00000000   Number         0  defsig_stak_inner.o ABSOLUTE
    ../clib/signal.c                         0x00000000   Number         0  defsig_fpe_outer.o ABSOLUTE
    ../clib/signal.c                         0x00000000   Number         0  defsig_fpe_formal.o ABSOLUTE
    ../clib/signal.c                         0x00000000   Number         0  defsig_rtred_inner.o ABSOLUTE
    ../clib/signal.c                         0x00000000   Number         0  defsig_fpe_inner.o ABSOLUTE
    ../clib/signal.c                         0x00000000   Number         0  defsig_general.o ABSOLUTE
    ../clib/signal.c                         0x00000000   Number         0  __raise.o ABSOLUTE
    ../clib/signal.s                         0x00000000   Number         0  defsig.o ABSOLUTE
    ../clib/stdlib.c                         0x00000000   Number         0  exit.o ABSOLUTE
    ../fplib/cfplib/fpinit.c                 0x00000000   Number         0  fpinit.o ABSOLUTE
    ..\APP\CCC_i2c.c                         0x00000000   Number         0  ccc_i2c.o ABSOLUTE
    ..\APP\CCC_i2c_COPY_22.c                 0x00000000   Number         0  ccc_i2c_copy_22.o ABSOLUTE
    ..\APP\SW3516H.C                         0x00000000   Number         0  sw3516h.o ABSOLUTE
    ..\APP\SW3516H_User.C                    0x00000000   Number         0  sw3516h_user.o ABSOLUTE
    ..\CMSIS\Device\CS32L010\Source\ARM\startup_cs32l010.s 0x00000000   Number         0  startup_cs32l010.o ABSOLUTE
    ..\CMSIS\Device\CS32L010\Source\system_cs32l010.c 0x00000000   Number         0  system_cs32l010.o ABSOLUTE
    ..\CS32L010_HAL_Driver\Src\cs32l010_hal.c 0x00000000   Number         0  cs32l010_hal.o ABSOLUTE
    ..\CS32L010_HAL_Driver\Src\cs32l010_hal_adc.c 0x00000000   Number         0  cs32l010_hal_adc.o ABSOLUTE
    ..\CS32L010_HAL_Driver\Src\cs32l010_hal_awk.c 0x00000000   Number         0  cs32l010_hal_awk.o ABSOLUTE
    ..\CS32L010_HAL_Driver\Src\cs32l010_hal_basetim.c 0x00000000   Number         0  cs32l010_hal_basetim.o ABSOLUTE
    ..\CS32L010_HAL_Driver\Src\cs32l010_hal_clktrim.c 0x00000000   Number         0  cs32l010_hal_clktrim.o ABSOLUTE
    ..\CS32L010_HAL_Driver\Src\cs32l010_hal_cortex.c 0x00000000   Number         0  cs32l010_hal_cortex.o ABSOLUTE
    ..\CS32L010_HAL_Driver\Src\cs32l010_hal_crc.c 0x00000000   Number         0  cs32l010_hal_crc.o ABSOLUTE
    ..\CS32L010_HAL_Driver\Src\cs32l010_hal_gpio.c 0x00000000   Number         0  cs32l010_hal_gpio.o ABSOLUTE
    ..\CS32L010_HAL_Driver\Src\cs32l010_hal_i2c.c 0x00000000   Number         0  cs32l010_hal_i2c.o ABSOLUTE
    ..\CS32L010_HAL_Driver\Src\cs32l010_hal_owire.c 0x00000000   Number         0  cs32l010_hal_owire.o ABSOLUTE
    ..\CS32L010_HAL_Driver\Src\cs32l010_hal_pwr.c 0x00000000   Number         0  cs32l010_hal_pwr.o ABSOLUTE
    ..\CS32L010_HAL_Driver\Src\cs32l010_hal_rcc.c 0x00000000   Number         0  cs32l010_hal_rcc.o ABSOLUTE
    ..\CS32L010_HAL_Driver\Src\cs32l010_hal_tim.c 0x00000000   Number         0  cs32l010_hal_tim.o ABSOLUTE
    ..\CS32L010_HAL_Driver\Src\cs32l010_hal_uart.c 0x00000000   Number         0  cs32l010_hal_uart.o ABSOLUTE
    ..\\APP\\CCC_i2c.c                       0x00000000   Number         0  ccc_i2c.o ABSOLUTE
    ..\\APP\\CCC_i2c_COPY_22.c               0x00000000   Number         0  ccc_i2c_copy_22.o ABSOLUTE
    ..\\APP\\SW3516H.C                       0x00000000   Number         0  sw3516h.o ABSOLUTE
    ..\\APP\\SW3516H_User.C                  0x00000000   Number         0  sw3516h_user.o ABSOLUTE
    ..\\CMSIS\\Device\\CS32L010\\Source\\system_cs32l010.c 0x00000000   Number         0  system_cs32l010.o ABSOLUTE
    ..\\CS32L010_HAL_Driver\\Src\\cs32l010_hal.c 0x00000000   Number         0  cs32l010_hal.o ABSOLUTE
    ..\\CS32L010_HAL_Driver\\Src\\cs32l010_hal_adc.c 0x00000000   Number         0  cs32l010_hal_adc.o ABSOLUTE
    ..\\CS32L010_HAL_Driver\\Src\\cs32l010_hal_awk.c 0x00000000   Number         0  cs32l010_hal_awk.o ABSOLUTE
    ..\\CS32L010_HAL_Driver\\Src\\cs32l010_hal_basetim.c 0x00000000   Number         0  cs32l010_hal_basetim.o ABSOLUTE
    ..\\CS32L010_HAL_Driver\\Src\\cs32l010_hal_clktrim.c 0x00000000   Number         0  cs32l010_hal_clktrim.o ABSOLUTE
    ..\\CS32L010_HAL_Driver\\Src\\cs32l010_hal_cortex.c 0x00000000   Number         0  cs32l010_hal_cortex.o ABSOLUTE
    ..\\CS32L010_HAL_Driver\\Src\\cs32l010_hal_crc.c 0x00000000   Number         0  cs32l010_hal_crc.o ABSOLUTE
    ..\\CS32L010_HAL_Driver\\Src\\cs32l010_hal_gpio.c 0x00000000   Number         0  cs32l010_hal_gpio.o ABSOLUTE
    ..\\CS32L010_HAL_Driver\\Src\\cs32l010_hal_i2c.c 0x00000000   Number         0  cs32l010_hal_i2c.o ABSOLUTE
    ..\\CS32L010_HAL_Driver\\Src\\cs32l010_hal_owire.c 0x00000000   Number         0  cs32l010_hal_owire.o ABSOLUTE
    ..\\CS32L010_HAL_Driver\\Src\\cs32l010_hal_pwr.c 0x00000000   Number         0  cs32l010_hal_pwr.o ABSOLUTE
    ..\\CS32L010_HAL_Driver\\Src\\cs32l010_hal_rcc.c 0x00000000   Number         0  cs32l010_hal_rcc.o ABSOLUTE
    ..\\CS32L010_HAL_Driver\\Src\\cs32l010_hal_tim.c 0x00000000   Number         0  cs32l010_hal_tim.o ABSOLUTE
    ..\\CS32L010_HAL_Driver\\Src\\cs32l010_hal_uart.c 0x00000000   Number         0  cs32l010_hal_uart.o ABSOLUTE
    ..\\cs32l010_hal_msp.c                   0x00000000   Number         0  cs32l010_hal_msp.o ABSOLUTE
    ..\\cs32l010_it.c                        0x00000000   Number         0  cs32l010_it.o ABSOLUTE
    ..\\main.c                               0x00000000   Number         0  main.o ABSOLUTE
    ..\cs32l010_hal_msp.c                    0x00000000   Number         0  cs32l010_hal_msp.o ABSOLUTE
    ..\cs32l010_it.c                         0x00000000   Number         0  cs32l010_it.o ABSOLUTE
    ..\main.c                                0x00000000   Number         0  main.o ABSOLUTE
    dc.s                                     0x00000000   Number         0  dc.o ABSOLUTE
    !!!main                                  0x000000c0   Section        8  __main.o(!!!main)
    !!!scatter                               0x000000c8   Section       60  __scatter.o(!!!scatter)
    !!handler_copy                           0x00000104   Section       26  __scatter_copy.o(!!handler_copy)
    !!handler_zi                             0x00000120   Section       28  __scatter_zi.o(!!handler_zi)
    .ARM.Collect$$libinit$$00000000          0x0000013c   Section        2  libinit.o(.ARM.Collect$$libinit$$00000000)
    .ARM.Collect$$libinit$$00000002          0x0000013e   Section        0  libinit2.o(.ARM.Collect$$libinit$$00000002)
    .ARM.Collect$$libinit$$00000004          0x0000013e   Section        0  libinit2.o(.ARM.Collect$$libinit$$00000004)
    .ARM.Collect$$libinit$$0000000A          0x0000013e   Section        0  libinit2.o(.ARM.Collect$$libinit$$0000000A)
    .ARM.Collect$$libinit$$0000000C          0x0000013e   Section        0  libinit2.o(.ARM.Collect$$libinit$$0000000C)
    .ARM.Collect$$libinit$$0000000E          0x0000013e   Section        0  libinit2.o(.ARM.Collect$$libinit$$0000000E)
    .ARM.Collect$$libinit$$00000011          0x0000013e   Section        0  libinit2.o(.ARM.Collect$$libinit$$00000011)
    .ARM.Collect$$libinit$$00000013          0x0000013e   Section        0  libinit2.o(.ARM.Collect$$libinit$$00000013)
    .ARM.Collect$$libinit$$00000015          0x0000013e   Section        0  libinit2.o(.ARM.Collect$$libinit$$00000015)
    .ARM.Collect$$libinit$$00000017          0x0000013e   Section        0  libinit2.o(.ARM.Collect$$libinit$$00000017)
    .ARM.Collect$$libinit$$00000019          0x0000013e   Section        0  libinit2.o(.ARM.Collect$$libinit$$00000019)
    .ARM.Collect$$libinit$$0000001B          0x0000013e   Section        0  libinit2.o(.ARM.Collect$$libinit$$0000001B)
    .ARM.Collect$$libinit$$0000001D          0x0000013e   Section        0  libinit2.o(.ARM.Collect$$libinit$$0000001D)
    .ARM.Collect$$libinit$$0000001F          0x0000013e   Section        0  libinit2.o(.ARM.Collect$$libinit$$0000001F)
    .ARM.Collect$$libinit$$00000021          0x0000013e   Section        0  libinit2.o(.ARM.Collect$$libinit$$00000021)
    .ARM.Collect$$libinit$$00000023          0x0000013e   Section        0  libinit2.o(.ARM.Collect$$libinit$$00000023)
    .ARM.Collect$$libinit$$00000025          0x0000013e   Section        0  libinit2.o(.ARM.Collect$$libinit$$00000025)
    .ARM.Collect$$libinit$$0000002C          0x0000013e   Section        0  libinit2.o(.ARM.Collect$$libinit$$0000002C)
    .ARM.Collect$$libinit$$0000002E          0x0000013e   Section        0  libinit2.o(.ARM.Collect$$libinit$$0000002E)
    .ARM.Collect$$libinit$$00000030          0x0000013e   Section        0  libinit2.o(.ARM.Collect$$libinit$$00000030)
    .ARM.Collect$$libinit$$00000032          0x0000013e   Section        0  libinit2.o(.ARM.Collect$$libinit$$00000032)
    .ARM.Collect$$libinit$$00000033          0x0000013e   Section        2  libinit2.o(.ARM.Collect$$libinit$$00000033)
    .ARM.Collect$$libshutdown$$00000000      0x00000140   Section        2  libshutdown.o(.ARM.Collect$$libshutdown$$00000000)
    .ARM.Collect$$libshutdown$$00000002      0x00000142   Section        0  libshutdown2.o(.ARM.Collect$$libshutdown$$00000002)
    .ARM.Collect$$libshutdown$$00000004      0x00000142   Section        0  libshutdown2.o(.ARM.Collect$$libshutdown$$00000004)
    .ARM.Collect$$libshutdown$$00000007      0x00000142   Section        0  libshutdown2.o(.ARM.Collect$$libshutdown$$00000007)
    .ARM.Collect$$libshutdown$$0000000A      0x00000142   Section        0  libshutdown2.o(.ARM.Collect$$libshutdown$$0000000A)
    .ARM.Collect$$libshutdown$$0000000C      0x00000142   Section        0  libshutdown2.o(.ARM.Collect$$libshutdown$$0000000C)
    .ARM.Collect$$libshutdown$$0000000F      0x00000142   Section        0  libshutdown2.o(.ARM.Collect$$libshutdown$$0000000F)
    .ARM.Collect$$libshutdown$$00000010      0x00000142   Section        2  libshutdown2.o(.ARM.Collect$$libshutdown$$00000010)
    .ARM.Collect$$rtentry$$00000000          0x00000144   Section        0  __rtentry.o(.ARM.Collect$$rtentry$$00000000)
    .ARM.Collect$$rtentry$$00000002          0x00000144   Section        0  __rtentry2.o(.ARM.Collect$$rtentry$$00000002)
    .ARM.Collect$$rtentry$$00000004          0x00000144   Section        6  __rtentry4.o(.ARM.Collect$$rtentry$$00000004)
    .ARM.Collect$$rtentry$$00000009          0x0000014a   Section        0  __rtentry2.o(.ARM.Collect$$rtentry$$00000009)
    .ARM.Collect$$rtentry$$0000000A          0x0000014a   Section        4  __rtentry2.o(.ARM.Collect$$rtentry$$0000000A)
    .ARM.Collect$$rtentry$$0000000C          0x0000014e   Section        0  __rtentry2.o(.ARM.Collect$$rtentry$$0000000C)
    .ARM.Collect$$rtentry$$0000000D          0x0000014e   Section        8  __rtentry2.o(.ARM.Collect$$rtentry$$0000000D)
    .ARM.Collect$$rtexit$$00000000           0x00000156   Section        2  rtexit.o(.ARM.Collect$$rtexit$$00000000)
    .ARM.Collect$$rtexit$$00000002           0x00000158   Section        0  rtexit2.o(.ARM.Collect$$rtexit$$00000002)
    .ARM.Collect$$rtexit$$00000003           0x00000158   Section        4  rtexit2.o(.ARM.Collect$$rtexit$$00000003)
    .ARM.Collect$$rtexit$$00000004           0x0000015c   Section        6  rtexit2.o(.ARM.Collect$$rtexit$$00000004)
    .text                                    0x00000164   Section       56  startup_cs32l010.o(.text)
    .text                                    0x0000019c   Section        0  rt_memclr.o(.text)
    .text                                    0x000001dc   Section      346  aeabi_sdiv.o(.text)
    .text                                    0x00000336   Section        0  heapauxi.o(.text)
    .text                                    0x0000033c   Section       62  sys_stackheap_outer.o(.text)
    .text                                    0x0000037a   Section        0  exit.o(.text)
    .text                                    0x0000038c   Section        8  libspace.o(.text)
    .text                                    0x00000394   Section        0  sys_exit.o(.text)
    .text                                    0x000003a0   Section        2  use_no_semi.o(.text)
    .text                                    0x000003a2   Section        0  indicate_semi.o(.text)
    i.ADC_IRQHandler                         0x000003a2   Section        0  cs32l010_it.o(i.ADC_IRQHandler)
    i.AWK_IRQHandler                         0x000003a4   Section        0  cs32l010_it.o(i.AWK_IRQHandler)
    i.CCC_I2C_Init                           0x000003a8   Section        0  ccc_i2c.o(i.CCC_I2C_Init)
    i.CCC_I2C_Init_COPY_22                   0x000003e4   Section        0  ccc_i2c_copy_22.o(i.CCC_I2C_Init_COPY_22)
    i.CCC_I2C_ReadByte                       0x00000420   Section        0  ccc_i2c.o(i.CCC_I2C_ReadByte)
    CCC_I2C_ReadByte                         0x00000421   Thumb Code    98  ccc_i2c.o(i.CCC_I2C_ReadByte)
    i.CCC_I2C_ReadByte                       0x00000488   Section        0  ccc_i2c_copy_22.o(i.CCC_I2C_ReadByte)
    CCC_I2C_ReadByte                         0x00000489   Thumb Code    86  ccc_i2c_copy_22.o(i.CCC_I2C_ReadByte)
    i.CCC_I2C_ReadReg                        0x000004e4   Section        0  ccc_i2c.o(i.CCC_I2C_ReadReg)
    i.CCC_I2C_ReadReg_COPY_11                0x00000504   Section        0  ccc_i2c.o(i.CCC_I2C_ReadReg_COPY_11)
    i.CCC_I2C_ReadReg_COPY_22                0x0000055c   Section        0  ccc_i2c_copy_22.o(i.CCC_I2C_ReadReg_COPY_22)
    i.CCC_I2C_Start                          0x000005b4   Section        0  ccc_i2c.o(i.CCC_I2C_Start)
    CCC_I2C_Start                            0x000005b5   Thumb Code    16  ccc_i2c.o(i.CCC_I2C_Start)
    i.CCC_I2C_Start                          0x000005c8   Section        0  ccc_i2c_copy_22.o(i.CCC_I2C_Start)
    CCC_I2C_Start                            0x000005c9   Thumb Code    16  ccc_i2c_copy_22.o(i.CCC_I2C_Start)
    i.CCC_I2C_Stop                           0x000005dc   Section        0  ccc_i2c.o(i.CCC_I2C_Stop)
    CCC_I2C_Stop                             0x000005dd   Thumb Code    20  ccc_i2c.o(i.CCC_I2C_Stop)
    i.CCC_I2C_Stop                           0x000005f4   Section        0  ccc_i2c_copy_22.o(i.CCC_I2C_Stop)
    CCC_I2C_Stop                             0x000005f5   Thumb Code    20  ccc_i2c_copy_22.o(i.CCC_I2C_Stop)
    i.CCC_I2C_WriteByte                      0x0000060c   Section        0  ccc_i2c.o(i.CCC_I2C_WriteByte)
    CCC_I2C_WriteByte                        0x0000060d   Thumb Code    52  ccc_i2c.o(i.CCC_I2C_WriteByte)
    i.CCC_I2C_WriteByte                      0x00000644   Section        0  ccc_i2c_copy_22.o(i.CCC_I2C_WriteByte)
    CCC_I2C_WriteByte                        0x00000645   Thumb Code    52  ccc_i2c_copy_22.o(i.CCC_I2C_WriteByte)
    i.CCC_I2C_WriteReg                       0x0000067c   Section        0  ccc_i2c.o(i.CCC_I2C_WriteReg)
    i.CCC_I2C_WriteReg_COPY_11               0x000006a4   Section        0  ccc_i2c.o(i.CCC_I2C_WriteReg_COPY_11)
    i.CCC_I2C_WriteReg_COPY_22               0x000006f2   Section        0  ccc_i2c_copy_22.o(i.CCC_I2C_WriteReg_COPY_22)
    i.CCC_IIC_WaitAck                        0x00000740   Section        0  ccc_i2c.o(i.CCC_IIC_WaitAck)
    CCC_IIC_WaitAck                          0x00000741   Thumb Code    98  ccc_i2c.o(i.CCC_IIC_WaitAck)
    i.CCC_IIC_WaitAck                        0x000007a8   Section        0  ccc_i2c_copy_22.o(i.CCC_IIC_WaitAck)
    CCC_IIC_WaitAck                          0x000007a9   Thumb Code    86  ccc_i2c_copy_22.o(i.CCC_IIC_WaitAck)
    i.CLKTRIM_IRQHandler                     0x00000804   Section        0  cs32l010_it.o(i.CLKTRIM_IRQHandler)
    i.Check_Curr_After_3S                    0x00000808   Section        0  sw3516h_user.o(i.Check_Curr_After_3S)
    i.Error_Handler                          0x000008c8   Section        0  main.o(i.Error_Handler)
    i.FLASH_IRQHandler                       0x000008ca   Section        0  cs32l010_it.o(i.FLASH_IRQHandler)
    i.GPIOA_IRQHandler                       0x000008cc   Section        0  cs32l010_it.o(i.GPIOA_IRQHandler)
    i.GPIOB_IRQHandler                       0x000008ce   Section        0  cs32l010_it.o(i.GPIOB_IRQHandler)
    i.GPIOC_IRQHandler                       0x000008d0   Section        0  cs32l010_it.o(i.GPIOC_IRQHandler)
    i.GPIOD_IRQHandler                       0x000008d2   Section        0  cs32l010_it.o(i.GPIOD_IRQHandler)
    i.HAL_Delay                              0x000008d4   Section        0  cs32l010_hal.o(i.HAL_Delay)
    i.HAL_GPIO_Init                          0x00000900   Section        0  cs32l010_hal_gpio.o(i.HAL_GPIO_Init)
    i.HAL_GetTick                            0x00000b7c   Section        0  cs32l010_hal.o(i.HAL_GetTick)
    i.HAL_IncTick                            0x00000b88   Section        0  cs32l010_hal.o(i.HAL_IncTick)
    i.HAL_Init                               0x00000ba0   Section        0  cs32l010_hal.o(i.HAL_Init)
    i.HAL_InitTick                           0x00000bb0   Section        0  cs32l010_hal.o(i.HAL_InitTick)
    i.HAL_MspInit                            0x00000c04   Section        0  cs32l010_hal_msp.o(i.HAL_MspInit)
    i.HAL_NVIC_SetPriority                   0x00000c06   Section        0  cs32l010_hal_cortex.o(i.HAL_NVIC_SetPriority)
    i.HAL_RCC_ClockConfig                    0x00000c18   Section        0  cs32l010_hal_rcc.o(i.HAL_RCC_ClockConfig)
    i.HAL_RCC_GetSysClockFreq                0x00000df0   Section        0  cs32l010_hal_rcc.o(i.HAL_RCC_GetSysClockFreq)
    i.HAL_RCC_OscConfig                      0x00000ea4   Section        0  cs32l010_hal_rcc.o(i.HAL_RCC_OscConfig)
    i.HAL_SYSTICK_Config                     0x00001314   Section        0  cs32l010_hal_cortex.o(i.HAL_SYSTICK_Config)
    i.HardFault_Handler                      0x0000134c   Section        0  cs32l010_it.o(i.HardFault_Handler)
    i.I2C_IRQHandler                         0x00001350   Section        0  cs32l010_it.o(i.I2C_IRQHandler)
    i.IWDG_IRQHandler                        0x00001352   Section        0  cs32l010_it.o(i.IWDG_IRQHandler)
    i.LPTIM_IRQHandler                       0x00001354   Section        0  cs32l010_it.o(i.LPTIM_IRQHandler)
    i.LPUART_IRQHandler                      0x00001356   Section        0  cs32l010_it.o(i.LPUART_IRQHandler)
    i.LVD_IRQHandler                         0x00001358   Section        0  cs32l010_it.o(i.LVD_IRQHandler)
    i.NMI_Handler                            0x0000135a   Section        0  cs32l010_it.o(i.NMI_Handler)
    i.NVIC_SetPriority                       0x0000135c   Section        0  cs32l010_hal_cortex.o(i.NVIC_SetPriority)
    NVIC_SetPriority                         0x0000135d   Thumb Code   110  cs32l010_hal_cortex.o(i.NVIC_SetPriority)
    i.OWIRE_IRQHandler                       0x000013d4   Section        0  cs32l010_it.o(i.OWIRE_IRQHandler)
    i.PCA_IRQHandler                         0x000013d6   Section        0  cs32l010_it.o(i.PCA_IRQHandler)
    i.PendSV_Handler                         0x000013d8   Section        0  cs32l010_it.o(i.PendSV_Handler)
    i.RCC_Delay                              0x000013dc   Section        0  cs32l010_hal_rcc.o(i.RCC_Delay)
    RCC_Delay                                0x000013dd   Thumb Code    38  cs32l010_hal_rcc.o(i.RCC_Delay)
    i.RTC_IRQHandler                         0x00001408   Section        0  cs32l010_it.o(i.RTC_IRQHandler)
    i.SPI_IRQHandler                         0x0000140a   Section        0  cs32l010_it.o(i.SPI_IRQHandler)
    i.SVC_Handler                            0x0000140c   Section        0  cs32l010_it.o(i.SVC_Handler)
    i.SW3516H_Both_CUR_LIM                   0x00001410   Section        0  sw3516h.o(i.SW3516H_Both_CUR_LIM)
    i.SW3516H_Change_PDO                     0x00001484   Section        0  sw3516h_user.o(i.SW3516H_Change_PDO)
    SW3516H_Change_PDO                       0x00001485   Thumb Code    20  sw3516h_user.o(i.SW3516H_Change_PDO)
    i.SW3516H_Check_Port_A_1                 0x00001498   Section        0  sw3516h.o(i.SW3516H_Check_Port_A_1)
    i.SW3516H_Check_Port_C_1                 0x000014be   Section        0  sw3516h.o(i.SW3516H_Check_Port_C_1)
    i.SW3516H_Check_Port_C_2                 0x000014e4   Section        0  sw3516h.o(i.SW3516H_Check_Port_C_2)
    i.SW3516H_Disconnect_CC                  0x00001500   Section        0  sw3516h.o(i.SW3516H_Disconnect_CC)
    i.SW3516H_Enable_I2C_Write               0x00001560   Section        0  sw3516h.o(i.SW3516H_Enable_I2C_Write)
    i.SW3516H_Enable__SCP                    0x000015c4   Section        0  sw3516h.o(i.SW3516H_Enable__SCP)
    i.SW3516H_Except_PD_V                    0x00001638   Section        0  sw3516h.o(i.SW3516H_Except_PD_V)
    i.SW3516H_Except_PD_W                    0x000016ac   Section        0  sw3516h.o(i.SW3516H_Except_PD_W)
    i.SW3516H_OpenPDO_20V                    0x00001734   Section        0  sw3516h.o(i.SW3516H_OpenPDO_20V)
    i.SW3516H_Read_AD_Value                  0x0000178c   Section        0  sw3516h.o(i.SW3516H_Read_AD_Value)
    i.SW3516H_Read_AD_Value_H                0x000017a6   Section        0  sw3516h.o(i.SW3516H_Read_AD_Value_H)
    i.SW3516H_Set_20V_PDO_Curr               0x000017b0   Section        0  sw3516h.o(i.SW3516H_Set_20V_PDO_Curr)
    i.SW3516H_Set_DMDP                       0x00001818   Section        0  sw3516h.o(i.SW3516H_Set_DMDP)
    i.SW3516H_Set_Mode                       0x0000188c   Section        0  sw3516h.o(i.SW3516H_Set_Mode)
    i.SW3516H_Set_PPS                        0x000018fc   Section        0  sw3516h.o(i.SW3516H_Set_PPS)
    i.SW3516H_set_ADC_Source                 0x00001a3c   Section        0  sw3516h.o(i.SW3516H_set_ADC_Source)
    i.SW3516H_set_PortC_Empty_Check          0x00001a60   Section        0  sw3516h.o(i.SW3516H_set_PortC_Empty_Check)
    i.SW3516H_src_change                     0x00001ad4   Section        0  sw3516h.o(i.SW3516H_src_change)
    i.Slide_Average                          0x00001afc   Section        0  main.o(i.Slide_Average)
    i.SysTick_Handler                        0x00001b28   Section        0  cs32l010_it.o(i.SysTick_Handler)
    i.SystemClock_Config                     0x00001b54   Section        0  main.o(i.SystemClock_Config)
    i.SystemInit                             0x00001ba8   Section        0  system_cs32l010.o(i.SystemInit)
    i.TIM10_IRQHandler                       0x00001be8   Section        0  cs32l010_it.o(i.TIM10_IRQHandler)
    i.TIM11_IRQHandler                       0x00001bea   Section        0  cs32l010_it.o(i.TIM11_IRQHandler)
    i.TIM1_IRQHandler                        0x00001bec   Section        0  cs32l010_it.o(i.TIM1_IRQHandler)
    i.TIM2_IRQHandler                        0x00001bee   Section        0  cs32l010_it.o(i.TIM2_IRQHandler)
    i.UART0_IRQHandler                       0x00001bf0   Section        0  cs32l010_it.o(i.UART0_IRQHandler)
    i.UART1_IRQHandler                       0x00001bf2   Section        0  cs32l010_it.o(i.UART1_IRQHandler)
    i.VC_IRQHandler                          0x00001bf4   Section        0  cs32l010_it.o(i.VC_IRQHandler)
    i.WWDG_IRQHandler                        0x00001bf6   Section        0  cs32l010_it.o(i.WWDG_IRQHandler)
    i.__ARM_common_switch8                   0x00001bf8   Section        0  cs32l010_hal_adc.o(i.__ARM_common_switch8)
    i.change_Power                           0x00001c14   Section        0  sw3516h_user.o(i.change_Power)
    i.check_Port                             0x0000209c   Section        0  sw3516h_user.o(i.check_Port)
    i.check_Samsung                          0x00002364   Section        0  sw3516h_user.o(i.check_Samsung)
    i.cycle_check                            0x000024ac   Section        0  sw3516h_user.o(i.cycle_check)
    i.init_setting_reg                       0x00002538   Section        0  sw3516h_user.o(i.init_setting_reg)
    init_setting_reg                         0x00002539   Thumb Code   512  sw3516h_user.o(i.init_setting_reg)
    i.init_sw3516                            0x0000273c   Section        0  sw3516h_user.o(i.init_sw3516)
    i.main                                   0x000027d4   Section        0  main.o(i.main)
    .data                                    0x20000000   Section        4  system_cs32l010.o(.data)
    .data                                    0x20000004   Section        9  cs32l010_hal.o(.data)
    .data                                    0x2000000d   Section        1  sw3516h.o(.data)
    .data                                    0x20000010   Section       40  sw3516h_user.o(.data)
    C1_cnt                                   0x20000013   Data           1  sw3516h_user.o(.data)
    C2_cnt                                   0x20000014   Data           1  sw3516h_user.o(.data)
    A2_cnt                                   0x20000015   Data           1  sw3516h_user.o(.data)
    Work_mod_BK                              0x20000016   Data           1  sw3516h_user.o(.data)
    C1_POWER_BK                              0x20000018   Data           4  sw3516h_user.o(.data)
    C2_POWER_BK                              0x2000001c   Data           4  sw3516h_user.o(.data)
    DB_C1                                    0x20000020   Data           4  sw3516h_user.o(.data)
    DB_C2                                    0x20000024   Data           4  sw3516h_user.o(.data)
    Samsung_check                            0x20000028   Data           1  sw3516h_user.o(.data)
    DB_cnt                                   0x2000002c   Data           4  sw3516h_user.o(.data)
    last_curr                                0x20000030   Data           4  sw3516h_user.o(.data)
    adcv_sum                                 0x20000034   Data           4  sw3516h_user.o(.data)
    .data                                    0x20000038   Section       12  main.o(.data)
    .bss                                     0x20000044   Section       26  sw3516h.o(.bss)
    .bss                                     0x20000060   Section       96  libspace.o(.bss)
    HEAP                                     0x200000c0   Section      512  startup_cs32l010.o(HEAP)
    Heap_Mem                                 0x200000c0   Data         512  startup_cs32l010.o(HEAP)
    STACK                                    0x200002c0   Section      512  startup_cs32l010.o(STACK)
    Stack_Mem                                0x200002c0   Data         512  startup_cs32l010.o(STACK)
    __initial_sp                             0x200004c0   Data           0  startup_cs32l010.o(STACK)

    Global Symbols

    Symbol Name                              Value     Ov Type        Size  Object(Section)

    BuildAttributes$$THM_ISAv3M$S$PE$A:L22$X:L11$S22$IEEE1$IW$USESV6$~STKCKD$USESV7$~SHL$OSPACE$ROPI$EBA8$UX$STANDARDLIB$REQ8$PRES8$EABIv2 0x00000000   Number         0  anon$$obj.o ABSOLUTE
    __ARM_use_no_argv                        0x00000000   Number         0  main.o ABSOLUTE
    __Vectors                                0x00000000   Data           4  startup_cs32l010.o(RESET)
    __ARM_exceptions_init                     - Undefined Weak Reference
    __alloca_initialize                       - Undefined Weak Reference
    __arm_preinit_                            - Undefined Weak Reference
    __cpp_initialize__aeabi_                  - Undefined Weak Reference
    __cxa_finalize                            - Undefined Weak Reference
    __rt_locale                               - Undefined Weak Reference
    __sigvec_lookup                           - Undefined Weak Reference
    _atexit_init                              - Undefined Weak Reference
    _call_atexit_fns                          - Undefined Weak Reference
    _clock_init                               - Undefined Weak Reference
    _fp_trap_init                             - Undefined Weak Reference
    _fp_trap_shutdown                         - Undefined Weak Reference
    _get_lc_collate                           - Undefined Weak Reference
    _get_lc_ctype                             - Undefined Weak Reference
    _get_lc_monetary                          - Undefined Weak Reference
    _get_lc_numeric                           - Undefined Weak Reference
    _get_lc_time                              - Undefined Weak Reference
    _getenv_init                              - Undefined Weak Reference
    _handle_redirection                       - Undefined Weak Reference
    _init_alloc                               - Undefined Weak Reference
    _init_user_alloc                          - Undefined Weak Reference
    _initio                                   - Undefined Weak Reference
    _rand_init                                - Undefined Weak Reference
    _signal_finish                            - Undefined Weak Reference
    _signal_init                              - Undefined Weak Reference
    _terminate_alloc                          - Undefined Weak Reference
    _terminate_user_alloc                     - Undefined Weak Reference
    _terminateio                              - Undefined Weak Reference
    __Vectors_End                            0x000000c0   Data           0  startup_cs32l010.o(RESET)
    __Vectors_Size                           0x000000c0   Number         0  startup_cs32l010.o ABSOLUTE
    __main                                   0x000000c1   Thumb Code     8  __main.o(!!!main)
    __scatterload                            0x000000c9   Thumb Code     0  __scatter.o(!!!scatter)
    __scatterload_rt2                        0x000000c9   Thumb Code    52  __scatter.o(!!!scatter)
    __scatterload_rt2_thumb_only             0x000000c9   Thumb Code     0  __scatter.o(!!!scatter)
    __scatterload_null                       0x000000d9   Thumb Code     0  __scatter.o(!!!scatter)
    __scatterload_copy                       0x00000105   Thumb Code    26  __scatter_copy.o(!!handler_copy)
    __scatterload_zeroinit                   0x00000121   Thumb Code    28  __scatter_zi.o(!!handler_zi)
    __rt_lib_init                            0x0000013d   Thumb Code     0  libinit.o(.ARM.Collect$$libinit$$00000000)
    __rt_lib_init_alloca_1                   0x0000013f   Thumb Code     0  libinit2.o(.ARM.Collect$$libinit$$0000002E)
    __rt_lib_init_argv_1                     0x0000013f   Thumb Code     0  libinit2.o(.ARM.Collect$$libinit$$0000002C)
    __rt_lib_init_atexit_1                   0x0000013f   Thumb Code     0  libinit2.o(.ARM.Collect$$libinit$$0000001B)
    __rt_lib_init_clock_1                    0x0000013f   Thumb Code     0  libinit2.o(.ARM.Collect$$libinit$$00000021)
    __rt_lib_init_cpp_1                      0x0000013f   Thumb Code     0  libinit2.o(.ARM.Collect$$libinit$$00000032)
    __rt_lib_init_exceptions_1               0x0000013f   Thumb Code     0  libinit2.o(.ARM.Collect$$libinit$$00000030)
    __rt_lib_init_fp_1                       0x0000013f   Thumb Code     0  libinit2.o(.ARM.Collect$$libinit$$00000002)
    __rt_lib_init_fp_trap_1                  0x0000013f   Thumb Code     0  libinit2.o(.ARM.Collect$$libinit$$0000001F)
    __rt_lib_init_getenv_1                   0x0000013f   Thumb Code     0  libinit2.o(.ARM.Collect$$libinit$$00000023)
    __rt_lib_init_heap_1                     0x0000013f   Thumb Code     0  libinit2.o(.ARM.Collect$$libinit$$0000000A)
    __rt_lib_init_lc_collate_1               0x0000013f   Thumb Code     0  libinit2.o(.ARM.Collect$$libinit$$00000011)
    __rt_lib_init_lc_ctype_1                 0x0000013f   Thumb Code     0  libinit2.o(.ARM.Collect$$libinit$$00000013)
    __rt_lib_init_lc_monetary_1              0x0000013f   Thumb Code     0  libinit2.o(.ARM.Collect$$libinit$$00000015)
    __rt_lib_init_lc_numeric_1               0x0000013f   Thumb Code     0  libinit2.o(.ARM.Collect$$libinit$$00000017)
    __rt_lib_init_lc_time_1                  0x0000013f   Thumb Code     0  libinit2.o(.ARM.Collect$$libinit$$00000019)
    __rt_lib_init_preinit_1                  0x0000013f   Thumb Code     0  libinit2.o(.ARM.Collect$$libinit$$00000004)
    __rt_lib_init_rand_1                     0x0000013f   Thumb Code     0  libinit2.o(.ARM.Collect$$libinit$$0000000E)
    __rt_lib_init_return                     0x0000013f   Thumb Code     0  libinit2.o(.ARM.Collect$$libinit$$00000033)
    __rt_lib_init_signal_1                   0x0000013f   Thumb Code     0  libinit2.o(.ARM.Collect$$libinit$$0000001D)
    __rt_lib_init_stdio_1                    0x0000013f   Thumb Code     0  libinit2.o(.ARM.Collect$$libinit$$00000025)
    __rt_lib_init_user_alloc_1               0x0000013f   Thumb Code     0  libinit2.o(.ARM.Collect$$libinit$$0000000C)
    __rt_lib_shutdown                        0x00000141   Thumb Code     0  libshutdown.o(.ARM.Collect$$libshutdown$$00000000)
    __rt_lib_shutdown_cpp_1                  0x00000143   Thumb Code     0  libshutdown2.o(.ARM.Collect$$libshutdown$$00000002)
    __rt_lib_shutdown_fp_trap_1              0x00000143   Thumb Code     0  libshutdown2.o(.ARM.Collect$$libshutdown$$00000007)
    __rt_lib_shutdown_heap_1                 0x00000143   Thumb Code     0  libshutdown2.o(.ARM.Collect$$libshutdown$$0000000F)
    __rt_lib_shutdown_return                 0x00000143   Thumb Code     0  libshutdown2.o(.ARM.Collect$$libshutdown$$00000010)
    __rt_lib_shutdown_signal_1               0x00000143   Thumb Code     0  libshutdown2.o(.ARM.Collect$$libshutdown$$0000000A)
    __rt_lib_shutdown_stdio_1                0x00000143   Thumb Code     0  libshutdown2.o(.ARM.Collect$$libshutdown$$00000004)
    __rt_lib_shutdown_user_alloc_1           0x00000143   Thumb Code     0  libshutdown2.o(.ARM.Collect$$libshutdown$$0000000C)
    __rt_entry                               0x00000145   Thumb Code     0  __rtentry.o(.ARM.Collect$$rtentry$$00000000)
    __rt_entry_presh_1                       0x00000145   Thumb Code     0  __rtentry2.o(.ARM.Collect$$rtentry$$00000002)
    __rt_entry_sh                            0x00000145   Thumb Code     0  __rtentry4.o(.ARM.Collect$$rtentry$$00000004)
    __rt_entry_li                            0x0000014b   Thumb Code     0  __rtentry2.o(.ARM.Collect$$rtentry$$0000000A)
    __rt_entry_postsh_1                      0x0000014b   Thumb Code     0  __rtentry2.o(.ARM.Collect$$rtentry$$00000009)
    __rt_entry_main                          0x0000014f   Thumb Code     0  __rtentry2.o(.ARM.Collect$$rtentry$$0000000D)
    __rt_entry_postli_1                      0x0000014f   Thumb Code     0  __rtentry2.o(.ARM.Collect$$rtentry$$0000000C)
    __rt_exit                                0x00000157   Thumb Code     0  rtexit.o(.ARM.Collect$$rtexit$$00000000)
    __rt_exit_ls                             0x00000159   Thumb Code     0  rtexit2.o(.ARM.Collect$$rtexit$$00000003)
    __rt_exit_prels_1                        0x00000159   Thumb Code     0  rtexit2.o(.ARM.Collect$$rtexit$$00000002)
    __rt_exit_exit                           0x0000015d   Thumb Code     0  rtexit2.o(.ARM.Collect$$rtexit$$00000004)
    Reset_Handler                            0x00000165   Thumb Code     8  startup_cs32l010.o(.text)
    __user_initial_stackheap                 0x00000179   Thumb Code    10  startup_cs32l010.o(.text)
    _memset_w                                0x0000019d   Thumb Code    26  rt_memclr.o(.text)
    _memset                                  0x000001b7   Thumb Code    30  rt_memclr.o(.text)
    __aeabi_memclr                           0x000001d5   Thumb Code     4  rt_memclr.o(.text)
    __rt_memclr                              0x000001d5   Thumb Code     0  rt_memclr.o(.text)
    __aeabi_memclr4                          0x000001d9   Thumb Code     0  rt_memclr.o(.text)
    __aeabi_memclr8                          0x000001d9   Thumb Code     0  rt_memclr.o(.text)
    __rt_memclr_w                            0x000001d9   Thumb Code     4  rt_memclr.o(.text)
    __aeabi_uidiv                            0x000001dd   Thumb Code     0  aeabi_sdiv.o(.text)
    __aeabi_uidivmod                         0x000001dd   Thumb Code    20  aeabi_sdiv.o(.text)
    __aeabi_idiv                             0x000001f1   Thumb Code     0  aeabi_sdiv.o(.text)
    __aeabi_idivmod                          0x000001f1   Thumb Code   326  aeabi_sdiv.o(.text)
    __use_two_region_memory                  0x00000337   Thumb Code     2  heapauxi.o(.text)
    __rt_heap_escrow$2region                 0x00000339   Thumb Code     2  heapauxi.o(.text)
    __rt_heap_expand$2region                 0x0000033b   Thumb Code     2  heapauxi.o(.text)
    __user_setup_stackheap                   0x0000033d   Thumb Code    62  sys_stackheap_outer.o(.text)
    exit                                     0x0000037b   Thumb Code    16  exit.o(.text)
    __user_libspace                          0x0000038d   Thumb Code     8  libspace.o(.text)
    __user_perproc_libspace                  0x0000038d   Thumb Code     0  libspace.o(.text)
    __user_perthread_libspace                0x0000038d   Thumb Code     0  libspace.o(.text)
    _sys_exit                                0x00000395   Thumb Code     8  sys_exit.o(.text)
    __I$use$semihosting                      0x000003a1   Thumb Code     0  use_no_semi.o(.text)
    __use_no_semihosting_swi                 0x000003a1   Thumb Code     2  use_no_semi.o(.text)
    ADC_IRQHandler                           0x000003a3   Thumb Code     2  cs32l010_it.o(i.ADC_IRQHandler)
    __semihosting_library_function           0x000003a3   Thumb Code     0  indicate_semi.o(.text)
    AWK_IRQHandler                           0x000003a5   Thumb Code     2  cs32l010_it.o(i.AWK_IRQHandler)
    CCC_I2C_Init                             0x000003a9   Thumb Code    54  ccc_i2c.o(i.CCC_I2C_Init)
    CCC_I2C_Init_COPY_22                     0x000003e5   Thumb Code    54  ccc_i2c_copy_22.o(i.CCC_I2C_Init_COPY_22)
    CCC_I2C_ReadReg                          0x000004e5   Thumb Code    28  ccc_i2c.o(i.CCC_I2C_ReadReg)
    CCC_I2C_ReadReg_COPY_11                  0x00000505   Thumb Code    88  ccc_i2c.o(i.CCC_I2C_ReadReg_COPY_11)
    CCC_I2C_ReadReg_COPY_22                  0x0000055d   Thumb Code    88  ccc_i2c_copy_22.o(i.CCC_I2C_ReadReg_COPY_22)
    CCC_I2C_WriteReg                         0x0000067d   Thumb Code    34  ccc_i2c.o(i.CCC_I2C_WriteReg)
    CCC_I2C_WriteReg_COPY_11                 0x000006a5   Thumb Code    78  ccc_i2c.o(i.CCC_I2C_WriteReg_COPY_11)
    CCC_I2C_WriteReg_COPY_22                 0x000006f3   Thumb Code    78  ccc_i2c_copy_22.o(i.CCC_I2C_WriteReg_COPY_22)
    CLKTRIM_IRQHandler                       0x00000805   Thumb Code     2  cs32l010_it.o(i.CLKTRIM_IRQHandler)
    Check_Curr_After_3S                      0x00000809   Thumb Code   176  sw3516h_user.o(i.Check_Curr_After_3S)
    Error_Handler                            0x000008c9   Thumb Code     2  main.o(i.Error_Handler)
    FLASH_IRQHandler                         0x000008cb   Thumb Code     2  cs32l010_it.o(i.FLASH_IRQHandler)
    GPIOA_IRQHandler                         0x000008cd   Thumb Code     2  cs32l010_it.o(i.GPIOA_IRQHandler)
    GPIOB_IRQHandler                         0x000008cf   Thumb Code     2  cs32l010_it.o(i.GPIOB_IRQHandler)
    GPIOC_IRQHandler                         0x000008d1   Thumb Code     2  cs32l010_it.o(i.GPIOC_IRQHandler)
    GPIOD_IRQHandler                         0x000008d3   Thumb Code     2  cs32l010_it.o(i.GPIOD_IRQHandler)
    HAL_Delay                                0x000008d5   Thumb Code    38  cs32l010_hal.o(i.HAL_Delay)
    HAL_GPIO_Init                            0x00000901   Thumb Code   636  cs32l010_hal_gpio.o(i.HAL_GPIO_Init)
    HAL_GetTick                              0x00000b7d   Thumb Code     6  cs32l010_hal.o(i.HAL_GetTick)
    HAL_IncTick                              0x00000b89   Thumb Code    16  cs32l010_hal.o(i.HAL_IncTick)
    HAL_Init                                 0x00000ba1   Thumb Code    16  cs32l010_hal.o(i.HAL_Init)
    HAL_InitTick                             0x00000bb1   Thumb Code    70  cs32l010_hal.o(i.HAL_InitTick)
    HAL_MspInit                              0x00000c05   Thumb Code     2  cs32l010_hal_msp.o(i.HAL_MspInit)
    HAL_NVIC_SetPriority                     0x00000c07   Thumb Code    16  cs32l010_hal_cortex.o(i.HAL_NVIC_SetPriority)
    HAL_RCC_ClockConfig                      0x00000c19   Thumb Code   446  cs32l010_hal_rcc.o(i.HAL_RCC_ClockConfig)
    HAL_RCC_GetSysClockFreq                  0x00000df1   Thumb Code   150  cs32l010_hal_rcc.o(i.HAL_RCC_GetSysClockFreq)
    HAL_RCC_OscConfig                        0x00000ea5   Thumb Code  1126  cs32l010_hal_rcc.o(i.HAL_RCC_OscConfig)
    HAL_SYSTICK_Config                       0x00001315   Thumb Code    46  cs32l010_hal_cortex.o(i.HAL_SYSTICK_Config)
    HardFault_Handler                        0x0000134d   Thumb Code     4  cs32l010_it.o(i.HardFault_Handler)
    I2C_IRQHandler                           0x00001351   Thumb Code     2  cs32l010_it.o(i.I2C_IRQHandler)
    IWDG_IRQHandler                          0x00001353   Thumb Code     2  cs32l010_it.o(i.IWDG_IRQHandler)
    LPTIM_IRQHandler                         0x00001355   Thumb Code     2  cs32l010_it.o(i.LPTIM_IRQHandler)
    LPUART_IRQHandler                        0x00001357   Thumb Code     2  cs32l010_it.o(i.LPUART_IRQHandler)
    LVD_IRQHandler                           0x00001359   Thumb Code     2  cs32l010_it.o(i.LVD_IRQHandler)
    NMI_Handler                              0x0000135b   Thumb Code     2  cs32l010_it.o(i.NMI_Handler)
    OWIRE_IRQHandler                         0x000013d5   Thumb Code     2  cs32l010_it.o(i.OWIRE_IRQHandler)
    PCA_IRQHandler                           0x000013d7   Thumb Code     2  cs32l010_it.o(i.PCA_IRQHandler)
    PendSV_Handler                           0x000013d9   Thumb Code     2  cs32l010_it.o(i.PendSV_Handler)
    RTC_IRQHandler                           0x00001409   Thumb Code     2  cs32l010_it.o(i.RTC_IRQHandler)
    SPI_IRQHandler                           0x0000140b   Thumb Code     2  cs32l010_it.o(i.SPI_IRQHandler)
    SVC_Handler                              0x0000140d   Thumb Code     2  cs32l010_it.o(i.SVC_Handler)
    SW3516H_Both_CUR_LIM                     0x00001411   Thumb Code   106  sw3516h.o(i.SW3516H_Both_CUR_LIM)
    SW3516H_Check_Port_A_1                   0x00001499   Thumb Code    38  sw3516h.o(i.SW3516H_Check_Port_A_1)
    SW3516H_Check_Port_C_1                   0x000014bf   Thumb Code    38  sw3516h.o(i.SW3516H_Check_Port_C_1)
    SW3516H_Check_Port_C_2                   0x000014e5   Thumb Code    28  sw3516h.o(i.SW3516H_Check_Port_C_2)
    SW3516H_Disconnect_CC                    0x00001501   Thumb Code    94  sw3516h.o(i.SW3516H_Disconnect_CC)
    SW3516H_Enable_I2C_Write                 0x00001561   Thumb Code    90  sw3516h.o(i.SW3516H_Enable_I2C_Write)
    SW3516H_Enable__SCP                      0x000015c5   Thumb Code   106  sw3516h.o(i.SW3516H_Enable__SCP)
    SW3516H_Except_PD_V                      0x00001639   Thumb Code   106  sw3516h.o(i.SW3516H_Except_PD_V)
    SW3516H_Except_PD_W                      0x000016ad   Thumb Code   126  sw3516h.o(i.SW3516H_Except_PD_W)
    SW3516H_OpenPDO_20V                      0x00001735   Thumb Code    80  sw3516h.o(i.SW3516H_OpenPDO_20V)
    SW3516H_Read_AD_Value                    0x0000178d   Thumb Code    26  sw3516h.o(i.SW3516H_Read_AD_Value)
    SW3516H_Read_AD_Value_H                  0x000017a7   Thumb Code    10  sw3516h.o(i.SW3516H_Read_AD_Value_H)
    SW3516H_Set_20V_PDO_Curr                 0x000017b1   Thumb Code    96  sw3516h.o(i.SW3516H_Set_20V_PDO_Curr)
    SW3516H_Set_DMDP                         0x00001819   Thumb Code   106  sw3516h.o(i.SW3516H_Set_DMDP)
    SW3516H_Set_Mode                         0x0000188d   Thumb Code   102  sw3516h.o(i.SW3516H_Set_Mode)
    SW3516H_Set_PPS                          0x000018fd   Thumb Code   312  sw3516h.o(i.SW3516H_Set_PPS)
    SW3516H_set_ADC_Source                   0x00001a3d   Thumb Code    34  sw3516h.o(i.SW3516H_set_ADC_Source)
    SW3516H_set_PortC_Empty_Check            0x00001a61   Thumb Code   106  sw3516h.o(i.SW3516H_set_PortC_Empty_Check)
    SW3516H_src_change                       0x00001ad5   Thumb Code    40  sw3516h.o(i.SW3516H_src_change)
    Slide_Average                            0x00001afd   Thumb Code    42  main.o(i.Slide_Average)
    SysTick_Handler                          0x00001b29   Thumb Code    40  cs32l010_it.o(i.SysTick_Handler)
    SystemClock_Config                       0x00001b55   Thumb Code    80  main.o(i.SystemClock_Config)
    SystemInit                               0x00001ba9   Thumb Code    48  system_cs32l010.o(i.SystemInit)
    TIM10_IRQHandler                         0x00001be9   Thumb Code     2  cs32l010_it.o(i.TIM10_IRQHandler)
    TIM11_IRQHandler                         0x00001beb   Thumb Code     2  cs32l010_it.o(i.TIM11_IRQHandler)
    TIM1_IRQHandler                          0x00001bed   Thumb Code     2  cs32l010_it.o(i.TIM1_IRQHandler)
    TIM2_IRQHandler                          0x00001bef   Thumb Code     2  cs32l010_it.o(i.TIM2_IRQHandler)
    UART0_IRQHandler                         0x00001bf1   Thumb Code     2  cs32l010_it.o(i.UART0_IRQHandler)
    UART1_IRQHandler                         0x00001bf3   Thumb Code     2  cs32l010_it.o(i.UART1_IRQHandler)
    VC_IRQHandler                            0x00001bf5   Thumb Code     2  cs32l010_it.o(i.VC_IRQHandler)
    WWDG_IRQHandler                          0x00001bf7   Thumb Code     2  cs32l010_it.o(i.WWDG_IRQHandler)
    __ARM_common_switch8                     0x00001bf9   Thumb Code    28  cs32l010_hal_adc.o(i.__ARM_common_switch8)
    change_Power                             0x00001c15   Thumb Code  1142  sw3516h_user.o(i.change_Power)
    check_Port                               0x0000209d   Thumb Code   680  sw3516h_user.o(i.check_Port)
    check_Samsung                            0x00002365   Thumb Code   304  sw3516h_user.o(i.check_Samsung)
    cycle_check                              0x000024ad   Thumb Code   136  sw3516h_user.o(i.cycle_check)
    init_sw3516                              0x0000273d   Thumb Code   148  sw3516h_user.o(i.init_sw3516)
    main                                     0x000027d5   Thumb Code   150  main.o(i.main)
    Region$$Table$$Base                      0x00002878   Number         0  anon$$obj.o(Region$$Table)
    Region$$Table$$Limit                     0x00002898   Number         0  anon$$obj.o(Region$$Table)
    SystemCoreClock                          0x20000000   Data           4  system_cs32l010.o(.data)
    uwTick                                   0x20000004   Data           4  cs32l010_hal.o(.data)
    uwTickPrio                               0x20000008   Data           4  cs32l010_hal.o(.data)
    uwTickFreq                               0x2000000c   Data           1  cs32l010_hal.o(.data)
    Switch_Device                            0x2000000d   Data           1  sw3516h.o(.data)
    Port_state                               0x20000010   Data           1  sw3516h_user.o(.data)
    Work_mod                                 0x20000011   Data           1  sw3516h_user.o(.data)
    Check_Curr                               0x20000012   Data           1  sw3516h_user.o(.data)
    SysTick_c                                0x20000038   Data           8  main.o(.data)
    ddfdfd                                   0x20000040   Data           4  main.o(.data)
    SW3516_Setting                           0x20000044   Data          26  sw3516h.o(.bss)
    __libspace_start                         0x20000060   Data          96  libspace.o(.bss)
    __temporary_stack_top$libspace           0x200000c0   Data           0  libspace.o(.bss)



==============================================================================

Memory Map of the image

  Image Entry point : 0x000000c1

  Load Region LR_IROM1 (Base: 0x00000000, Size: 0x000028dc, Max: 0x00008000, ABSOLUTE)

    Execution Region ER_IROM1 (Exec base: 0x00000000, Load base: 0x00000000, Size: 0x00002898, Max: 0x00008000, ABSOLUTE)

    Exec Addr    Load Addr    Size         Type   Attr      Idx    E Section Name        Object

    0x00000000   0x00000000   0x000000c0   Data   RO           66    RESET               startup_cs32l010.o
    0x000000c0   0x000000c0   0x00000008   Code   RO         2849  * !!!main             c_p.l(__main.o)
    0x000000c8   0x000000c8   0x0000003c   Code   RO         3018    !!!scatter          c_p.l(__scatter.o)
    0x00000104   0x00000104   0x0000001a   Code   RO         3020    !!handler_copy      c_p.l(__scatter_copy.o)
    0x0000011e   0x0000011e   0x00000002   PAD
    0x00000120   0x00000120   0x0000001c   Code   RO         3022    !!handler_zi        c_p.l(__scatter_zi.o)
    0x0000013c   0x0000013c   0x00000002   Code   RO         2887    .ARM.Collect$$libinit$$00000000  c_p.l(libinit.o)
    0x0000013e   0x0000013e   0x00000000   Code   RO         2901    .ARM.Collect$$libinit$$00000002  c_p.l(libinit2.o)
    0x0000013e   0x0000013e   0x00000000   Code   RO         2903    .ARM.Collect$$libinit$$00000004  c_p.l(libinit2.o)
    0x0000013e   0x0000013e   0x00000000   Code   RO         2906    .ARM.Collect$$libinit$$0000000A  c_p.l(libinit2.o)
    0x0000013e   0x0000013e   0x00000000   Code   RO         2908    .ARM.Collect$$libinit$$0000000C  c_p.l(libinit2.o)
    0x0000013e   0x0000013e   0x00000000   Code   RO         2910    .ARM.Collect$$libinit$$0000000E  c_p.l(libinit2.o)
    0x0000013e   0x0000013e   0x00000000   Code   RO         2913    .ARM.Collect$$libinit$$00000011  c_p.l(libinit2.o)
    0x0000013e   0x0000013e   0x00000000   Code   RO         2915    .ARM.Collect$$libinit$$00000013  c_p.l(libinit2.o)
    0x0000013e   0x0000013e   0x00000000   Code   RO         2917    .ARM.Collect$$libinit$$00000015  c_p.l(libinit2.o)
    0x0000013e   0x0000013e   0x00000000   Code   RO         2919    .ARM.Collect$$libinit$$00000017  c_p.l(libinit2.o)
    0x0000013e   0x0000013e   0x00000000   Code   RO         2921    .ARM.Collect$$libinit$$00000019  c_p.l(libinit2.o)
    0x0000013e   0x0000013e   0x00000000   Code   RO         2923    .ARM.Collect$$libinit$$0000001B  c_p.l(libinit2.o)
    0x0000013e   0x0000013e   0x00000000   Code   RO         2925    .ARM.Collect$$libinit$$0000001D  c_p.l(libinit2.o)
    0x0000013e   0x0000013e   0x00000000   Code   RO         2927    .ARM.Collect$$libinit$$0000001F  c_p.l(libinit2.o)
    0x0000013e   0x0000013e   0x00000000   Code   RO         2929    .ARM.Collect$$libinit$$00000021  c_p.l(libinit2.o)
    0x0000013e   0x0000013e   0x00000000   Code   RO         2931    .ARM.Collect$$libinit$$00000023  c_p.l(libinit2.o)
    0x0000013e   0x0000013e   0x00000000   Code   RO         2933    .ARM.Collect$$libinit$$00000025  c_p.l(libinit2.o)
    0x0000013e   0x0000013e   0x00000000   Code   RO         2937    .ARM.Collect$$libinit$$0000002C  c_p.l(libinit2.o)
    0x0000013e   0x0000013e   0x00000000   Code   RO         2939    .ARM.Collect$$libinit$$0000002E  c_p.l(libinit2.o)
    0x0000013e   0x0000013e   0x00000000   Code   RO         2941    .ARM.Collect$$libinit$$00000030  c_p.l(libinit2.o)
    0x0000013e   0x0000013e   0x00000000   Code   RO         2943    .ARM.Collect$$libinit$$00000032  c_p.l(libinit2.o)
    0x0000013e   0x0000013e   0x00000002   Code   RO         2944    .ARM.Collect$$libinit$$00000033  c_p.l(libinit2.o)
    0x00000140   0x00000140   0x00000002   Code   RO         2975    .ARM.Collect$$libshutdown$$00000000  c_p.l(libshutdown.o)
    0x00000142   0x00000142   0x00000000   Code   RO         3001    .ARM.Collect$$libshutdown$$00000002  c_p.l(libshutdown2.o)
    0x00000142   0x00000142   0x00000000   Code   RO         3003    .ARM.Collect$$libshutdown$$00000004  c_p.l(libshutdown2.o)
    0x00000142   0x00000142   0x00000000   Code   RO         3006    .ARM.Collect$$libshutdown$$00000007  c_p.l(libshutdown2.o)
    0x00000142   0x00000142   0x00000000   Code   RO         3009    .ARM.Collect$$libshutdown$$0000000A  c_p.l(libshutdown2.o)
    0x00000142   0x00000142   0x00000000   Code   RO         3011    .ARM.Collect$$libshutdown$$0000000C  c_p.l(libshutdown2.o)
    0x00000142   0x00000142   0x00000000   Code   RO         3014    .ARM.Collect$$libshutdown$$0000000F  c_p.l(libshutdown2.o)
    0x00000142   0x00000142   0x00000002   Code   RO         3015    .ARM.Collect$$libshutdown$$00000010  c_p.l(libshutdown2.o)
    0x00000144   0x00000144   0x00000000   Code   RO         2851    .ARM.Collect$$rtentry$$00000000  c_p.l(__rtentry.o)
    0x00000144   0x00000144   0x00000000   Code   RO         2857    .ARM.Collect$$rtentry$$00000002  c_p.l(__rtentry2.o)
    0x00000144   0x00000144   0x00000006   Code   RO         2869    .ARM.Collect$$rtentry$$00000004  c_p.l(__rtentry4.o)
    0x0000014a   0x0000014a   0x00000000   Code   RO         2859    .ARM.Collect$$rtentry$$00000009  c_p.l(__rtentry2.o)
    0x0000014a   0x0000014a   0x00000004   Code   RO         2860    .ARM.Collect$$rtentry$$0000000A  c_p.l(__rtentry2.o)
    0x0000014e   0x0000014e   0x00000000   Code   RO         2862    .ARM.Collect$$rtentry$$0000000C  c_p.l(__rtentry2.o)
    0x0000014e   0x0000014e   0x00000008   Code   RO         2863    .ARM.Collect$$rtentry$$0000000D  c_p.l(__rtentry2.o)
    0x00000156   0x00000156   0x00000002   Code   RO         2892    .ARM.Collect$$rtexit$$00000000  c_p.l(rtexit.o)
    0x00000158   0x00000158   0x00000000   Code   RO         2948    .ARM.Collect$$rtexit$$00000002  c_p.l(rtexit2.o)
    0x00000158   0x00000158   0x00000004   Code   RO         2949    .ARM.Collect$$rtexit$$00000003  c_p.l(rtexit2.o)
    0x0000015c   0x0000015c   0x00000006   Code   RO         2950    .ARM.Collect$$rtexit$$00000004  c_p.l(rtexit2.o)
    0x00000162   0x00000162   0x00000002   PAD
    0x00000164   0x00000164   0x00000038   Code   RO           67    .text               startup_cs32l010.o
    0x0000019c   0x0000019c   0x00000040   Code   RO         2841    .text               c_p.l(rt_memclr.o)
    0x000001dc   0x000001dc   0x0000015a   Code   RO         2843    .text               c_p.l(aeabi_sdiv.o)
    0x00000336   0x00000336   0x00000006   Code   RO         2847    .text               c_p.l(heapauxi.o)
    0x0000033c   0x0000033c   0x0000003e   Code   RO         2873    .text               c_p.l(sys_stackheap_outer.o)
    0x0000037a   0x0000037a   0x00000010   Code   RO         2876    .text               c_p.l(exit.o)
    0x0000038a   0x0000038a   0x00000002   PAD
    0x0000038c   0x0000038c   0x00000008   Code   RO         2888    .text               c_p.l(libspace.o)
    0x00000394   0x00000394   0x0000000c   Code   RO         2945    .text               c_p.l(sys_exit.o)
    0x000003a0   0x000003a0   0x00000002   Code   RO         2964    .text               c_p.l(use_no_semi.o)
    0x000003a2   0x000003a2   0x00000000   Code   RO         2966    .text               c_p.l(indicate_semi.o)
    0x000003a2   0x000003a2   0x00000002   Code   RO         2615    i.ADC_IRQHandler    cs32l010_it.o
    0x000003a4   0x000003a4   0x00000002   Code   RO         2616    i.AWK_IRQHandler    cs32l010_it.o
    0x000003a6   0x000003a6   0x00000002   PAD
    0x000003a8   0x000003a8   0x0000003c   Code   RO         2153    i.CCC_I2C_Init      ccc_i2c.o
    0x000003e4   0x000003e4   0x0000003c   Code   RO         2252    i.CCC_I2C_Init_COPY_22  ccc_i2c_copy_22.o
    0x00000420   0x00000420   0x00000068   Code   RO         2154    i.CCC_I2C_ReadByte  ccc_i2c.o
    0x00000488   0x00000488   0x0000005c   Code   RO         2253    i.CCC_I2C_ReadByte  ccc_i2c_copy_22.o
    0x000004e4   0x000004e4   0x00000020   Code   RO         2155    i.CCC_I2C_ReadReg   ccc_i2c.o
    0x00000504   0x00000504   0x00000058   Code   RO         2156    i.CCC_I2C_ReadReg_COPY_11  ccc_i2c.o
    0x0000055c   0x0000055c   0x00000058   Code   RO         2254    i.CCC_I2C_ReadReg_COPY_22  ccc_i2c_copy_22.o
    0x000005b4   0x000005b4   0x00000014   Code   RO         2157    i.CCC_I2C_Start     ccc_i2c.o
    0x000005c8   0x000005c8   0x00000014   Code   RO         2255    i.CCC_I2C_Start     ccc_i2c_copy_22.o
    0x000005dc   0x000005dc   0x00000018   Code   RO         2158    i.CCC_I2C_Stop      ccc_i2c.o
    0x000005f4   0x000005f4   0x00000018   Code   RO         2256    i.CCC_I2C_Stop      ccc_i2c_copy_22.o
    0x0000060c   0x0000060c   0x00000038   Code   RO         2159    i.CCC_I2C_WriteByte  ccc_i2c.o
    0x00000644   0x00000644   0x00000038   Code   RO         2257    i.CCC_I2C_WriteByte  ccc_i2c_copy_22.o
    0x0000067c   0x0000067c   0x00000028   Code   RO         2160    i.CCC_I2C_WriteReg  ccc_i2c.o
    0x000006a4   0x000006a4   0x0000004e   Code   RO         2161    i.CCC_I2C_WriteReg_COPY_11  ccc_i2c.o
    0x000006f2   0x000006f2   0x0000004e   Code   RO         2258    i.CCC_I2C_WriteReg_COPY_22  ccc_i2c_copy_22.o
    0x00000740   0x00000740   0x00000068   Code   RO         2162    i.CCC_IIC_WaitAck   ccc_i2c.o
    0x000007a8   0x000007a8   0x0000005c   Code   RO         2259    i.CCC_IIC_WaitAck   ccc_i2c_copy_22.o
    0x00000804   0x00000804   0x00000002   Code   RO         2617    i.CLKTRIM_IRQHandler  cs32l010_it.o
    0x00000806   0x00000806   0x00000002   PAD
    0x00000808   0x00000808   0x000000c0   Code   RO         2477    i.Check_Curr_After_3S  sw3516h_user.o
    0x000008c8   0x000008c8   0x00000002   Code   RO         2548    i.Error_Handler     main.o
    0x000008ca   0x000008ca   0x00000002   Code   RO         2618    i.FLASH_IRQHandler  cs32l010_it.o
    0x000008cc   0x000008cc   0x00000002   Code   RO         2619    i.GPIOA_IRQHandler  cs32l010_it.o
    0x000008ce   0x000008ce   0x00000002   Code   RO         2620    i.GPIOB_IRQHandler  cs32l010_it.o
    0x000008d0   0x000008d0   0x00000002   Code   RO         2621    i.GPIOC_IRQHandler  cs32l010_it.o
    0x000008d2   0x000008d2   0x00000002   Code   RO         2622    i.GPIOD_IRQHandler  cs32l010_it.o
    0x000008d4   0x000008d4   0x0000002c   Code   RO           76    i.HAL_Delay         cs32l010_hal.o
    0x00000900   0x00000900   0x0000027c   Code   RO          892    i.HAL_GPIO_Init     cs32l010_hal_gpio.o
    0x00000b7c   0x00000b7c   0x0000000c   Code   RO           80    i.HAL_GetTick       cs32l010_hal.o
    0x00000b88   0x00000b88   0x00000018   Code   RO           84    i.HAL_IncTick       cs32l010_hal.o
    0x00000ba0   0x00000ba0   0x00000010   Code   RO           85    i.HAL_Init          cs32l010_hal.o
    0x00000bb0   0x00000bb0   0x00000054   Code   RO           86    i.HAL_InitTick      cs32l010_hal.o
    0x00000c04   0x00000c04   0x00000002   Code   RO         2817    i.HAL_MspInit       cs32l010_hal_msp.o
    0x00000c06   0x00000c06   0x00000010   Code   RO          731    i.HAL_NVIC_SetPriority  cs32l010_hal_cortex.o
    0x00000c16   0x00000c16   0x00000002   PAD
    0x00000c18   0x00000c18   0x000001d8   Code   RO         1323    i.HAL_RCC_ClockConfig  cs32l010_hal_rcc.o
    0x00000df0   0x00000df0   0x000000b4   Code   RO         1329    i.HAL_RCC_GetSysClockFreq  cs32l010_hal_rcc.o
    0x00000ea4   0x00000ea4   0x00000470   Code   RO         1331    i.HAL_RCC_OscConfig  cs32l010_hal_rcc.o
    0x00001314   0x00001314   0x00000038   Code   RO          735    i.HAL_SYSTICK_Config  cs32l010_hal_cortex.o
    0x0000134c   0x0000134c   0x00000004   Code   RO         2623    i.HardFault_Handler  cs32l010_it.o
    0x00001350   0x00001350   0x00000002   Code   RO         2624    i.I2C_IRQHandler    cs32l010_it.o
    0x00001352   0x00001352   0x00000002   Code   RO         2625    i.IWDG_IRQHandler   cs32l010_it.o
    0x00001354   0x00001354   0x00000002   Code   RO         2626    i.LPTIM_IRQHandler  cs32l010_it.o
    0x00001356   0x00001356   0x00000002   Code   RO         2627    i.LPUART_IRQHandler  cs32l010_it.o
    0x00001358   0x00001358   0x00000002   Code   RO         2628    i.LVD_IRQHandler    cs32l010_it.o
    0x0000135a   0x0000135a   0x00000002   Code   RO         2629    i.NMI_Handler       cs32l010_it.o
    0x0000135c   0x0000135c   0x00000078   Code   RO          737    i.NVIC_SetPriority  cs32l010_hal_cortex.o
    0x000013d4   0x000013d4   0x00000002   Code   RO         2630    i.OWIRE_IRQHandler  cs32l010_it.o
    0x000013d6   0x000013d6   0x00000002   Code   RO         2631    i.PCA_IRQHandler    cs32l010_it.o
    0x000013d8   0x000013d8   0x00000002   Code   RO         2632    i.PendSV_Handler    cs32l010_it.o
    0x000013da   0x000013da   0x00000002   PAD
    0x000013dc   0x000013dc   0x0000002c   Code   RO         1332    i.RCC_Delay         cs32l010_hal_rcc.o
    0x00001408   0x00001408   0x00000002   Code   RO         2633    i.RTC_IRQHandler    cs32l010_it.o
    0x0000140a   0x0000140a   0x00000002   Code   RO         2634    i.SPI_IRQHandler    cs32l010_it.o
    0x0000140c   0x0000140c   0x00000002   Code   RO         2635    i.SVC_Handler       cs32l010_it.o
    0x0000140e   0x0000140e   0x00000002   PAD
    0x00001410   0x00001410   0x00000074   Code   RO         2313    i.SW3516H_Both_CUR_LIM  sw3516h.o
    0x00001484   0x00001484   0x00000014   Code   RO         2478    i.SW3516H_Change_PDO  sw3516h_user.o
    0x00001498   0x00001498   0x00000026   Code   RO         2315    i.SW3516H_Check_Port_A_1  sw3516h.o
    0x000014be   0x000014be   0x00000026   Code   RO         2316    i.SW3516H_Check_Port_C_1  sw3516h.o
    0x000014e4   0x000014e4   0x0000001c   Code   RO         2317    i.SW3516H_Check_Port_C_2  sw3516h.o
    0x00001500   0x00001500   0x0000005e   Code   RO         2319    i.SW3516H_Disconnect_CC  sw3516h.o
    0x0000155e   0x0000155e   0x00000002   PAD
    0x00001560   0x00001560   0x00000064   Code   RO         2320    i.SW3516H_Enable_I2C_Write  sw3516h.o
    0x000015c4   0x000015c4   0x00000074   Code   RO         2321    i.SW3516H_Enable__SCP  sw3516h.o
    0x00001638   0x00001638   0x00000074   Code   RO         2322    i.SW3516H_Except_PD_V  sw3516h.o
    0x000016ac   0x000016ac   0x00000088   Code   RO         2323    i.SW3516H_Except_PD_W  sw3516h.o
    0x00001734   0x00001734   0x00000058   Code   RO         2325    i.SW3516H_OpenPDO_20V  sw3516h.o
    0x0000178c   0x0000178c   0x0000001a   Code   RO         2326    i.SW3516H_Read_AD_Value  sw3516h.o
    0x000017a6   0x000017a6   0x0000000a   Code   RO         2327    i.SW3516H_Read_AD_Value_H  sw3516h.o
    0x000017b0   0x000017b0   0x00000068   Code   RO         2329    i.SW3516H_Set_20V_PDO_Curr  sw3516h.o
    0x00001818   0x00001818   0x00000074   Code   RO         2330    i.SW3516H_Set_DMDP  sw3516h.o
    0x0000188c   0x0000188c   0x00000070   Code   RO         2331    i.SW3516H_Set_Mode  sw3516h.o
    0x000018fc   0x000018fc   0x00000140   Code   RO         2332    i.SW3516H_Set_PPS   sw3516h.o
    0x00001a3c   0x00001a3c   0x00000022   Code   RO         2333    i.SW3516H_set_ADC_Source  sw3516h.o
    0x00001a5e   0x00001a5e   0x00000002   PAD
    0x00001a60   0x00001a60   0x00000074   Code   RO         2334    i.SW3516H_set_PortC_Empty_Check  sw3516h.o
    0x00001ad4   0x00001ad4   0x00000028   Code   RO         2335    i.SW3516H_src_change  sw3516h.o
    0x00001afc   0x00001afc   0x0000002a   Code   RO         2550    i.Slide_Average     main.o
    0x00001b26   0x00001b26   0x00000002   PAD
    0x00001b28   0x00001b28   0x0000002c   Code   RO         2636    i.SysTick_Handler   cs32l010_it.o
    0x00001b54   0x00001b54   0x00000054   Code   RO         2551    i.SystemClock_Config  main.o
    0x00001ba8   0x00001ba8   0x00000040   Code   RO            4    i.SystemInit        system_cs32l010.o
    0x00001be8   0x00001be8   0x00000002   Code   RO         2637    i.TIM10_IRQHandler  cs32l010_it.o
    0x00001bea   0x00001bea   0x00000002   Code   RO         2638    i.TIM11_IRQHandler  cs32l010_it.o
    0x00001bec   0x00001bec   0x00000002   Code   RO         2639    i.TIM1_IRQHandler   cs32l010_it.o
    0x00001bee   0x00001bee   0x00000002   Code   RO         2640    i.TIM2_IRQHandler   cs32l010_it.o
    0x00001bf0   0x00001bf0   0x00000002   Code   RO         2641    i.UART0_IRQHandler  cs32l010_it.o
    0x00001bf2   0x00001bf2   0x00000002   Code   RO         2642    i.UART1_IRQHandler  cs32l010_it.o
    0x00001bf4   0x00001bf4   0x00000002   Code   RO         2643    i.VC_IRQHandler     cs32l010_it.o
    0x00001bf6   0x00001bf6   0x00000002   Code   RO         2644    i.WWDG_IRQHandler   cs32l010_it.o
    0x00001bf8   0x00001bf8   0x0000001c   Code   RO          491    i.__ARM_common_switch8  cs32l010_hal_adc.o
    0x00001c14   0x00001c14   0x00000488   Code   RO         2479    i.change_Power      sw3516h_user.o
    0x0000209c   0x0000209c   0x000002c8   Code   RO         2480    i.check_Port        sw3516h_user.o
    0x00002364   0x00002364   0x00000148   Code   RO         2481    i.check_Samsung     sw3516h_user.o
    0x000024ac   0x000024ac   0x0000008c   Code   RO         2482    i.cycle_check       sw3516h_user.o
    0x00002538   0x00002538   0x00000204   Code   RO         2483    i.init_setting_reg  sw3516h_user.o
    0x0000273c   0x0000273c   0x00000098   Code   RO         2484    i.init_sw3516       sw3516h_user.o
    0x000027d4   0x000027d4   0x000000a4   Code   RO         2552    i.main              main.o
    0x00002878   0x00002878   0x00000020   Data   RO         3016    Region$$Table       anon$$obj.o


    Execution Region RW_IRAM1 (Exec base: 0x20000000, Load base: 0x00002898, Size: 0x000004c0, Max: 0x00001000, ABSOLUTE)

    Exec Addr    Load Addr    Size         Type   Attr      Idx    E Section Name        Object

    0x20000000   0x00002898   0x00000004   Data   RW            5    .data               system_cs32l010.o
    0x20000004   0x0000289c   0x00000009   Data   RW           92    .data               cs32l010_hal.o
    0x2000000d   0x000028a5   0x00000001   Data   RW         2337    .data               sw3516h.o
    0x2000000e   0x000028a6   0x00000002   PAD
    0x20000010   0x000028a8   0x00000028   Data   RW         2485    .data               sw3516h_user.o
    0x20000038   0x000028d0   0x0000000c   Data   RW         2553    .data               main.o
    0x20000044        -       0x0000001a   Zero   RW         2336    .bss                sw3516h.o
    0x2000005e   0x000028dc   0x00000002   PAD
    0x20000060        -       0x00000060   Zero   RW         2889    .bss                c_p.l(libspace.o)
    0x200000c0        -       0x00000200   Zero   RW           65    HEAP                startup_cs32l010.o
    0x200002c0        -       0x00000200   Zero   RW           64    STACK               startup_cs32l010.o


==============================================================================

Image component sizes


      Code (inc. data)   RO Data    RW Data    ZI Data      Debug   Object Name

       606         40          0          0          0      11601   ccc_i2c.o
       510         30          0          0          0       4136   ccc_i2c_copy_22.o
       180         34          0          9          0      13181   cs32l010_hal.o
        28          0          0          0          0         76   cs32l010_hal_adc.o
       192         20          0          0          0       8372   cs32l010_hal_cortex.o
       636          0          0          0          0       1516   cs32l010_hal_gpio.o
         2          0          0          0          0        410   cs32l010_hal_msp.o
      1832         96          0          0          0       4060   cs32l010_hal_rcc.o
       104          4          0          0          0      12380   cs32l010_it.o
       292         18          0         12          0       3639   main.o
        56         26        192          0       1024        724   startup_cs32l010.o
      1748        104          0          1         26      12044   sw3516h.o
      3220        124          0         40          0       7742   sw3516h_user.o
        64         16          0          4          0     124919   system_cs32l010.o

    ----------------------------------------------------------------------
      9486        512        224         68       1052     204800   Object Totals
         0          0         32          0          0          0   (incl. Generated)
        16          0          0          2          2          0   (incl. Padding)

    ----------------------------------------------------------------------

      Code (inc. data)   RO Data    RW Data    ZI Data      Debug   Library Member Name

         8          0          0          0          0         68   __main.o
         0          0          0          0          0          0   __rtentry.o
        12          0          0          0          0          0   __rtentry2.o
         6          0          0          0          0          0   __rtentry4.o
        60          8          0          0          0          0   __scatter.o
        26          0          0          0          0          0   __scatter_copy.o
        28          0          0          0          0          0   __scatter_zi.o
       346          0          0          0          0         92   aeabi_sdiv.o
        16          0          0          0          0         68   exit.o
         6          0          0          0          0        136   heapauxi.o
         0          0          0          0          0          0   indicate_semi.o
         2          0          0          0          0          0   libinit.o
         2          0          0          0          0          0   libinit2.o
         2          0          0          0          0          0   libshutdown.o
         2          0          0          0          0          0   libshutdown2.o
         8          4          0          0         96         68   libspace.o
        64          0          0          0          0        108   rt_memclr.o
         2          0          0          0          0          0   rtexit.o
        10          0          0          0          0          0   rtexit2.o
        12          4          0          0          0         60   sys_exit.o
        62          0          0          0          0         80   sys_stackheap_outer.o
         2          0          0          0          0         68   use_no_semi.o

    ----------------------------------------------------------------------
       682         16          0          0         96        748   Library Totals
         6          0          0          0          0          0   (incl. Padding)

    ----------------------------------------------------------------------

      Code (inc. data)   RO Data    RW Data    ZI Data      Debug   Library Name

       676         16          0          0         96        748   c_p.l

    ----------------------------------------------------------------------
       682         16          0          0         96        748   Library Totals

    ----------------------------------------------------------------------

==============================================================================


      Code (inc. data)   RO Data    RW Data    ZI Data      Debug   

     10168        528        224         68       1148     201268   Grand Totals
     10168        528        224         68       1148     201268   ELF Image Totals
     10168        528        224         68          0          0   ROM Totals

==============================================================================

    Total RO  Size (Code + RO Data)                10392 (  10.15kB)
    Total RW  Size (RW Data + ZI Data)              1216 (   1.19kB)
    Total ROM Size (Code + RO Data + RW Data)      10460 (  10.21kB)

==============================================================================

