<html>
<body>
<pre>
<h1>µVision Build Log</h1>
<h2>Tool Versions:</h2>
IDE-Version: ¦ÌVision V5.29.0.0
Copyright (C) 2019 ARM Ltd and ARM Germany GmbH. All rights reserved.
License Information: jamie chen, ecs, LIC=SDA0P-M3TUX-74US0-B6FZI-C3LT0-59MN1
 
Tool Versions:
Toolchain:       MDK-ARM Plus  Version: 5.29.0.0
Toolchain Path:  C:\Keil_v5\ARM\ARMCC\Bin
C Compiler:      Armcc.exe V5.06 update 6 (build 750)
Assembler:       Armasm.exe V5.06 update 6 (build 750)
Linker/Locator:  ArmLink.exe V5.06 update 6 (build 750)
Library Manager: ArmAr.exe V5.06 update 6 (build 750)
Hex Converter:   FromElf.exe V5.06 update 6 (build 750)
CPU DLL:         SARMCM3.DLL V5.29.0.0
Dialog DLL:      DARMCM1.DLL V1.19.2.0
Target DLL:      Segger\JL2CM3.dll V2.99.36.0
Dialog DLL:      TARMCM1.DLL V1.14.1.0
 
<h2>Project:</h2>
E:\Projects\Ñî´¨\ÁªÑ¶·¢\3_821008\821008__Source_Code\KEIL_MDK\821008.uvprojx
Project File Date:  08/25/2022

<h2>Output:</h2>
*** Using Compiler 'V5.06 update 6 (build 750)', folder: 'C:\Keil_v5\ARM\ARMCC\Bin'
Rebuild target 'Target 1'
assembling startup_cs32l010.s...
compiling system_cs32l010.c...
compiling cs32l010_hal_crc.c...
compiling cs32l010_hal_clktrim.c...
compiling cs32l010_hal_awk.c...
compiling cs32l010_hal_basetim.c...
compiling cs32l010_hal_cortex.c...
compiling cs32l010_hal_gpio.c...
compiling cs32l010_hal.c...
compiling cs32l010_hal_i2c.c...
compiling cs32l010_hal_adc.c...
compiling cs32l010_hal_owire.c...
compiling cs32l010_hal_pwr.c...
compiling CCC_i2c.c...
compiling cs32l010_hal_rcc.c...
compiling CCC_i2c_COPY_22.c...
compiling main.c...
compiling cs32l010_it.c...
compiling cs32l010_hal_msp.c...
compiling cs32l010_hal_uart.c...
compiling SW3516H.C...
compiling SW3516H_User.C...
compiling cs32l010_hal_tim.c...
linking...
Program Size: Code=10168 RO-data=224 RW-data=68 ZI-data=1148  
FromELF: creating hex file...
".\Objects\821008.axf" - 0 Error(s), 0 Warning(s).

<h2>Software Packages used:</h2>

Package Vendor: CHIPSEA
                
                CHIPSEA.CS32L010_DFP.1.0.0
                Chipsea Technologies(ShenZhen) CS32L0 Series Device Support, Drivers and Examples

<h2>Collection of Component include folders:</h2>
  .\RTE\_Target_1
  C:\Users\Administrator\AppData\Local\Arm\Packs\CHIPSEA\CS32L010_DFP\1.0.0\Device\Include

<h2>Collection of Component Files used:</h2>
Build Time Elapsed:  00:00:01
</pre>
</body>
</html>
